✖ uses a TEMP inventory for actual summary discovery and drops it before scan completion (13.814291ms)
ℹ tests 1
ℹ suites 0
ℹ pass 0
ℹ fail 1
ℹ cancelled 0
ℹ skipped 0
ℹ todo 0
ℹ duration_ms 358.097167

✖ failing tests:

test at src/main/scanner/scannerFileInventory.test.ts:2:4069
✖ uses a TEMP inventory for actual summary discovery and drops it before scan completion (13.814291ms)
  AssertionError [ERR_ASSERTION]: Expected values to be strictly equal:
  
  false !== true
  
      at TestContext.<anonymous> (/Users/nut/Project/JavdexLabs/Javdex/src/main/scanner/scannerFileInventory.test.ts:63:10)
      at async Test.run (node:internal/test_runner/test:1332:7)
      at async startSubtestAfterBootstrap (node:internal/test_runner/harness:385:3) {
    generatedMessage: true,
    code: 'ERR_ASSERTION',
    actual: false,
    expected: true,
    operator: 'strictEqual',
    diff: 'simple'
  }
