▶ ActressIdentityConflictWorkflow
  ✔ inspects live ownership even when the name is not yet in a review group (10.651166ms)
  ✔ summarizes the same aggregated name groups returned by the review list (7.070166ms)
  ✔ keeps summary counts exact for mixed, multi-result, and multi-conflict groups (19.338375ms)
  ✔ lists pending name ownership without inventing a pending scrape (6.708167ms)
  ✔ rejects an unsupported pending name type instead of silently reclassifying it (6.36875ms)
  ✔ rejects a pending-name-ownership decision when the shown claim row changed (6.981042ms)
  ✔ assigns pending name ownership without creating or applying scrape data (7.617167ms)
  ✔ edits one pending name claim and resolves both resulting unique owners (6.969916ms)
  ✔ moves an edited pending name claim into another normalized-name group (7.367583ms)
  ✔ merges actresses directly from pending name ownership (8.158333ms)
  ✔ removes an illegal pending name without persisting a blacklist (7.316042ms)
  ✔ reassigns the only pending scrape to the explicit keeper after a merge (8.780417ms)
  ✔ keeps a usable keeper avatar while clearing its missing source and crop state (9.712334ms)
  ✔ uses the explicitly selected pending actress as keeper and the other current main name (8.824375ms)
  ✔ rejects merging when both actresses own pending scrape snapshots (8.425167ms)
  ✔ does not treat another conflict between the same actress pair as a merge blocker (6.913875ms)
  ✔ rejects the whole workbench merge when a resulting name belongs to a third actress (8.336667ms)
  ✔ rejects the whole merge when the pending scrape also conflicts with a third actress (8.110917ms)
  ✔ rejects merging a persisted name claimed by a third actress pending scrape (8.651625ms)
  ✔ returns stale without merging when either actress changed after confirmation was shown (7.500458ms)
  ✔ rolls back the actress merge when pending reassociation fails (9.069292ms)
  ✔ edits only the selected conflicting name and applies the unlocked scrape atomically (8.835833ms)
  ✔ moves only the edited item when its new name conflicts in another dynamic group (9.665792ms)
  ✔ moves an edited name into a group claimed by another naturally unlocked pending result (9.4155ms)
  ✔ transfers complete ownership to the pending actress only with a replacement main name (8.749041ms)
  ✔ previews and applies an assigned conflicting alias in a fill-empty alias collection (8.528125ms)
  ✔ keeps earlier ownership decisions in the final fill-empty alias preview and apply (9.891875ms)
  ✔ validates and removes every legacy claimant when assigning to the pending actress (9.717583ms)
  ✔ assigns a whole conflict group to an existing actress while applying profiles to original targets (9.367ms)
  ✔ keeps confirmed ownership when the chosen existing actress is also a replace candidate (8.304125ms)
  ✔ removes an illegal normalized name from the whole group and applies unlocked profiles (9.507292ms)
  ✔ requires a valid replacement for every main-name claimant before illegal-name removal (12.422833ms)
  ✔ validates illegal-name replacement main names against the live conflict snapshot (7.688084ms)
  ✔ does not reconcile newly active conflicts while rejecting a stale illegal-name decision (7.582958ms)
  ✔ removes only the current illegal group and does not remember a blacklist rule (10.722333ms)
  ✔ applies a result when its other recorded conflict has already become inactive (8.90525ms)
  ✔ rolls back illegal-name handling when name deletion fails (9.04675ms)
  ✔ rolls back illegal-name handling when main replacement fails (8.997042ms)
  ✔ rolls back illegal-name handling when profile application fails (8.887292ms)
  ✔ rolls back illegal-name handling when pending cleanup fails (8.352917ms)
  ✔ keeps the whole illegal-name group pending when any resource preparation fails (11.85425ms)
  ✔ requires a replacement when assigning a current main name to a third existing actress (8.965792ms)
  ✔ finishes name-only results and preserves the original fill-empty update mode (9.003917ms)
  ✔ promotes staged resources when a name edit unlocks a pending scrape (10.907041ms)
  ✔ keeps a naturally unlocked result pending until the user explicitly applies it (8.358875ms)
  ✔ returns a stale outcome without writes when an involved actress changed (7.515875ms)
  ✔ rolls back every profile and promoted resource when a group apply fails (11.258667ms)
  ✔ freezes the complete scrape when one selected name belongs to another actress (7.411209ms)
  ✔ applies a complete result when equivalent names only belong to the target actress (6.399875ms)
  ✔ atomically replaces one actress current snapshot and removes its old staged resources (8.514041ms)
  ✔ rolls back a conflict-free apply when removing the previous snapshot fails (6.959333ms)
  ✔ does not delete an existing same-url gallery file when a later apply rolls back (7.898291ms)
  ✔ discards only the selected wrong match, records cumulative failure, and cleans staging (10.360791ms)
  ✔ startup cleanup removes only old unreferenced staging directories (8.35075ms)
  ✔ deleting a target actress also removes its staged pending resources (7.730208ms)
  ✔ removes prepared formal resources when profile application rolls back (7.722125ms)
✔ ActressIdentityConflictWorkflow (494.208ms)
✔ reuses maintenance only until local writes, schema changes or external commits (7.571ms)
✔ does not publish rolled-back maintenance or skip checks inside a caller transaction (6.414084ms)
✔ retries failed maintenance and invalidates after reopening the same catalog (8.685667ms)
✔ does not publish a maintenance stamp if an external commit occurs during the check (6.573292ms)
✔ rechecks earlier candidates after a later candidate introduces a new conflict (6.451917ms)
✔ bounds a 10k legacy-claim queue without hydrating candidates after maintenance (26.604875ms)
✔ does not hydrate unrelated candidate results for a selected name group (7.43775ms)
✔ sorts full conflict names before truncating display captions and preserves exact anchors (6.702083ms)
✔ keeps legacy equal-caption order across pages and clamps missing anchors in a nonempty queue (6.38425ms)
✔ normalizes merged actor names once instead of once per third pending conflict (10.846667ms)
ℹ tests 66
ℹ suites 1
ℹ pass 66
ℹ fail 0
ℹ cancelled 0
ℹ skipped 0
ℹ todo 0
ℹ duration_ms 956.63375
