▶ media-library IPC schemas
  ✔ accepts the complete default config sent by the create wizard, including local NFO import (1.727542ms)
  ✔ accepts boolean local NFO settings on update and rejects malformed values on both paths (0.709958ms)
  ✔ accepts exact management commands and rejects loose object shapes (1.020583ms)
  ✔ rejects invalid ids and revisions on every optimistic command shape (0.353958ms)
  ✔ strictly validates home discovery and global-search inputs (0.447709ms)
✔ media-library IPC schemas (4.67125ms)
▶ media-library IPC handlers
  ✔ registers the complete contract and forwards validated arguments (0.429916ms)
  ✔ rejects malformed calls before a dependency is invoked (0.2725ms)
  ✔ preserves root continuity domain errors across validated IPC handlers (0.143125ms)
✔ media-library IPC handlers (0.923917ms)
✔ routes actual desktop IPC registration and Web catalog queries through the native reader (81.346708ms)
✔ preserves Web search/sort/filter/page semantics and observes committed membership changes (74.538209ms)
✔ executes real read-only tag queries and observes writes through the worker cache (67.176375ms)
✔ rejects a changed catalog version at worker startup without migration (78.531125ms)
✔ settles in-flight initialization and queued requests when disposed (90.958875ms)
✔ executes all classification cover pages on the readonly worker and observes committed writes (74.059042ms)
✔ rejects image initialization against an incompatible schema without rewriting it (48.738584ms)
✔ reads bounded audit pages in the real worker, isolates operations and observes audit replacement (95.702042ms)
✔ reads audit headers on the real worker without building an index from the audit body (45.071542ms)
✔ reads combined views in the real worker, upgrades raw pages and rebuilds after writes and failures (113.293208ms)
✔ keeps missing-body pending pages available and rejects a superseded summary on the real worker (127.779666ms)
✔ checks latest audit paths on the real worker and rejects invalid later entries after a match (45.168458ms)
✔ counts merged subscribers toward capacity, normalizes keys, and clones each successful result (5.008125ms)
✔ serializes different revisions and keeps a folded expanding query valid in the payload (0.254417ms)
✔ rejects old generation on identity change and waits for termination (12.657958ms)
✔ rejects old generation on path change and waits for termination (0.386709ms)
✔ removes queued aborts but retains an executing slot after all subscribers abort (0.276417ms)
✔ one subscriber abort does not cancel another or retain its signal listener (0.493375ms)
✔ rejects all accepted on startup timeout, without retry or overlapping workers (16.864584ms)
✔ rejects all accepted on query timeout, without retry or overlapping workers (15.924416ms)
✔ rejects all accepted on exit, without retry or overlapping workers (0.871041ms)
✔ rejects all accepted on error, without retry or overlapping workers (0.694292ms)
✔ rejects all accepted on protocol error, without retry or overlapping workers (0.727875ms)
✔ dispose closes admission immediately and waits for a running termination (0.561792ms)
✔ fails closed if termination rejects and rejects requests waiting for replacement (0.460625ms)
✔ rejects invalid queries before creating a worker and contains factory/post failures (0.460208ms)
✔ bounds subscribers while termination is pending and supersedes a waiting generation (1.491791ms)
✔ does not launch work after repeated queued cancellations before ready (0.661791ms)
✔ contains unexpected messages and dispose drains an already-started replacement barrier (0.057083ms)
✔ expires waiting subscribers and frees capacity while native termination remains pending (1.939417ms)
✔ keeps independent waiting deadlines for coalesced subscribers and clears them at execution (0.210875ms)
✔ never executes a page whose only subscriber expired before ready (0.07575ms)
✔ shares admission across tag/image requests, keys entity kinds separately and copies caller inputs (0.577708ms)
✔ retains the executing image slot after cancellation and retires it before switching databases (3.582666ms)
✔ validates image requests before allocating a reader (0.444417ms)
✔ shares audit admission with tag/image work, coalesces snapshots and copies audit budgets (0.644ms)
✔ rejects invalid audit requests before allocation and removes an aborted queued audit (0.191083ms)
✔ copies view anchors before allocation, coalesces defaults, and shares capacity with raw/header/tag requests (17.312917ms)
✔ rejects invalid combined views without a worker and drops canceled queued view requests (0.2855ms)
✔ shares bounded admission for audit path checks and delivers false without mixing page results (0.425292ms)
✔ validates catalog commands before worker admission and copies nested desktop filters (2.357416ms)
✔ shares catalog admission with tags, independently cancels merged subscribers and isolates operations (0.706042ms)
▶ Web read-only catalog scope
  ✔ rechecks image authorization after async work when hidden changes (10.30825ms)
  ✔ rechecks image authorization after async work when archived changes (7.320292ms)
  ✔ rechecks image authorization after async work when cover changes (6.952958ms)
  ✔ rechecks image authorization after async work when cast changes (7.052167ms)
  ✔ rechecks image authorization after async work when sample changes (7.139167ms)
  ✔ reads only the authorized image path before and after serving, without full details (9.082167ms)
  ✔ forwards thumbnail size through the real catalog while preserving original requests (7.914583ms)
  ✔ forwards the caller signal to the async Store and drops a cancelled result (8.430041ms)
  ✔ filters archived/hidden memberships for lists, details, images, and media (9.591583ms)
  ✔ describes local resources without exposing their directory (8.073458ms)
  ✔ uses the cover rather than the background for browse, detail and image requests (10.32125ms)
  ✔ queries with parameters, paginates stably and filters clear membership scopes (21.074667ms)
  ✔ uses stable desktop discovery and respects library home participation (21.112167ms)
  ✔ exposes cast display metadata and only serves avatars linked to visible videos (9.997542ms)
  ✔ downloads non-playable files and exposes only supported external links (12.044041ms)
  ✔ resolves only authorized files and refuses symlink escapes and disabled roots (12.813792ms)
✔ Web read-only catalog scope (170.15925ms)
✔ reuses count across pages, caches bounded pages/collections and isolates returned objects (35.311834ms)
✔ pins count and cards to one snapshot when another WAL connection commits after count (11.356792ms)
✔ pins both collection queries and invalidates external writes on the following request (10.120084ms)
✔ bypasses cache inside caller transactions without publishing rolled-back state (10.681208ms)
✔ rejects invalid Web requests as 400 before dispatch and reports reader failures as 503 (49.330083ms)
✔ rechecks session expiry after awaited videos, without destroying the connection (15.783875ms)
✔ rechecks session expiry after awaited home, without destroying the connection (13.276875ms)
✔ rechecks session expiry after awaited collections, without destroying the connection (12.004458ms)
✔ releases the catalog subscription on disconnect and never sends late results (9.819625ms)
✔ releases the catalog subscription on logout and never sends late results (10.557875ms)
✔ releases the catalog subscription on stop and never sends late results (12.964375ms)
✔ keeps the running service on staging failure and restores it after publish failure (50.13725ms)
✔ preserves remembered devices on runtime server errors, including failed state persistence (5.132959ms)
▶ Web authentication and streaming
  ✔ keeps image responses private and reports read queue overload as 503 (8.753875ms)
  ✔ forwards finite thumbnail sizes and rejects invalid sizes before image work (3.592542ms)
  ✔ reports oversized images as 413 without caching or a HEAD body (5.891167ms)
  ✔ rechecks an expired session after image work while the connection remains open (52.950458ms)
  ✔ cancels pending image work on logout and never sends its completed bytes (79.145667ms)
  ✔ cancels pending image work on disconnect and never sends its completed bytes (56.979333ms)
  ✔ stores salted password hashes and enforces minimum length (117.751041ms)
  ✔ requires a session for catalog, artwork, and video, with no credential data in failures (12.674083ms)
  ✔ serves brand and favicon PNGs without login with the correct MIME and bytes (11.27375ms)
  ✔ rejects bad credentials; issues HttpOnly SameSite cookies on login (80.380833ms)
  ✔ blocks cross-origin, missing-origin POSTs, DNS rebinding, and desktop mutation routes (12.995375ms)
  ✔ streams byte ranges, suffixes and HEAD; rejects invalid or multiple ranges (10.831166ms)
  ✔ downloads authenticated resources as attachments (3.587625ms)
  ✔ logout invalidates the cookie; desktop revocation invalidates all browsers (46.648ms)
✔ Web authentication and streaming (631.742875ms)
▶ Session lifetimes and request limits
  ✔ expires idle and absolute sessions and limits attempts (0.115917ms)
  ✔ accepts only local peer ranges and handles byte-range edge cases (0.110083ms)
✔ Session lifetimes and request limits (0.261666ms)
ℹ tests 95
ℹ suites 5
ℹ pass 95
ℹ fail 0
ℹ cancelled 0
ℹ skipped 0
ℹ todo 0
ℹ duration_ms 1338.098541
