✔ rebuilds ordered pendingGroups repeatedly without duplicates and preserves all other sections (19.093584ms)
✔ restores the previous section and outer business mutation after native second-group INSERT failure, then retries (22.924042ms)
✔ rolls back an oversized single pending group together with its outer metadata change (20.094167ms)
✔ rejects sealed writer state without deleting prior sections (11.037666ms)
✔ rejects terminal writer state without deleting prior sections (13.369625ms)
✔ refreshes more than 100 referenced groups across item-bounded batches with stable global ordinals (34.670959ms)
✔ flushes by bytes when moderately large valid singletons together exceed the batch budget (49.734209ms)
✔ refreshes the captured writer identity after the caller mutates its original scope object (10.057333ms)
✔ publishes sealed entries with run/state/unrecognized updates and exposes header/body/permissions (21.445417ms)
✔ rolls back every finish write when late publication fails, then retries the same sealed audit (15.6655ms)
✔ rejects wrong scope, collecting manifests and metadata mismatches without partial writes (28.364792ms)
✔ rejects persisted run mismatches, incompatible completion status and oversized metadata before changing data (44.269875ms)
✔ publishes failed audit without replacing previous unrecognized files (21.608375ms)
✔ publishes cancelled audit without replacing previous unrecognized files (8.980083ms)
✔ abandons interrupted collecting/sealed audits while preserving published history and all entries, idempotently (12.79ms)
✔ abandons already-terminal unexposed manifests even when no interrupted runs remain (15.817542ms)
✔ rolls back recovery run/state/manifest changes on abandonment failure and succeeds on retry (18.515ms)
✔ publishes the actual writer after stable upserts and an NFO revision through the production finish transaction (10.414ms)
✔ uses final upsert outcomes and original ordinal order without full-entry hydration or all() (21.574708ms)
✔ rejects wrong identity/state and checks transaction and sealed state on every resume (16.999375ms)
✔ captures identity before first consumption and does not normalize returned path strings (20.935291ms)
✔ rejects failed/cancelled or deleted runs on resume instead of reporting normal EOF (17.385834ms)
✔ publishes on the same connection while mapping lazy paths without a busy cursor (13.6425ms)
✔ closes the path iterator and rolls back publication on second mapping failure, then retries (21.694458ms)
✔ closes the path iterator and rolls back publication on second native-write failure, then retries (16.997458ms)
✔ upserts exact file paths with stable ordinals, appends other sections and preserves UTF-8 bytes (18.742833ms)
✔ rolls back the entire batch including earlier upserts after a later SQL failure (14.485125ms)
✔ participates in caller transactions and uses savepoints for recoverable batch errors (33.391542ms)
✔ patches NFO in place without inserting missing files or losing the primary audit outcome (9.706333ms)
✔ seals final metadata atomically, keeps the run running, and does not publish or permit late writes (16.220791ms)
✔ seals unchanged metadata without a forbidden no-op metadata update (14.159875ms)
✔ guards scope, running status and legacy JSON and snapshots scope against caller mutation (16.817917ms)
✔ rejects malformed metadata and section shapes without writing anything (37.89225ms)
✔ enforces item, normalized batch and reserved single-page budgets without truncation (21.535334ms)
✔ writes and patches all sections, seals, finishes through the actual repository, and reads compatibility output (14.35425ms)
✔ rejects raw oversized stored entries before selecting their JSON for an NFO patch (15.0475ms)
✔ reads only detached NFO values and distinguishes missing files from absent NFO (9.844375ms)
✔ rejects invalid raw NFO values instead of treating them as absent (7.412583ms)
✔ checks NFO read scope and lifecycle even for missing paths (14.735459ms)
✔ rejects oversized raw rows before projecting any NFO JSON (17.774792ms)
✔ publishes array and generator inputs equivalently and filters roots without touching another library (18.130417ms)
✔ rolls back a native second INSERT failure, closes the generator, and retries (17.416417ms)
✔ rolls back iterator next failure after an earlier insert (9.799875ms)
✔ rolls back iterator authorization failure after an earlier insert (15.418125ms)
✔ rolls back all writes on late native publication failure after fully consuming the generator (16.806875ms)
✔ does not acquire or enumerate the iterable for failed runs (13.64825ms)
✔ does not acquire or enumerate the iterable for cancelled runs (11.72375ms)
✔ does not enumerate on scope validation failure or empty replacement roots, and rejects async-only input (26.788042ms)
✔ native removedResources audit INSERT failure rolls back real cleanup tables and retries without phantom counts (41.428875ms)
✔ native promotedResources audit INSERT failure rolls back real cleanup tables and retries without phantom counts (23.123625ms)
✔ native deletedVideos audit INSERT failure rolls back real cleanup tables and retries without phantom counts (20.7905ms)
✔ rejects resolved async cleanup callbacks and rolls back synchronous writes (12.496458ms)
✔ rejects rejected async cleanup callbacks and rolls back synchronous writes (15.666083ms)
✔ copies deferred cleanup events into legacy audit only after the outer transaction commits (25.825916ms)
✔ rejects an SQL-ignored remove write without emitting its audit and rolls back earlier cleanup (20.172041ms)
✔ rejects an SQL-ignored promote write without emitting its audit and rolls back earlier cleanup (14.849833ms)
▶ ScanCoordinator
  ✔ coalesces display progress while preserving per-file callbacks and the final event (19.907916ms)
  ✔ flushes pending progress before a failure without delaying the failure event (1.034125ms)
  ✔ binds an offline-created root identity and refreshes the frozen snapshot before scanning (1.543ms)
  ✔ persists matching complete audit details with the latest summary (0.295708ms)
  ✔ publishes scan lifecycle events for every trigger (0.227125ms)
  ✔ uses one frozen configuration snapshot for the complete run (0.156625ms)
  ✔ reconciles resource identity pending rows only under roots proven safe after traversal (0.184083ms)
  ✔ preserves offline roots and removes only missing local resources under accessible roots (0.51425ms)
  ✔ aborts cleanup when a local path cannot be audited (0.367083ms)
  ✔ treats a root that becomes unreadable after traversal as offline (0.229083ms)
  ✔ rechecks the frozen root identity immediately before cleanup writes (0.192208ms)
  ✔ does not run cleanup after cancellation and releases the mutual-exclusion lease (0.241ms)
  ✔ keeps resources after a coordinator-level failure (0.182708ms)
  ✔ skips every destructive cleanup after a file processing failure (0.090375ms)
  ✔ replaces the unrecognized-file snapshot after every safe completed scan (0.113125ms)
  ✔ completes safe cleanup with errors when failures are isolated to STRM files (0.112ms)
  ✔ consumes deferred path cleanup only after a successful uncancelled scan (0.075666ms)
  ✔ keeps deferred path cleanup queued after a partial folder scan (0.094ms)
  ✔ allows a full cleanup-only scan after the final configured folder was removed (0.08575ms)
  ✔ removes many non-primary resources without reading sibling resource lists (4.213125ms)
  ✔ consumes cleanup references lazily and closes iteration on a path failure (0.304ms)
  ✔ preserves all three cleanup audit sequences above the argument limit (338.02225ms)
  ✔ removes resource-less memberships after deferred cleanup on a safe full scan (0.28925ms)
  ✔ persists a sanitized failed summary without running destructive cleanup (0.226167ms)
  ✔ rolls back resource cleanup and keeps pending roots when auto-delete fails (0.192375ms)
  ✔ keeps pending roots when the cleanup transaction cannot commit (0.195583ms)
  ✔ rejects duplicate scans and scans blocked by resource maintenance (7.658792ms)
✔ ScanCoordinator (377.60975ms)
✔ reads pending audit summaries with only referenced groups and all exact pending paths (0.16825ms)
✔ skips the pending audit DB reader for no-files (0.072ms)
✔ skips the pending audit DB reader for non-pending (0.034ms)
✔ skips the pending audit DB reader for pending-without-group (0.0315ms)
✔ keeps original first root for cleanup and unrecognized summary with parent-first (0.237917ms)
✔ keeps original first root for cleanup and unrecognized summary with child-first (0.074708ms)
✔ uses the early realPath alias for cleanup but only configured paths for summary (0.112459ms)
✔ does not try a later matching root after cleanup-present authorization fails (0.119ms)
✔ does not try a later matching root after cleanup-missing authorization fails (0.068292ms)
✔ does not try a later matching root after summary authorization fails (0.074334ms)
✔ reauthorizes the first matching root for unknown pending paths without inspecting unmatched paths or falling back (0.0995ms)
✔ defaults to real incremental entries and publishes the same NFO/pending/cleanup audit as explicit legacy JSON (73.353417ms)
✔ rolls run admission and state back when starting the audit manifest fails (11.843959ms)
✔ does not falsely complete or replace old unrecognized rows after persistent file failure (23.419041ms)
✔ does not falsely complete or replace old unrecognized rows after persistent cleanup failure (41.382417ms)
✔ does not falsely complete or replace old unrecognized rows after persistent pending-refresh failure (29.178458ms)
✔ does not falsely complete or replace old unrecognized rows after persistent seal failure (30.230833ms)
✔ does not falsely complete or replace old unrecognized rows after persistent publish failure (24.473458ms)
✔ a transient final publication fault cannot expose completed success or replace old unrecognized rows (27.344833ms)
✔ cancellation retains incremental entries and the previous unrecognized snapshot (18.819083ms)
✔ preserves committed partial counts on second-file storage failure (20.80275ms)
✔ preserves committed partial counts on nfo-tail storage failure (26.373791ms)
✔ leaves persistent failed-terminalization recoverable and startup preserves durable entries (23.524417ms)
▶ scanFolders
  ✔ rejects an archived library atomically when manual import resumes after probing (19.5155ms)
  ✔ rejects manual import when the root is physically replaced while duration probing is suspended (13.655875ms)
Scan error for /var/folders/h4/zxrt6zwx6dv1n16kwxzltqgh0000gn/T/javdex-scan-ow2kXJ/scan-replaced-root/RACE-003.mp4 Error: 只能操作身份有效的启用媒体库根目录内文件
    at rejectManagedRootFile (/Users/nut/Project/JavdexLabs/Javdex/src/main/services/mediaLibraryRootFileGuard.ts:32:9)
    at requireCurrentRootIdentity (/Users/nut/Project/JavdexLabs/Javdex/src/main/services/mediaLibraryRootFileGuard.ts:86:5)
    at assertRootFile (/Users/nut/Project/JavdexLabs/Javdex/src/main/services/mediaLibraryRootFileGuard.ts:98:27)
    at assertMediaLibraryRootFile (/Users/nut/Project/JavdexLabs/Javdex/src/main/services/mediaLibraryRootFileGuard.ts:170:3)
    at authorizeMediaLibraryRootFile (/Users/nut/Project/JavdexLabs/Javdex/src/main/services/mediaLibraryRootFileGuard.ts:230:3)
    at authorizeFileWrite (/Users/nut/Project/JavdexLabs/Javdex/src/main/scanner/scanner.ts:706:7)
    at scanPreparedFolders (/Users/nut/Project/JavdexLabs/Javdex/src/main/scanner/scanner.ts:1231:7)
    at async scanFolders (/Users/nut/Project/JavdexLabs/Javdex/src/main/scanner/scanner.ts:473:12)
    at async TestContext.<anonymous> (/Users/nut/Project/JavdexLabs/Javdex/src/main/scanner/scanner.test.ts:447:20)
    at async Test.run (node:internal/test_runner/test:1332:7)
  ✔ keeps scan state unchanged when a frozen root is physically replaced during probing (19.689625ms)
Scan error for /var/folders/h4/zxrt6zwx6dv1n16kwxzltqgh0000gn/T/javdex-scan-Hv0yMN/rename-import-replaced-root/RACE-004.mp4 Error: 只能操作身份有效的启用媒体库根目录内文件
    at rejectManagedRootFile (/Users/nut/Project/JavdexLabs/Javdex/src/main/services/mediaLibraryRootFileGuard.ts:32:9)
    at requireCurrentRootIdentity (/Users/nut/Project/JavdexLabs/Javdex/src/main/services/mediaLibraryRootFileGuard.ts:86:5)
    at assertRootFile (/Users/nut/Project/JavdexLabs/Javdex/src/main/services/mediaLibraryRootFileGuard.ts:98:27)
    at assertMediaLibraryRootFile (/Users/nut/Project/JavdexLabs/Javdex/src/main/services/mediaLibraryRootFileGuard.ts:170:3)
    at authorizeMediaLibraryRootFile (/Users/nut/Project/JavdexLabs/Javdex/src/main/services/mediaLibraryRootFileGuard.ts:230:3)
    at authorizeFileWrite (/Users/nut/Project/JavdexLabs/Javdex/src/main/scanner/scanner.ts:706:7)
    at scanPreparedFolders (/Users/nut/Project/JavdexLabs/Javdex/src/main/scanner/scanner.ts:1161:9)
    at async scanFolders (/Users/nut/Project/JavdexLabs/Javdex/src/main/scanner/scanner.ts:473:12)
    at async renameAndImport (/Users/nut/Project/JavdexLabs/Javdex/src/main/scanner/scanner.ts:1585:20)
    at async TestContext.<anonymous> (/Users/nut/Project/JavdexLabs/Javdex/src/main/scanner/scanner.test.ts:536:19)
  ✔ does not commit or rename a replacement-root file when rename-import resumes after probing (12.910541ms)
  ✔ rejects a disabled target root at the resource transaction boundary (8.774291ms)
  ✔ reuses archived local and STRM source paths without crossing library ownership (21.924708ms)
  ✔ imports mixed local and STRM resources into one video and keeps the local file primary (12.853833ms)
  ✔ chooses the scan primary independently of directory entry order (10.722208ms)
  ✔ reselects the primary when scanning into an existing resource-less video (9.843791ms)
  ✔ keeps mixed local and STRM resources in one masked pending group (12.46625ms)
  ✔ rejects a stale pending STRM assignment, refreshes its snapshot, then accepts it (13.911ms)
  ✔ removes an invalidated STRM snapshot from the pending group on a later scan (9.450292ms)
  ✔ syncs a changed STRM target in place while preserving primary and user-maintained fields (11.85275ms)
  ✔ isolates invalid STRM files and retries them without replacing a bound target (14.855208ms)
  ✔ relocates STRM only when the complete filename and target identify one missing source (20.236125ms)
  ✔ loads STRM candidates once per scan across imports, moves and pending writes (190.075167ms)
  ✔ relocates a bound STRM after its video code has been corrected (11.817167ms)
  ✔ holds new resources for confirmation when several videos already use the code (9.004542ms)
  ✔ keeps an already-pending path out of relocation and refreshes its pending snapshot (9.884416ms)
  ✔ holds a same-scan multi-file code together when automatic assignment is disabled (10.323833ms)
  ✔ does not let an invalid STRM force a valid same-code video into confirmation (10.460916ms)
  ✔ persists a pending scan group across database reopen and assigns it atomically (11.930334ms)
  ✔ rolls back every scan assignment when final pending-group deletion fails (12.197292ms)
  ✔ imports one unambiguous file normally when automatic assignment is disabled (8.804125ms)
  ✔ holds a new resource that matches one existing video when automatic assignment is disabled (8.664167ms)
  ✔ promotes the available resource when assigning into an existing video without a primary (10.100417ms)
  ✔ normalizes a manual code and attaches to an existing case-insensitive identity (49.182ms)
  ✔ aborts when a nested directory cannot be audited (8.237ms)
  ✔ imports a symbolic-link video by its link path and file name (9.552625ms)
  ✔ does not follow symbolic-link directories (8.52825ms)
  ✔ silently skips a broken symbolic-link video (8.118792ms)
  ✔ leaves missing-resource cleanup to the high-level scan coordinator (9.181917ms)
  ✔ keeps distinct symbolic-link paths that point to the same target (10.456667ms)
  ✔ keeps a resource under an unavailable root when the same code appears online (9.916583ms)
  ✔ relocates one same-code video by a unique file-size match without requiring the old name (7.653625ms)
  ✔ uses full file name and size to relocate safely when several videos share a code (8.310458ms)
  ✔ does not relocate when full file name and size match more than one duplicate-code video (8.346834ms)
  ✔ treats a new file normally when an old same-code path cannot be audited (9.472875ms)
  ✔ keeps an unrecognized rename and only rediscovers the renamed file (11.762417ms)
  ✔ uses the scan same-code pending flow when automatic merging is disabled (11.359625ms)
  ✔ renames and discovers the code without a manual code or target (8.243709ms)
  ✔ renames and imports an unrecognized STRM as a source-managed link (9.00675ms)
  ✔ imports recognized videos and reports unrecognized files (9.259084ms)
  ✔ reuses scanned directory entries when checking a directory without NFO files (41.7955ms)
  ✔ refreshes a changed local identity snapshot on rescan before user confirmation (14.025083ms)
  ✔ refreshes a changed strm identity snapshot on rescan before user confirmation (8.628417ms)
  ✔ uses NFO identity only for newly discovered resources when automatic import is enabled (12.17725ms)
  ✔ yields between immediately resolved NFO batches so abort runs without losing committed audits or primaries (44.04525ms)
  ✔ yields while delivering final audits but drains every committed entry and reports cancellation (41.804708ms)
  ✔ yields inside one committed NFO batch and retains imported audits for all its anchors (32.809083ms)
  ✔ yields between completed primary selections and still settles every committed resource after abort (47.427458ms)
  ✔ handles cancellation during the only or first NFO application and preserves committed file audits (16.014875ms)
  ✔ aggregates first-discovery NFO candidates once per video after all resources are assigned (9.080459ms)
  ✔ does not count an existing pending resource identity as a new same-code file (8.273416ms)
  ✔ keeps distinct local NFO candidates in the existing confirmation workflow (12.589416ms)
  ✔ persists a filename/NFO identity conflict without creating formal library records (6.798792ms)
  ✔ persists only a masked STRM target projection for an NFO identity conflict (6.796208ms)
  ✔ keeps a valid filename import when its NFO is invalid and records only a secondary warning (7.815084ms)
  ✔ uses NFO identity across libraries but never overwrites a globally scraped-success video (8.988583ms)
  ✔ applies local NFO with fill-empty semantics for new and failed videos (11.363375ms)
  ✔ reattaches a scanned file to an existing no-resource video without replacing metadata (7.471833ms)
  ✔ yields while scanning large batches (41.665625ms)
  ✔ collects a very large root without overflowing call arguments before cancellation (1069.994667ms)
  ✔ stops when cancelled (32.927084ms)
  ✔ skips new imports shorter than 30 minutes (8.28875ms)
  ✔ skips short files before unrecognized handling (6.665333ms)
  ✔ stores probed duration on import (7.762125ms)
  ✔ refreshes duration when the file changes on rescan (7.940709ms)
  ✔ skips duration probe on rescan when file is unchanged (7.719ms)
  ✔ emits one final audit outcome for every processed file (7.452875ms)
✔ scanFolders (2233.617333ms)
✔ matches final legacy callbacks on equivalent fresh catalogs including merged NFO and repeated paths (62.93025ms)
✔ commits singleton audit deliveries while the next duration probe is held, outside a database transaction (18.717458ms)
✔ timer cancellation preserves already committed entries and stops incremental delivery (24.358917ms)
✔ rejects mutually exclusive sinks before database, directory, probe or callback work (9.447917ms)
✔ propagates recordFile sink failure without converting it to processing_failure (11.109583ms)
✔ propagates readFileNfo sink failure without converting it to processing_failure (10.698083ms)
✔ propagates patchNfo sink failure without converting it to processing_failure (9.628708ms)
✔ treats a missing NFO patch target after a successful read as fatal (9.489084ms)
✔ rejects recordFile resolved thenables without late unhandled rejection (9.063292ms)
✔ rejects recordFile rejected thenables without late unhandled rejection (11.5985ms)
✔ rejects readFileNfo resolved thenables without late unhandled rejection (9.936875ms)
✔ rejects readFileNfo rejected thenables without late unhandled rejection (9.659ms)
✔ rejects patchNfo resolved thenables without late unhandled rejection (10.452125ms)
✔ rejects patchNfo rejected thenables without late unhandled rejection (11.143084ms)
✔ atomically rolls back STRM target-update on native audit INSERT failure and retries with committed visibility (13.472333ms)
✔ atomically rolls back STRM relocation on native audit INSERT failure and retries with committed visibility (15.75025ms)
✔ rolls back invalid STRM pending deletion on native audit failure and retries with one committed failure (11.951584ms)
✔ rolls back local new-video business rows with native audit failure and retries atomically (15.714334ms)
✔ rolls back local existing-video business rows with native audit failure and retries atomically (14.392708ms)
✔ rolls back local must-confirm business rows with native audit failure and retries atomically (18.207708ms)
✔ rolls back local relocation business rows with native audit failure and retries atomically (14.856625ms)
✔ rolls back strm new-video business rows with native audit failure and retries atomically (14.243667ms)
✔ rolls back strm existing-video business rows with native audit failure and retries atomically (15.933792ms)
✔ rolls back strm must-confirm business rows with native audit failure and retries atomically (15.289917ms)
✔ rolls back local identity-create on native audit failure and commits retry with matching pending state (12.842541ms)
✔ rolls back local identity-refresh on native audit failure and commits retry with matching pending state (12.951541ms)
✔ rolls back local pending-refresh on native audit failure and commits retry with matching pending state (13.408375ms)
✔ rolls back strm identity-create on native audit failure and commits retry with matching pending state (13.494375ms)
✔ rolls back strm identity-refresh on native audit failure and commits retry with matching pending state (11.753625ms)
✔ rolls back strm pending-refresh on native audit failure and commits retry with matching pending state (11.767542ms)
✔ rolls back registered local fingerprint-backfill on audit failure, retries and leaves skipped probes unchanged (15.490042ms)
✔ rolls back registered local changed-fingerprint on audit failure, retries and leaves skipped probes unchanged (12.228875ms)
Scan error for /var/folders/h4/zxrt6zwx6dv1n16kwxzltqgh0000gn/T/javdex-scanner-sink-4bmbS1/media/AUTH-001.mp4 MediaLibraryRepoError: 媒体库根目录不存在、已停用或不属于该媒体库。
    at requireActivePersistedRoot (/Users/nut/Project/JavdexLabs/Javdex/src/main/services/mediaLibraryRootFileGuard.ts:203:11)
    at authorizeMediaLibraryRootFile (/Users/nut/Project/JavdexLabs/Javdex/src/main/services/mediaLibraryRootFileGuard.ts:229:16)
    at authorizeFileWrite (/Users/nut/Project/JavdexLabs/Javdex/src/main/scanner/scanner.ts:706:7)
    at scanPreparedFolders (/Users/nut/Project/JavdexLabs/Javdex/src/main/scanner/scanner.ts:1063:22)
    at async scanFolders (/Users/nut/Project/JavdexLabs/Javdex/src/main/scanner/scanner.ts:473:12) {
  code: 'ROOT_NOT_FOUND',
  conflict: undefined,
  currentRevision: undefined
}
✔ rechecks root authorization after an awaited registered-resource probe before writing business fields (10.133291ms)
✔ NFO transaction callback fault (12.31525ms)
✔ NFO transaction callback unchanged (11.110166ms)
✔ NFO transaction callback postcommit-warnings (12.015792ms)
✔ links real local NFO parsing and business apply to scanner audit rollback, then retries the captured NFO transaction (15.090875ms)
✔ transfers stopped partial counts including pending groups when a later NFO audit fails (11.005916ms)
✔ does not rebuild the STRM relocation index for every audit-only write in a mixed scan (18.800792ms)
✔ matches unique missing sources and retains filename, target, root and uncertainty rules (1.726791ms)
✔ incrementally tracks same-scan insertions and target/path changes, but invalidates unknown writes (0.548083ms)
✔ does not acknowledge unrelated writes or a failed mutation as a complete cache update (0.387ms)
✔ retains the cache for known pending writes but cannot hide an intervening external write (0.222625ms)
✔ examines one matching candidate per lookup in a 10000-resource relocation (67.643417ms)
✔ examines one matching candidate per lookup in a 20000-resource relocation (124.1535ms)
✔ examines one matching candidate per lookup in a 300382-resource relocation (1406.496292ms)
✔ examines one matching candidate per lookup in a 600764-resource relocation (2397.550042ms)
✔ indexes target keys as well as filenames when many directories use the same filename (69.315042ms)
✔ keeps a warm index across nested audit-only writes inside a known resource mutation (0.174958ms)
✔ invalidates after outer resource failure and restores tracking depth for later audit-only writes (0.157ms)
✔ does not bypass a nested mutation of another resource or hide an external change (0.055959ms)
▶ libraryPathCleanupService
  ✔ previews only resources owned by the selected library and root (17.3845ms)
  ✔ previews and safely cleans a disabled root including pending and diagnostic rows (13.741ms)
  ✔ confirms with the current revision and queues an identity snapshot without deleting data (9.683ms)
  ✔ rejects a confirmation when scan-owned resources changed after preview without a revision bump (10.55925ms)
  ✔ removes and promotes resources only inside the confirmed library and root (12.956041ms)
  ✔ lets a cleanup-only scan consume the last removed root without touching another library (14.789667ms)
  ✔ recovers an offline legacy cleanup intent when a later full scan sees the root online (12.190458ms)
  ✔ keeps an overlapping legacy cleanup root waiting during a later full scan (15.1025ms)
  ✔ keeps an overlapping parent legacy cleanup root waiting during a later full scan (14.609875ms)
  ✔ keeps a realpath-alias legacy cleanup root waiting across libraries (11.645417ms)
  ✔ fails closed when a confirmed root is offline (9.646292ms)
  ✔ fails closed when the path now resolves to a replacement directory (8.962375ms)
  ✔ cancels a failed removal into a disabled, archiveable root without deleting records (12.352791ms)
  ✔ completes a confirmed cleanup after an unrelated library configuration edit (10.605625ms)
  ✔ rolls back resource removal, promotion, root state, and job completion together (8.886291ms)
✔ libraryPathCleanupService (183.98ms)
✔ rolls back cleanup and audit writes on a native audit INSERT failure, then retries with safe source entries (11.57775ms)
✔ rejects resolved thenable cleanup callbacks without committing or leaking a rejection (10.848584ms)
✔ rejects rejected thenable cleanup callbacks without committing or leaking a rejection (12.265041ms)
✔ does not emit planned audit facts if the batch skips a resource deletion (9.896ms)
ℹ tests 246
ℹ suites 3
ℹ pass 246
ℹ fail 0
ℹ cancelled 0
ℹ skipped 0
ℹ todo 0
ℹ duration_ms 4836.708542
