▶ libraryScanRepo latest snapshot
  ✔ updates the pending path after a rename without rewriting the original scan audit (13.918375ms)
  ✔ returns summary, audit, and unrecognized files only from the requested library (8.8055ms)
  ✔ transactionally settles scan runs abandoned by the previous process (12.035708ms)
  ✔ releases archive and root-migration busy gates after restart recovery (11.389125ms)
  ✔ returns an empty snapshot before the first run and rejects an unknown library (9.634041ms)
✔ libraryScanRepo latest snapshot (56.513291ms)
✔ reads a scoped audit header without loading audit JSON or pending path arrays (17.057583ms)
✔ keeps summary failure semantics and rejects oversized summary/header payloads (10.421708ms)
✔ keeps header summary, audit availability and unrecognized count in one WAL snapshot (8.306583ms)
▶ scan latest IPC handler
  ✔ validates libraryId and forwards the scoped latest snapshot (1.11425ms)
✔ scan latest IPC handler (1.395541ms)
✔ bounds the combined audit presence request and validates its library (0.675042ms)
✔ bounds scan pages and validates scoped detail and anchor inputs (0.391166ms)
✔ routes audit header/page through the async reader with trusted budgets and strict scope (0.463667ms)
✔ executes real read-only tag queries and observes writes through the worker cache (32.665792ms)
✔ rejects a changed catalog version at worker startup without migration (26.436959ms)
✔ settles in-flight initialization and queued requests when disposed (25.016625ms)
✔ executes all classification cover pages on the readonly worker and observes committed writes (37.521208ms)
✔ rejects image initialization against an incompatible schema without rewriting it (22.409834ms)
✔ reads bounded audit pages in the real worker, isolates operations and observes audit replacement (54.785667ms)
✔ reads audit headers on the real worker without building an index from the audit body (22.932083ms)
✔ counts merged subscribers toward capacity, normalizes keys, and clones each successful result (2.741375ms)
✔ serializes different revisions and keeps a folded expanding query valid in the payload (0.476833ms)
✔ rejects old generation on identity change and waits for termination (5.511459ms)
✔ rejects old generation on path change and waits for termination (0.488875ms)
✔ removes queued aborts but retains an executing slot after all subscribers abort (0.270917ms)
✔ one subscriber abort does not cancel another or retain its signal listener (0.198584ms)
✔ rejects all accepted on startup timeout, without retry or overlapping workers (17.706167ms)
✔ rejects all accepted on query timeout, without retry or overlapping workers (16.2865ms)
✔ rejects all accepted on exit, without retry or overlapping workers (0.491667ms)
✔ rejects all accepted on error, without retry or overlapping workers (0.547625ms)
✔ rejects all accepted on protocol error, without retry or overlapping workers (0.386708ms)
✔ dispose closes admission immediately and waits for a running termination (0.37875ms)
✔ fails closed if termination rejects and rejects requests waiting for replacement (0.25725ms)
✔ rejects invalid queries before creating a worker and contains factory/post failures (0.2265ms)
✔ bounds subscribers while termination is pending and supersedes a waiting generation (0.417709ms)
✔ does not launch work after repeated queued cancellations before ready (1.013625ms)
✔ contains unexpected messages and dispose drains an already-started replacement barrier (0.064708ms)
✔ expires waiting subscribers and frees capacity while native termination remains pending (0.83975ms)
✔ keeps independent waiting deadlines for coalesced subscribers and clears them at execution (0.122708ms)
✔ never executes a page whose only subscriber expired before ready (0.071167ms)
✔ shares admission across tag/image requests, keys entity kinds separately and copies caller inputs (0.342166ms)
✔ retains the executing image slot after cancellation and retires it before switching databases (0.483083ms)
✔ validates image requests before allocating a reader (0.278541ms)
✔ shares audit admission with tag/image work, coalesces snapshots and copies audit budgets (0.512458ms)
✔ rejects invalid audit requests before allocation and removes an aborted queued audit (0.149042ms)
▶ LibraryScanAuditPanel
  ✔ defaults to the attention tab even when the latest scan has no issues (271.110709ms)
  ✔ keeps cached unrecognized files visible with their root-scoped resolution controls (3.052ms)
  ✔ does not describe current scan failures as resolved (1.178625ms)
  ✔ offers a processing jump for cached unrecognized rows in the all-files tab (2.675917ms)
  ✔ shows an NFO identity conflict as a secondary scan disposition and opens the pending center (2.407083ms)
  ✔ routes a current NFO candidate to its scrape pending item (1.168375ms)
  ✔ shows historical NFO pending dispositions as resolved when their current rows are gone (1.368333ms)
  ✔ keeps the attention badge equal to the visible list when only an NFO warning exists (1.552083ms)
✔ LibraryScanAuditPanel (285.138875ms)
✔ limits a large failed audit to100 visible rows and queries only their pending IDs (21.247209ms)
✔ routes all three kinds from one mixed pending presence response (1.231375ms)
✔ keeps a stable audit anchor when a historical group is no longer pending (0.853292ms)
▶ file scan audit presentation
  ✔ added new video (1.9925ms)
  ✔ added existing video (0.084166ms)
  ✔ updated relocated (0.052666ms)
  ✔ updated metadata (0.0505ms)
  ✔ updated STRM (0.061333ms)
  ✔ pending new local (0.062834ms)
  ✔ pending retained STRM (0.046625ms)
  ✔ pending empty code and zero group (0.047375ms)
  ✔ skipped unchanged with video (0.075834ms)
  ✔ skipped short without video (0.0725ms)
  ✔ skipped duplicate with zero video (0.04725ms)
  ✔ unrecognized (0.055542ms)
  ✔ STRM failure (0.046ms)
  ✔ processing failure (0.049208ms)
  ✔ preserves caller indices, path fallback and explicit undefined fields (0.12475ms)
✔ file scan audit presentation (3.624416ms)
▶ NFO secondary presentation
  ✔ imported: every primary outcome, warnings and attention (0.359375ms)
  ✔ skipped: every primary outcome, warnings and attention (0.201417ms)
  ✔ warning: every primary outcome, warnings and attention (0.214417ms)
  ✔ pending-candidate: every primary outcome, warnings and attention (0.135708ms)
  ✔ identity-conflict: every primary outcome, warnings and attention (0.12175ms)
  ✔ uses only the disposition-specific non-null pending id, including zero (0.131541ms)
✔ NFO secondary presentation (1.255291ms)
▶ resource scan audit presentation
  ✔ missing: full fields, source/title/display fallback and kinds (0.44825ms)
  ✔ removed_library_path: full fields, source/title/display fallback and kinds (0.217667ms)
  ✔ promoted_after_removal: full fields, source/title/display fallback and kinds (0.358792ms)
✔ resource scan audit presentation (1.06075ms)
✔ keeps optional enrichment fields structurally available without enriching raw views (0.0475ms)
ℹ tests 80
ℹ suites 6
ℹ pass 80
ℹ fail 0
ℹ cancelled 0
ℹ skipped 0
ℹ todo 0
ℹ duration_ms 587.878625
