/Users/nut/Project/JavdexLabs/Javdex/node_modules/typescript/lib/lib.es5.d.ts
/Users/nut/Project/JavdexLabs/Javdex/node_modules/typescript/lib/lib.es2015.d.ts
/Users/nut/Project/JavdexLabs/Javdex/node_modules/typescript/lib/lib.es2016.d.ts
/Users/nut/Project/JavdexLabs/Javdex/node_modules/typescript/lib/lib.es2017.d.ts
/Users/nut/Project/JavdexLabs/Javdex/node_modules/typescript/lib/lib.es2018.d.ts
/Users/nut/Project/JavdexLabs/Javdex/node_modules/typescript/lib/lib.es2019.d.ts
/Users/nut/Project/JavdexLabs/Javdex/node_modules/typescript/lib/lib.es2020.d.ts
/Users/nut/Project/JavdexLabs/Javdex/node_modules/typescript/lib/lib.es2021.d.ts
/Users/nut/Project/JavdexLabs/Javdex/node_modules/typescript/lib/lib.es2022.d.ts
/Users/nut/Project/JavdexLabs/Javdex/node_modules/typescript/lib/lib.es2015.core.d.ts
/Users/nut/Project/JavdexLabs/Javdex/node_modules/typescript/lib/lib.es2015.collection.d.ts
/Users/nut/Project/JavdexLabs/Javdex/node_modules/typescript/lib/lib.es2015.generator.d.ts
/Users/nut/Project/JavdexLabs/Javdex/node_modules/typescript/lib/lib.es2015.iterable.d.ts
/Users/nut/Project/JavdexLabs/Javdex/node_modules/typescript/lib/lib.es2015.promise.d.ts
/Users/nut/Project/JavdexLabs/Javdex/node_modules/typescript/lib/lib.es2015.proxy.d.ts
/Users/nut/Project/JavdexLabs/Javdex/node_modules/typescript/lib/lib.es2015.reflect.d.ts
/Users/nut/Project/JavdexLabs/Javdex/node_modules/typescript/lib/lib.es2015.symbol.d.ts
/Users/nut/Project/JavdexLabs/Javdex/node_modules/typescript/lib/lib.es2015.symbol.wellknown.d.ts
/Users/nut/Project/JavdexLabs/Javdex/node_modules/typescript/lib/lib.es2016.array.include.d.ts
/Users/nut/Project/JavdexLabs/Javdex/node_modules/typescript/lib/lib.es2016.intl.d.ts
/Users/nut/Project/JavdexLabs/Javdex/node_modules/typescript/lib/lib.es2017.arraybuffer.d.ts
/Users/nut/Project/JavdexLabs/Javdex/node_modules/typescript/lib/lib.es2017.date.d.ts
/Users/nut/Project/JavdexLabs/Javdex/node_modules/typescript/lib/lib.es2017.object.d.ts
/Users/nut/Project/JavdexLabs/Javdex/node_modules/typescript/lib/lib.es2017.sharedmemory.d.ts
/Users/nut/Project/JavdexLabs/Javdex/node_modules/typescript/lib/lib.es2017.string.d.ts
/Users/nut/Project/JavdexLabs/Javdex/node_modules/typescript/lib/lib.es2017.intl.d.ts
/Users/nut/Project/JavdexLabs/Javdex/node_modules/typescript/lib/lib.es2017.typedarrays.d.ts
/Users/nut/Project/JavdexLabs/Javdex/node_modules/typescript/lib/lib.es2018.asyncgenerator.d.ts
/Users/nut/Project/JavdexLabs/Javdex/node_modules/typescript/lib/lib.es2018.asynciterable.d.ts
/Users/nut/Project/JavdexLabs/Javdex/node_modules/typescript/lib/lib.es2018.intl.d.ts
/Users/nut/Project/JavdexLabs/Javdex/node_modules/typescript/lib/lib.es2018.promise.d.ts
/Users/nut/Project/JavdexLabs/Javdex/node_modules/typescript/lib/lib.es2018.regexp.d.ts
/Users/nut/Project/JavdexLabs/Javdex/node_modules/typescript/lib/lib.es2019.array.d.ts
/Users/nut/Project/JavdexLabs/Javdex/node_modules/typescript/lib/lib.es2019.object.d.ts
/Users/nut/Project/JavdexLabs/Javdex/node_modules/typescript/lib/lib.es2019.string.d.ts
/Users/nut/Project/JavdexLabs/Javdex/node_modules/typescript/lib/lib.es2019.symbol.d.ts
/Users/nut/Project/JavdexLabs/Javdex/node_modules/typescript/lib/lib.es2019.intl.d.ts
/Users/nut/Project/JavdexLabs/Javdex/node_modules/typescript/lib/lib.es2020.bigint.d.ts
/Users/nut/Project/JavdexLabs/Javdex/node_modules/typescript/lib/lib.es2020.date.d.ts
/Users/nut/Project/JavdexLabs/Javdex/node_modules/typescript/lib/lib.es2020.promise.d.ts
/Users/nut/Project/JavdexLabs/Javdex/node_modules/typescript/lib/lib.es2020.sharedmemory.d.ts
/Users/nut/Project/JavdexLabs/Javdex/node_modules/typescript/lib/lib.es2020.string.d.ts
/Users/nut/Project/JavdexLabs/Javdex/node_modules/typescript/lib/lib.es2020.symbol.wellknown.d.ts
/Users/nut/Project/JavdexLabs/Javdex/node_modules/typescript/lib/lib.es2020.intl.d.ts
/Users/nut/Project/JavdexLabs/Javdex/node_modules/typescript/lib/lib.es2020.number.d.ts
/Users/nut/Project/JavdexLabs/Javdex/node_modules/typescript/lib/lib.es2021.promise.d.ts
/Users/nut/Project/JavdexLabs/Javdex/node_modules/typescript/lib/lib.es2021.string.d.ts
/Users/nut/Project/JavdexLabs/Javdex/node_modules/typescript/lib/lib.es2021.weakref.d.ts
/Users/nut/Project/JavdexLabs/Javdex/node_modules/typescript/lib/lib.es2021.intl.d.ts
/Users/nut/Project/JavdexLabs/Javdex/node_modules/typescript/lib/lib.es2022.array.d.ts
/Users/nut/Project/JavdexLabs/Javdex/node_modules/typescript/lib/lib.es2022.error.d.ts
/Users/nut/Project/JavdexLabs/Javdex/node_modules/typescript/lib/lib.es2022.intl.d.ts
/Users/nut/Project/JavdexLabs/Javdex/node_modules/typescript/lib/lib.es2022.object.d.ts
/Users/nut/Project/JavdexLabs/Javdex/node_modules/typescript/lib/lib.es2022.string.d.ts
/Users/nut/Project/JavdexLabs/Javdex/node_modules/typescript/lib/lib.es2022.regexp.d.ts
/Users/nut/Project/JavdexLabs/Javdex/node_modules/typescript/lib/lib.decorators.d.ts
/Users/nut/Project/JavdexLabs/Javdex/node_modules/typescript/lib/lib.decorators.legacy.d.ts
/Users/nut/Project/JavdexLabs/Javdex/node_modules/@types/node/compatibility/disposable.d.ts
/Users/nut/Project/JavdexLabs/Javdex/node_modules/@types/node/compatibility/indexable.d.ts
/Users/nut/Project/JavdexLabs/Javdex/node_modules/@types/node/compatibility/iterators.d.ts
/Users/nut/Project/JavdexLabs/Javdex/node_modules/@types/node/compatibility/index.d.ts
/Users/nut/Project/JavdexLabs/Javdex/node_modules/@types/node/globals.typedarray.d.ts
/Users/nut/Project/JavdexLabs/Javdex/node_modules/@types/node/buffer.buffer.d.ts
/Users/nut/Project/JavdexLabs/Javdex/node_modules/@types/node/globals.d.ts
/Users/nut/Project/JavdexLabs/Javdex/node_modules/@types/node/web-globals/abortcontroller.d.ts
/Users/nut/Project/JavdexLabs/Javdex/node_modules/@types/node/web-globals/domexception.d.ts
/Users/nut/Project/JavdexLabs/Javdex/node_modules/@types/node/web-globals/events.d.ts
/Users/nut/Project/JavdexLabs/Javdex/node_modules/undici-types/header.d.ts
/Users/nut/Project/JavdexLabs/Javdex/node_modules/undici-types/readable.d.ts
/Users/nut/Project/JavdexLabs/Javdex/node_modules/undici-types/file.d.ts
/Users/nut/Project/JavdexLabs/Javdex/node_modules/undici-types/fetch.d.ts
/Users/nut/Project/JavdexLabs/Javdex/node_modules/undici-types/formdata.d.ts
/Users/nut/Project/JavdexLabs/Javdex/node_modules/undici-types/connector.d.ts
/Users/nut/Project/JavdexLabs/Javdex/node_modules/undici-types/client.d.ts
/Users/nut/Project/JavdexLabs/Javdex/node_modules/undici-types/errors.d.ts
/Users/nut/Project/JavdexLabs/Javdex/node_modules/undici-types/dispatcher.d.ts
/Users/nut/Project/JavdexLabs/Javdex/node_modules/undici-types/global-dispatcher.d.ts
/Users/nut/Project/JavdexLabs/Javdex/node_modules/undici-types/global-origin.d.ts
/Users/nut/Project/JavdexLabs/Javdex/node_modules/undici-types/pool-stats.d.ts
/Users/nut/Project/JavdexLabs/Javdex/node_modules/undici-types/pool.d.ts
/Users/nut/Project/JavdexLabs/Javdex/node_modules/undici-types/handlers.d.ts
/Users/nut/Project/JavdexLabs/Javdex/node_modules/undici-types/balanced-pool.d.ts
/Users/nut/Project/JavdexLabs/Javdex/node_modules/undici-types/agent.d.ts
/Users/nut/Project/JavdexLabs/Javdex/node_modules/undici-types/mock-interceptor.d.ts
/Users/nut/Project/JavdexLabs/Javdex/node_modules/undici-types/mock-agent.d.ts
/Users/nut/Project/JavdexLabs/Javdex/node_modules/undici-types/mock-client.d.ts
/Users/nut/Project/JavdexLabs/Javdex/node_modules/undici-types/mock-pool.d.ts
/Users/nut/Project/JavdexLabs/Javdex/node_modules/undici-types/mock-errors.d.ts
/Users/nut/Project/JavdexLabs/Javdex/node_modules/undici-types/proxy-agent.d.ts
/Users/nut/Project/JavdexLabs/Javdex/node_modules/undici-types/env-http-proxy-agent.d.ts
/Users/nut/Project/JavdexLabs/Javdex/node_modules/undici-types/retry-handler.d.ts
/Users/nut/Project/JavdexLabs/Javdex/node_modules/undici-types/retry-agent.d.ts
/Users/nut/Project/JavdexLabs/Javdex/node_modules/undici-types/api.d.ts
/Users/nut/Project/JavdexLabs/Javdex/node_modules/undici-types/interceptors.d.ts
/Users/nut/Project/JavdexLabs/Javdex/node_modules/undici-types/util.d.ts
/Users/nut/Project/JavdexLabs/Javdex/node_modules/undici-types/cookies.d.ts
/Users/nut/Project/JavdexLabs/Javdex/node_modules/undici-types/patch.d.ts
/Users/nut/Project/JavdexLabs/Javdex/node_modules/undici-types/websocket.d.ts
/Users/nut/Project/JavdexLabs/Javdex/node_modules/undici-types/eventsource.d.ts
/Users/nut/Project/JavdexLabs/Javdex/node_modules/undici-types/filereader.d.ts
/Users/nut/Project/JavdexLabs/Javdex/node_modules/undici-types/diagnostics-channel.d.ts
/Users/nut/Project/JavdexLabs/Javdex/node_modules/undici-types/content-type.d.ts
/Users/nut/Project/JavdexLabs/Javdex/node_modules/undici-types/cache.d.ts
/Users/nut/Project/JavdexLabs/Javdex/node_modules/undici-types/index.d.ts
/Users/nut/Project/JavdexLabs/Javdex/node_modules/@types/node/web-globals/fetch.d.ts
/Users/nut/Project/JavdexLabs/Javdex/node_modules/@types/node/web-globals/navigator.d.ts
/Users/nut/Project/JavdexLabs/Javdex/node_modules/@types/node/web-globals/storage.d.ts
/Users/nut/Project/JavdexLabs/Javdex/node_modules/@types/node/assert.d.ts
/Users/nut/Project/JavdexLabs/Javdex/node_modules/@types/node/assert/strict.d.ts
/Users/nut/Project/JavdexLabs/Javdex/node_modules/@types/node/async_hooks.d.ts
/Users/nut/Project/JavdexLabs/Javdex/node_modules/@types/node/buffer.d.ts
/Users/nut/Project/JavdexLabs/Javdex/node_modules/@types/node/child_process.d.ts
/Users/nut/Project/JavdexLabs/Javdex/node_modules/@types/node/cluster.d.ts
/Users/nut/Project/JavdexLabs/Javdex/node_modules/@types/node/console.d.ts
/Users/nut/Project/JavdexLabs/Javdex/node_modules/@types/node/constants.d.ts
/Users/nut/Project/JavdexLabs/Javdex/node_modules/@types/node/crypto.d.ts
/Users/nut/Project/JavdexLabs/Javdex/node_modules/@types/node/dgram.d.ts
/Users/nut/Project/JavdexLabs/Javdex/node_modules/@types/node/diagnostics_channel.d.ts
/Users/nut/Project/JavdexLabs/Javdex/node_modules/@types/node/dns.d.ts
/Users/nut/Project/JavdexLabs/Javdex/node_modules/@types/node/dns/promises.d.ts
/Users/nut/Project/JavdexLabs/Javdex/node_modules/@types/node/domain.d.ts
/Users/nut/Project/JavdexLabs/Javdex/node_modules/@types/node/events.d.ts
/Users/nut/Project/JavdexLabs/Javdex/node_modules/@types/node/fs.d.ts
/Users/nut/Project/JavdexLabs/Javdex/node_modules/@types/node/fs/promises.d.ts
/Users/nut/Project/JavdexLabs/Javdex/node_modules/@types/node/http.d.ts
/Users/nut/Project/JavdexLabs/Javdex/node_modules/@types/node/http2.d.ts
/Users/nut/Project/JavdexLabs/Javdex/node_modules/@types/node/https.d.ts
/Users/nut/Project/JavdexLabs/Javdex/node_modules/@types/node/inspector.d.ts
/Users/nut/Project/JavdexLabs/Javdex/node_modules/@types/node/inspector.generated.d.ts
/Users/nut/Project/JavdexLabs/Javdex/node_modules/@types/node/module.d.ts
/Users/nut/Project/JavdexLabs/Javdex/node_modules/@types/node/net.d.ts
/Users/nut/Project/JavdexLabs/Javdex/node_modules/@types/node/os.d.ts
/Users/nut/Project/JavdexLabs/Javdex/node_modules/@types/node/path.d.ts
/Users/nut/Project/JavdexLabs/Javdex/node_modules/@types/node/perf_hooks.d.ts
/Users/nut/Project/JavdexLabs/Javdex/node_modules/@types/node/process.d.ts
/Users/nut/Project/JavdexLabs/Javdex/node_modules/@types/node/punycode.d.ts
/Users/nut/Project/JavdexLabs/Javdex/node_modules/@types/node/querystring.d.ts
/Users/nut/Project/JavdexLabs/Javdex/node_modules/@types/node/readline.d.ts
/Users/nut/Project/JavdexLabs/Javdex/node_modules/@types/node/readline/promises.d.ts
/Users/nut/Project/JavdexLabs/Javdex/node_modules/@types/node/repl.d.ts
/Users/nut/Project/JavdexLabs/Javdex/node_modules/@types/node/sea.d.ts
/Users/nut/Project/JavdexLabs/Javdex/node_modules/@types/node/sqlite.d.ts
/Users/nut/Project/JavdexLabs/Javdex/node_modules/@types/node/stream.d.ts
/Users/nut/Project/JavdexLabs/Javdex/node_modules/@types/node/stream/promises.d.ts
/Users/nut/Project/JavdexLabs/Javdex/node_modules/@types/node/stream/consumers.d.ts
/Users/nut/Project/JavdexLabs/Javdex/node_modules/@types/node/stream/web.d.ts
/Users/nut/Project/JavdexLabs/Javdex/node_modules/@types/node/string_decoder.d.ts
/Users/nut/Project/JavdexLabs/Javdex/node_modules/@types/node/test.d.ts
/Users/nut/Project/JavdexLabs/Javdex/node_modules/@types/node/timers.d.ts
/Users/nut/Project/JavdexLabs/Javdex/node_modules/@types/node/timers/promises.d.ts
/Users/nut/Project/JavdexLabs/Javdex/node_modules/@types/node/tls.d.ts
/Users/nut/Project/JavdexLabs/Javdex/node_modules/@types/node/trace_events.d.ts
/Users/nut/Project/JavdexLabs/Javdex/node_modules/@types/node/tty.d.ts
/Users/nut/Project/JavdexLabs/Javdex/node_modules/@types/node/url.d.ts
/Users/nut/Project/JavdexLabs/Javdex/node_modules/@types/node/util.d.ts
/Users/nut/Project/JavdexLabs/Javdex/node_modules/@types/node/v8.d.ts
/Users/nut/Project/JavdexLabs/Javdex/node_modules/@types/node/vm.d.ts
/Users/nut/Project/JavdexLabs/Javdex/node_modules/@types/node/wasi.d.ts
/Users/nut/Project/JavdexLabs/Javdex/node_modules/@types/node/worker_threads.d.ts
/Users/nut/Project/JavdexLabs/Javdex/node_modules/@types/node/zlib.d.ts
/Users/nut/Project/JavdexLabs/Javdex/node_modules/@types/node/index.d.ts
/Users/nut/Project/JavdexLabs/Javdex/node_modules/@types/better-sqlite3/index.d.ts
/Users/nut/Project/JavdexLabs/Javdex/src/shared/actressNameNormalization.ts
/Users/nut/Project/JavdexLabs/Javdex/src/main/db/actressNameNormalization.ts
/Users/nut/Project/JavdexLabs/Javdex/src/shared/classificationNameNormalization.ts
/Users/nut/Project/JavdexLabs/Javdex/src/shared/localPathIdentity.ts
/Users/nut/Project/JavdexLabs/Javdex/src/shared/relatedLinkUrl.ts
/Users/nut/Project/JavdexLabs/Javdex/src/shared/videoCode.ts
/Users/nut/Project/JavdexLabs/Javdex/src/shared/videoResourceIdentity.ts
/Users/nut/Project/JavdexLabs/Javdex/src/main/db/schema.ts
/Users/nut/Project/JavdexLabs/Javdex/src/main/db/migrations.ts
/Users/nut/Project/JavdexLabs/Javdex/src/main/db/database.ts
/Users/nut/Project/JavdexLabs/Javdex/src/shared/legacyLibraryCleanup.ts
/Users/nut/Project/JavdexLabs/Javdex/src/shared/commonTypes.ts
/Users/nut/Project/JavdexLabs/Javdex/src/shared/relatedLinkTypes.ts
/Users/nut/Project/JavdexLabs/Javdex/src/shared/avatarCropConstants.ts
/Users/nut/Project/JavdexLabs/Javdex/src/shared/avatarCrop.ts
/Users/nut/Project/JavdexLabs/Javdex/src/shared/actressTypes.ts
/Users/nut/Project/JavdexLabs/Javdex/src/shared/classificationTypes.ts
/Users/nut/Project/JavdexLabs/Javdex/src/shared/videoTypes.ts
/Users/nut/Project/JavdexLabs/Javdex/src/shared/mediaLibraryTypes.ts
/Users/nut/Project/JavdexLabs/Javdex/src/shared/mediaLibraryRootPath.ts
/Users/nut/Project/JavdexLabs/Javdex/src/main/db/mediaLibraryRepo.ts
/Users/nut/Project/JavdexLabs/Javdex/src/shared/libraryTypes.ts
/Users/nut/Project/JavdexLabs/Javdex/src/main/db/libraryScanRepo.ts
/Users/nut/Project/JavdexLabs/Javdex/src/shared/scanAuditView.ts
/Users/nut/Project/JavdexLabs/Javdex/src/shared/scanAuditReadTypes.ts
/Users/nut/Project/JavdexLabs/Javdex/src/main/services/scanAuditReadPolicy.ts
/Users/nut/Project/JavdexLabs/Javdex/src/main/services/scanAuditReadHeader.ts
/Users/nut/Project/JavdexLabs/Javdex/scripts/performance/prototypes/scan-audit-staging.prototype.ts
/Users/nut/Project/JavdexLabs/Javdex/scripts/performance/scan-audit-staging-prototype.ts
/Users/nut/Project/JavdexLabs/Javdex/scripts/performance/prototypes/scan-audit-staging-crash-child.prototype.ts
/Users/nut/Project/JavdexLabs/Javdex/node_modules/electron-vite/node.d.ts
