▶ libraryScanRepo latest snapshot
  ✔ keeps a valid summary pinned to its run when its audit is NULL (12.963334ms)
  ✔ falls back for malformed summary by timestamp then id, excluding NULL bodies without a status filter (8.967333ms)
  ✔ updates the pending path after a rename without rewriting the original scan audit (10.770667ms)
  ✔ returns summary, audit, and unrecognized files only from the requested library (8.735834ms)
  ✔ transactionally settles scan runs abandoned by the previous process (11.363459ms)
  ✔ releases archive and root-migration busy gates after restart recovery (14.433625ms)
  ✔ returns an empty snapshot before the first run and rejects an unknown library (9.999583ms)
✔ libraryScanRepo latest snapshot (77.875917ms)
✔ reads a scoped audit header without loading audit JSON or pending path arrays (22.270042ms)
✔ keeps summary failure semantics and rejects oversized summary/header payloads (14.587375ms)
✔ keeps header summary, audit availability and unrecognized count in one WAL snapshot (12.324292ms)
▶ finishLibraryScanRun unrecognized replacement transaction
  ✔ finishes with 40000 replacement root IDs without exceeding SQLite bind limits (22.765291ms)
  ✔ deduplicates replacement roots and skips incoming files outside the selected roots (10.921208ms)
  ✔ clears selected roots when there are no matching incoming files and preserves other roots (9.023333ms)
  ✔ does not replace files for absent root targets (12.992375ms)
  ✔ does not replace files for empty root targets (10.388792ms)
  ✔ failed run never replaces preexisting unrecognized rows (13.615875ms)
  ✔ cancelled run never replaces preexisting unrecognized rows (15.446458ms)
  ✔ rolls back run, state and all original unrecognized rows when a duplicate normalized path fails insertion (12.801542ms)
✔ finishLibraryScanRun unrecognized replacement transaction (108.195416ms)
✔ does not hold a writer lock during audit stringify before the deferred transaction’s first SQL statement (10.943166ms)
✔ does not delete another library’s unrecognized rows even when its root ID is in the replacement set (9.081083ms)
✔ keeps exact-run and latest non-NULL policies distinct, scoped and deterministically ordered (13.153833ms)
✔ does not silently filter empty, malformed, or nonterminal legacy audit bodies (10.689292ms)
✔ projects only requested fields and counts raw UTF-8 bytes including NUL (8.584083ms)
✔ binds literal run IDs and leaves snapshot ownership with the reader transaction (8.749708ms)
✔ selects only published entries, scopes exact reads, and orders mixed formats by the same timestamp/id (9.443791ms)
✔ reconstructs all five ordered arrays and counts stored UTF-8 payload without hydrating identity/bytes (8.823041ms)
✔ throws for inconsistent new metadata, embedded sections, invalid final audits, and mismatched file keys (15.7575ms)
✔ keeps standalone multi-query body reconstruction on one snapshot during concurrent run deletion (9.988334ms)
✔ rejects duplicate metadata root keys even when JSON.parse would keep a valid final value (9.57975ms)
▶ scan latest IPC handler
  ✔ validates libraryId and forwards the scoped latest snapshot (1.279542ms)
✔ scan latest IPC handler (1.607542ms)
✔ bounds the combined audit presence request and validates its library (0.912959ms)
✔ bounds scan pages and validates scoped detail and anchor inputs (0.469ms)
✔ routes audit header/page through the async reader with trusted budgets and strict scope (0.550167ms)
✔ routes combined view pages with trusted budgets and preserves query and result fields (0.554292ms)
✔ accepts every combined tab/outcome/filter, canonicalizable locales and strict failed anchors (1.030459ms)
✔ rejects invalid combined queries, locales, anchors, snapshots and argument counts (1.086417ms)
✔ propagates combined reader errors instead of falling back to another snapshot or raw page (0.181208ms)
✔ rejects invalid reveal paths before permission lookup and retains strict IPC arguments (0.22825ms)
✔ does not access or reveal an unauthorized audit path (0.093666ms)
✔ returns a handled verification error when the permission reader rejects (0.052667ms)
✔ awaits permission and asynchronous access before revealing the original path exactly once (0.083375ms)
✔ returns fileMissing on asynchronous access failure without revealing (0.09075ms)
▶ libraryScanAuditStore
  ✔ uses the latest non-NULL database body and never falls back to disk on missing or malformed persisted audit (13.41575ms)
  ✔ atomically replaces and restores the complete latest audit (1.412ms)
  ✔ fails closed for malformed audit documents (0.352167ms)
  ✔ reads schema 2 NFO dispositions while retaining schema 1 compatibility (0.609917ms)
✔ libraryScanAuditStore (16.251583ms)
✔ executes real read-only tag queries and observes writes through the worker cache (52.439917ms)
✔ rejects a changed catalog version at worker startup without migration (31.466791ms)
✔ settles in-flight initialization and queued requests when disposed (28.103792ms)
✔ executes all classification cover pages on the readonly worker and observes committed writes (50.946625ms)
✔ rejects image initialization against an incompatible schema without rewriting it (25.731042ms)
✔ reads bounded audit pages in the real worker, isolates operations and observes audit replacement (50.121667ms)
✔ reads audit headers on the real worker without building an index from the audit body (24.212875ms)
✔ reads combined views in the real worker, upgrades raw pages and rebuilds after writes and failures (64.426875ms)
✔ keeps missing-body pending pages available and rejects a superseded summary on the real worker (63.7935ms)
✔ checks latest audit paths on the real worker and rejects invalid later entries after a match (22.175459ms)
✔ matches legacy raw pages, filtered views, header and compatibility readers for published entries (105.149625ms)
✔ keeps all unpublished states unavailable and preserves source, index and page budgets (30.706083ms)
✔ rejects published metadata with wrong identities or embedded collections instead of silently overriding it (68.1515ms)
✔ reuses one index and releases it before changes, revision failures and disposal (0.835875ms)
✔ expires an idle index, resets the deadline on use and cancels expiry on disposal (0.277458ms)
✔ upgrades raw to combined views with one live index, then reuses it for both operations (0.256334ms)
✔ matches legacy validation and folded path membership across all permitted sources (19.722167ms)
✔ uses the latest non-null run, ignores summary identity and allows indexed unrecognized paths without parsing bad audit (15.954208ms)
✔ never parses the complete body in JavaScript and validates later entries after an early path match (21.827792ms)
✔ keeps authorization on one WAL snapshot when a writer replaces the audit during entry validation (14.662375ms)
✔ fails closed on duplicate known fields and object strings instead of object entries (10.807792ms)
✔ checks the trusted source cap before parsing json JSON (10.258167ms)
✔ checks the trusted source cap before parsing entries JSON (9.142375ms)
✔ matches the legacy permission oracle for published entries and ignores unpublished manifests (14.667958ms)
✔ rejects invalid entry metadata, hidden collections, duplicate identity and mismatched published identity (19.930375ms)
✔ validates every entry after a match and checks file key identity without weakening legacy validators (13.877958ms)
✔ streams published entries in ordinal order with small JS parses and one WAL snapshot (40.758208ms)
✔ pages every section with stable ordinal, filtered totals and independent results (27.081084ms)
✔ holds an immutable copied snapshot across writer changes and leaves main schema/data unchanged (14.934958ms)
✔ rejects source/index/page budget overflows without truncation and can rebuild after failure (20.224708ms)
✔ rejects wrong scope, mismatched versions/identity, malformed collections and non-object entries (34.574666ms)
✔ copies all collections from one read snapshot when the writer commits during construction (17.434541ms)
✔ matches every historical view field/order across combined filters, Unicode search and pages (109.487ms)
✔ locates failed-view anchors, clamps shrink/overflow, and keeps copied pending-path state (39.448792ms)
✔ rejects invalid view inputs and oversized output without mutating the source (19.140083ms)
✔ reuses one bounded search result across pages and restores read-only mode after TEMP exhaustion (21.903584ms)
✔ preserves pending paths without an audit body only for the exact current summary (18.673542ms)
✔ does not hide corrupt or over-budget audit bodies behind unrecognized-only fallback (26.781833ms)
ℹ tests 84
ℹ suites 4
ℹ pass 84
ℹ fail 0
ℹ cancelled 0
ℹ skipped 0
ℹ todo 0
ℹ duration_ms 872.999208
