▶ libraryScanRepo latest snapshot
  ✔ keeps a valid summary pinned to its run when its audit is NULL (22.630625ms)
  ✔ falls back for malformed summary by timestamp then id, excluding NULL bodies without a status filter (15.045084ms)
  ✔ updates the pending path after a rename without rewriting the original scan audit (19.066292ms)
  ✔ returns summary, audit, and unrecognized files only from the requested library (16.378625ms)
  ✔ transactionally settles scan runs abandoned by the previous process (14.95675ms)
  ✔ releases archive and root-migration busy gates after restart recovery (16.979916ms)
  ✔ returns an empty snapshot before the first run and rejects an unknown library (8.328542ms)
✔ libraryScanRepo latest snapshot (114.308208ms)
✔ reads a scoped audit header without loading audit JSON or pending path arrays (25.395833ms)
✔ keeps summary failure semantics and rejects oversized summary/header payloads (12.11425ms)
✔ keeps header summary, audit availability and unrecognized count in one WAL snapshot (9.09725ms)
▶ finishLibraryScanRun unrecognized replacement transaction
  ✔ finishes with 40000 replacement root IDs without exceeding SQLite bind limits (16.225917ms)
  ✔ deduplicates replacement roots and skips incoming files outside the selected roots (10.049334ms)
  ✔ clears selected roots when there are no matching incoming files and preserves other roots (9.429042ms)
  ✔ does not replace files for absent root targets (7.499375ms)
  ✔ does not replace files for empty root targets (11.59975ms)
  ✔ failed run never replaces preexisting unrecognized rows (13.290917ms)
  ✔ cancelled run never replaces preexisting unrecognized rows (12.818375ms)
  ✔ rolls back run, state and all original unrecognized rows when a duplicate normalized path fails insertion (7.825125ms)
✔ finishLibraryScanRun unrecognized replacement transaction (88.94125ms)
✔ does not hold a writer lock during audit stringify before the deferred transaction’s first SQL statement (11.619875ms)
✔ does not delete another library’s unrecognized rows even when its root ID is in the replacement set (12.46175ms)
✔ keeps exact-run and latest non-NULL policies distinct, scoped and deterministically ordered (17.286125ms)
✔ does not silently filter empty, malformed, or nonterminal legacy audit bodies (11.521458ms)
✔ projects only requested fields and counts raw UTF-8 bytes including NUL (14.021834ms)
✔ binds literal run IDs and leaves snapshot ownership with the reader transaction (13.267708ms)
▶ scan latest IPC handler
  ✔ validates libraryId and forwards the scoped latest snapshot (1.214125ms)
✔ scan latest IPC handler (1.511667ms)
✔ bounds the combined audit presence request and validates its library (0.774209ms)
✔ bounds scan pages and validates scoped detail and anchor inputs (0.412041ms)
✔ routes audit header/page through the async reader with trusted budgets and strict scope (0.535167ms)
✔ routes combined view pages with trusted budgets and preserves query and result fields (0.496875ms)
✔ accepts every combined tab/outcome/filter, canonicalizable locales and strict failed anchors (0.941291ms)
✔ rejects invalid combined queries, locales, anchors, snapshots and argument counts (0.895708ms)
✔ propagates combined reader errors instead of falling back to another snapshot or raw page (0.179666ms)
✔ rejects invalid reveal paths before permission lookup and retains strict IPC arguments (0.20575ms)
✔ does not access or reveal an unauthorized audit path (0.085542ms)
✔ returns a handled verification error when the permission reader rejects (0.048917ms)
✔ awaits permission and asynchronous access before revealing the original path exactly once (0.079667ms)
✔ returns fileMissing on asynchronous access failure without revealing (0.0835ms)
▶ libraryScanAuditStore
  ✔ uses the latest non-NULL database body and never falls back to disk on missing or malformed persisted audit (17.281125ms)
  ✔ atomically replaces and restores the complete latest audit (3.221334ms)
  ✔ fails closed for malformed audit documents (2.533875ms)
  ✔ reads schema 2 NFO dispositions while retaining schema 1 compatibility (2.3055ms)
✔ libraryScanAuditStore (25.949708ms)
✔ executes real read-only tag queries and observes writes through the worker cache (39.873375ms)
✔ rejects a changed catalog version at worker startup without migration (29.766042ms)
✔ settles in-flight initialization and queued requests when disposed (30.32825ms)
✔ executes all classification cover pages on the readonly worker and observes committed writes (43.534625ms)
✔ rejects image initialization against an incompatible schema without rewriting it (29.749ms)
✔ reads bounded audit pages in the real worker, isolates operations and observes audit replacement (57.263583ms)
✔ reads audit headers on the real worker without building an index from the audit body (23.831584ms)
✔ reads combined views in the real worker, upgrades raw pages and rebuilds after writes and failures (61.836042ms)
✔ keeps missing-body pending pages available and rejects a superseded summary on the real worker (66.833125ms)
✔ checks latest audit paths on the real worker and rejects invalid later entries after a match (22.282167ms)
✔ matches legacy validation and folded path membership across all permitted sources (24.489042ms)
✔ uses the latest non-null run, ignores summary identity and allows indexed unrecognized paths without parsing bad audit (12.377375ms)
✔ never parses the complete body in JavaScript and validates later entries after an early path match (27.106541ms)
✔ keeps authorization on one WAL snapshot when a writer replaces the audit during entry validation (9.652042ms)
✔ fails closed on duplicate known fields and object strings instead of object entries (9.5345ms)
✔ checks the trusted source cap before parsing audit JSON (10.039166ms)
✔ pages every section with stable ordinal, filtered totals and independent results (33.029375ms)
✔ holds an immutable copied snapshot across writer changes and leaves main schema/data unchanged (17.230917ms)
✔ rejects source/index/page budget overflows without truncation and can rebuild after failure (23.728292ms)
✔ rejects wrong scope, mismatched versions/identity, malformed collections and non-object entries (39.165792ms)
✔ copies all collections from one read snapshot when the writer commits during construction (13.791041ms)
✔ matches every historical view field/order across combined filters, Unicode search and pages (138.764458ms)
✔ locates failed-view anchors, clamps shrink/overflow, and keeps copied pending-path state (53.8415ms)
✔ rejects invalid view inputs and oversized output without mutating the source (23.175125ms)
✔ reuses one bounded search result across pages and restores read-only mode after TEMP exhaustion (33.37625ms)
✔ preserves pending paths without an audit body only for the exact current summary (19.817167ms)
✔ does not hide corrupt or over-budget audit bodies behind unrecognized-only fallback (23.001375ms)
ℹ tests 68
ℹ suites 4
ℹ pass 68
ℹ fail 0
ℹ cancelled 0
ℹ skipped 0
ℹ todo 0
ℹ duration_ms 864.685709
