▶ file scan audit presentation
  ✔ added new video (0.830917ms)
  ✔ added existing video (0.048916ms)
  ✔ updated relocated (0.039125ms)
  ✔ updated metadata (0.047833ms)
  ✔ updated STRM (0.051708ms)
  ✔ pending new local (0.034584ms)
  ✔ pending retained STRM (0.035709ms)
  ✔ pending empty code and zero group (0.031583ms)
  ✔ skipped unchanged with video (0.059125ms)
  ✔ skipped short without video (0.057583ms)
  ✔ skipped duplicate with zero video (0.042625ms)
  ✔ unrecognized (0.03ms)
  ✔ STRM failure (0.028ms)
  ✔ processing failure (0.025416ms)
  ✔ preserves caller indices, path fallback and explicit undefined fields (0.055542ms)
✔ file scan audit presentation (1.860833ms)
▶ NFO secondary presentation
  ✔ imported: every primary outcome, warnings and attention (0.192917ms)
  ✔ skipped: every primary outcome, warnings and attention (0.094541ms)
  ✔ warning: every primary outcome, warnings and attention (0.136709ms)
  ✔ pending-candidate: every primary outcome, warnings and attention (0.120583ms)
  ✔ identity-conflict: every primary outcome, warnings and attention (0.09775ms)
  ✔ uses only the disposition-specific non-null pending id, including zero (0.072083ms)
✔ NFO secondary presentation (0.765541ms)
▶ resource scan audit presentation
  ✔ missing: full fields, source/title/display fallback and kinds (0.299416ms)
  ✔ removed_library_path: full fields, source/title/display fallback and kinds (0.449125ms)
  ✔ promoted_after_removal: full fields, source/title/display fallback and kinds (0.746625ms)
✔ resource scan audit presentation (1.527584ms)
✔ keeps optional enrichment fields structurally available without enriching raw views (0.039958ms)
▶ complete historical scan audit view items
  ✔ deduplicates cached paths exactly, retaining first root and order even without audit (0.187917ms)
  ✔ orders failed extras, attention files and pending groups; excludes only attention-listed cache paths (0.149083ms)
  ✔ preserves all-outcome order, duplicate audit files and indices after each outcome filter (0.178167ms)
  ✔ preserves NFO status precedence, historical group fields and failed/all differences (0.120959ms)
  ✔ added/updated and skipped tabs filter before indexing and do not enrich NFO status (0.06775ms)
  ✔ composes changes in removed/promoted/deleted order with independent indices and removed-video suppression (0.067541ms)
  ✔ does not mutate input or share enriched row objects between calls (0.075125ms)
✔ complete historical scan audit view items (0.888041ms)
ℹ tests 32
ℹ suites 4
ℹ pass 32
ℹ fail 0
ℹ cancelled 0
ℹ skipped 0
ℹ todo 0
ℹ duration_ms 122.830416
