▶ route builders and parsers
  ✔ round-trips library detail stacks (2.987ms)
  ✔ round-trips actress detail stacks (0.487167ms)
  ✔ round-trips playlist and classification entity detail stacks (0.933167ms)
  ✔ rejects malformed detail ids (0.340833ms)
  ✔ builds pending-center locations without page-level query concatenation (0.883541ms)
✔ route builders and parsers (6.745792ms)
▶ classification list query contract
  ✔ accepts only video count and update time sorting with video count descending by default (0.231792ms)
  ✔ includes organization search and sorting in the shareable query identity (0.196334ms)
  ✔ keeps series release sorting separate from classification-list sorting (0.105375ms)
✔ classification list query contract (0.707709ms)
▶ actress avatar filter query contract
  ✔ normalizes avatar filter values and omits the all default (0.197333ms)
  ✔ returns to the actress list without losing its query state (0.242792ms)
  ✔ keeps avatar filters distinct in the actress query hash (0.2175ms)
✔ actress avatar filter query contract (0.789042ms)
▶ actress status filter query contract
  ✔ parses the canonical status values and treats anything else as all (0.132792ms)
  ✔ omits the param for all and writes the canonical value otherwise (0.130083ms)
  ✔ includes status in the list query identity and ignores invalid values (0.084083ms)
  ✔ keeps search, gender and sort identity while only the status changes (0.096917ms)
  ✔ round-trips the status query through actress detail and back (0.209083ms)
  ✔ remembers the actress status filter across primary navigation (0.487ms)
✔ actress status filter query contract (1.247416ms)
▶ primary navigation memory
  ✔ restores query state per list and removes unrelated nested query keys (0.705208ms)
  ✔ persists search only when leaving a list root (0.152875ms)
  ✔ forgets a root so cross-nav no longer restores it (0.046375ms)
  ✔ resolves same-section vs cross-section sidebar targets (0.123417ms)
  ✔ builds nav link href from current search when active (0.245958ms)
✔ primary navigation memory (1.35425ms)
▶ navigation helpers
  ✔ removes playlist-detail resource filters when returning to the playlist list (0.228958ms)
  ✔ keeps home, search and media-library detail stacks scoped and reversible (1.316917ms)
  ✔ closes nested actress details back to their parent video context (0.57075ms)
  ✔ keeps stable series identity and release direction through its detail stack (0.173458ms)
  ✔ keeps director identity and query state through its stable detail stack (0.117167ms)
  ✔ opens an organization by stable id while preserving its role-list query (0.1005ms)
  ✔ keeps classification query only inside the same classification stack (0.069875ms)
  ✔ keeps video and actress navigation inside the stable organization stack (0.11ms)
  ✔ keeps video and actress navigation inside the pending workbench stack (0.089333ms)
  ✔ opens actress detail from the pending inbox and returns to it (0.07325ms)
✔ navigation helpers (3.00375ms)
▶ settings route contract
  ✔ builds canonical settings paths and resolves valid sections (0.218708ms)
✔ settings route contract (0.238916ms)
✔ locates a deep actor group and loads only its detail before paging (441.199417ms)
✔ keeps page and detail failures distinct and retries without a full list (196.629292ms)
✔ ignores a late old detail after selecting another group (151.369458ms)
✔ preserves an explicit decision across a category switch and detail overlay (239.366417ms)
✔ applies an ownership decision then clamps a deleted last page (174.414125ms)
✔ does not let a completed old mutation reset a newer group decision (295.051041ms)
✔ keeps actor paging in the all-domain view even when a scan item comes first (149.297917ms)
✔ asks the server about names outside the current page before editing (396.20675ms)
✔ keeps a stale resolution on the same group and requires a renewed decision (177.008333ms)
✔ isolates an old completion after navigating A to B and back to A (364.395417ms)
✔ stays on the deep-linked page after its selected group is resolved (173.007625ms)
✔ does not close a new discard dialog when an old A-B-A discard fails (301.40775ms)
✔ locates a deep-linked pending item, pages with a bounded cache and ignores a late detail (420.628625ms)
✔ shows an explicit page error and retries without fetching the full inbox (70.884834ms)
✔ recovers the last page after deletion and selects the surviving first item (87.837917ms)
✔ does not block a different queue when scrape count fails or reuse its disabled page total (87.834083ms)
✔ ignores an old page that resolves after navigation to a newer page (106.031083ms)
▶ PendingCenterPage scrape resolution
  ✔ carries an explicit director through merge-and-apply without stacking prompts (333.938708ms)
  ✔ previews either persisted identity and submits only after explicit confirmation (39.936458ms)
  ✔ shows the library filter only for scan decisions (25.059ms)
  ✔ clears the library filter from the scoped empty state and keeps the scan tab selected (25.861417ms)
✔ PendingCenterPage scrape resolution (425.345958ms)
✔ locates scan anchors, reads only selected details and ignores late details after paging (423.32925ms)
✔ reports page errors and missing selected records without treating them as an empty queue (112.119791ms)
✔ clamps the deleted last page and does not show an old library page (179.768542ms)
✔ uses only count on another category and count failure does not block that category (44.413958ms)
✔ does not block scrape on a library listing failure (46.223916ms)
✔ resolves identity deep links to the scoped identity pane without group detail reads (46.4605ms)
✔ retries rejected selected detail without reloading full queues (134.189834ms)
✔ loads actor details only in its category and keeps inactive summary counts current (187.695875ms)
✔ shows unknown actor count without blocking scan when summary fails (53.200708ms)
▶ conflictReviewRemote
  ✔ resolves ownership/merge/illegal and surfaces stale refresh (1.043542ms)
  ✔ discards a candidate and refreshes the queue (0.145042ms)
  ✔ validates replacement main names (0.232292ms)
  ✔ ignores an older live name inspection after a newer request wins (6.246583ms)
  ✔ invalidates an in-flight inspection cleanup (0.478459ms)
✔ conflictReviewRemote (8.737ms)
▶ conflictReviewSession
  ✔ resets decision draft when switching groups (0.49725ms)
  ✔ opens ownership replacement dialog when claimants need new main names (13.240084ms)
  ✔ applies refresh focus and stale message (0.161542ms)
  ✔ syncSelectedGroup initializes selection for the first available group (0.059375ms)
✔ conflictReviewSession (14.466875ms)
▶ pending center resolution state
  ✔ requires every scan resource to have an explicit valid target (0.957875ms)
  ✔ serializes scan targets only at the select-control boundary (0.559625ms)
  ✔ starts scrape candidates unselected and rejects stale candidate ids (0.0685ms)
  ✔ shows the same deterministic default primary ordering as persisted resolution (0.166542ms)
  ✔ labels scan decisions with their owning media library (0.101875ms)
  ✔ shows resource identity conflicts in the scan queue without exposing a local path (0.067333ms)
✔ pending center resolution state (3.294209ms)
▶ useConflictReviewController
  ✔ wires queue selection and resets dialog draft when switching groups (101.307083ms)
  ✔ routes resolve through the nested view-model commands (4.995375ms)
✔ useConflictReviewController (107.39425ms)
✔ preserves an explicit ownership decision while detail reads are disabled and reenabled (147.692208ms)
ℹ tests 81
ℹ suites 12
ℹ pass 81
ℹ fail 0
ℹ cancelled 0
ℹ skipped 0
ℹ todo 0
ℹ duration_ms 3652.309583
