{"sourceIterationPlans":[[{"id":4,"parent":0,"notused":156,"detail":"SEARCH video_resources USING INTEGER PRIMARY KEY (rowid>? AND rowid<?)"}],[{"id":4,"parent":0,"notused":156,"detail":"SEARCH video_resources USING INTEGER PRIMARY KEY (rowid>? AND rowid<?)"}]]}
✔ iterates source-managed resources in order while deleting, with bounded reads and rollback (23.895875ms)
▶ ScanCoordinator
  ✔ coalesces display progress while preserving per-file callbacks and the final event (11.690917ms)
  ✔ flushes pending progress before a failure without delaying the failure event (0.422166ms)
  ✔ binds an offline-created root identity and refreshes the frozen snapshot before scanning (0.641542ms)
  ✔ persists matching complete audit details with the latest summary (0.206583ms)
  ✔ publishes scan lifecycle events for every trigger (0.163208ms)
  ✔ uses one frozen configuration snapshot for the complete run (0.1045ms)
  ✔ reconciles resource identity pending rows only under roots proven safe after traversal (0.13025ms)
  ✔ preserves offline roots and removes only missing local resources under accessible roots (0.384917ms)
  ✔ aborts cleanup when a local path cannot be audited (0.213834ms)
  ✔ treats a root that becomes unreadable after traversal as offline (0.11275ms)
  ✔ rechecks the frozen root identity immediately before cleanup writes (0.113166ms)
  ✔ does not run cleanup after cancellation and releases the mutual-exclusion lease (0.197875ms)
  ✔ keeps resources after a coordinator-level failure (0.188667ms)
  ✔ skips every destructive cleanup after a file processing failure (0.067875ms)
  ✔ replaces the unrecognized-file snapshot after every safe completed scan (0.093667ms)
  ✔ completes safe cleanup with errors when failures are isolated to STRM files (0.1115ms)
  ✔ consumes deferred path cleanup only after a successful uncancelled scan (0.074792ms)
  ✔ keeps deferred path cleanup queued after a partial folder scan (0.078792ms)
  ✔ allows a full cleanup-only scan after the final configured folder was removed (0.077291ms)
  ✔ removes many non-primary resources without reading sibling resource lists (1.767ms)
  ✔ consumes cleanup references lazily and closes iteration on a path failure (0.140458ms)
  ✔ preserves all three cleanup audit sequences above the argument limit (218.488ms)
  ✔ removes resource-less memberships after deferred cleanup on a safe full scan (0.223417ms)
  ✔ persists a sanitized failed summary without running destructive cleanup (0.165083ms)
  ✔ rolls back resource cleanup and keeps pending roots when auto-delete fails (0.127791ms)
  ✔ keeps pending roots when the cleanup transaction cannot commit (0.092125ms)
  ✔ rejects duplicate scans and scans blocked by resource maintenance (10.256083ms)
✔ ScanCoordinator (246.898209ms)
ℹ tests 28
ℹ suites 1
ℹ pass 28
ℹ fail 0
ℹ cancelled 0
ℹ skipped 0
ℹ todo 0
ℹ duration_ms 622.363167
