✔ counts a large pending inbox without decoding its snapshots and follows deletions (170.755792ms)
✔ pages a 10k inbox without materializing snapshots, locates deep links and clamps deleted pages (130.016125ms)
✔ publishes sealed entries with run/state/unrecognized updates and exposes header/body/permissions (19.969125ms)
✔ rolls back every finish write when late publication fails, then retries the same sealed audit (11.67475ms)
✔ rejects wrong scope, collecting manifests and metadata mismatches without partial writes (19.767542ms)
✔ rejects persisted run mismatches, incompatible completion status and oversized metadata before changing data (14.424084ms)
✔ publishes failed audit without replacing previous unrecognized files (11.545333ms)
✔ publishes cancelled audit without replacing previous unrecognized files (8.044875ms)
✔ abandons interrupted collecting/sealed audits while preserving published history and all entries, idempotently (19.521167ms)
✔ abandons already-terminal unexposed manifests even when no interrupted runs remain (12.404042ms)
✔ rolls back recovery run/state/manifest changes on abandonment failure and succeeds on retry (13.099875ms)
✔ publishes the actual writer after stable upserts and an NFO revision through the production finish transaction (8.900125ms)
✔ upserts exact file paths with stable ordinals, appends other sections and preserves UTF-8 bytes (11.748417ms)
✔ rolls back the entire batch including earlier upserts after a later SQL failure (11.303292ms)
✔ participates in caller transactions and uses savepoints for recoverable batch errors (11.13525ms)
✔ patches NFO in place without inserting missing files or losing the primary audit outcome (11.79475ms)
✔ seals final metadata atomically, keeps the run running, and does not publish or permit late writes (11.652083ms)
✔ seals unchanged metadata without a forbidden no-op metadata update (14.710625ms)
✔ guards scope, running status and legacy JSON and snapshots scope against caller mutation (8.557833ms)
✔ rejects malformed metadata and section shapes without writing anything (42.293541ms)
✔ enforces item, normalized batch and reserved single-page budgets without truncation (22.991917ms)
✔ writes and patches all sections, seals, finishes through the actual repository, and reads compatibility output (11.782125ms)
✔ rejects raw oversized stored entries before selecting their JSON for an NFO patch (16.756584ms)
✔ reads only detached NFO values and distinguishes missing files from absent NFO (8.901542ms)
✔ rejects invalid raw NFO values instead of treating them as absent (10.434917ms)
✔ checks NFO read scope and lifecycle even for missing paths (7.868625ms)
✔ rejects oversized raw rows before projecting any NFO JSON (18.673917ms)
▶ LocalNfoSourceAdapter
  ✔ reads its own exported samples with a separate background (portable-v1) (7.926875ms)
  ✔ reads its own exported samples with a separate background (jellyfin-current) (4.3885ms)
  ✔ reads its own exported samples with a separate background (emby-kodi-conservative) (3.143542ms)
  ✔ reads its own exported samples with a separate background (plex-nfo-1.43.1+) (4.556125ms)
  ✔ reads its own exported samples with a separate background (infuse-current) (1.853041ms)
  ✔ keeps explicit and discovered samples scoped to their video in a shared directory (3.04225ms)
  ✔ collects one candidate per physical NFO with local asset capabilities and no paths (5.677ms)
  ✔ uses explicit gender, then existing actor gender, then dialect default (0.964833ms)
  ✔ keeps actress avatar positions aligned after gender field projection (1.137834ms)
  ✔ reads legacy and Kodi actor filenames and follows explicit references for repeated spaces (3.022208ms)
  ✔ treats no sidecar as a quiet no-match and excludes mismatched NFO identity (0.662917ms)
✔ LocalNfoSourceAdapter (37.138458ms)
▶ videoMetadataCandidateStager
  ✔ stages remote and managed-root assets without persisting host paths (14.608709ms)
✔ videoMetadataCandidateStager (15.401208ms)
▶ ScanCoordinator
  ✔ coalesces display progress while preserving per-file callbacks and the final event (16.389ms)
  ✔ flushes pending progress before a failure without delaying the failure event (1.127125ms)
  ✔ binds an offline-created root identity and refreshes the frozen snapshot before scanning (1.694375ms)
  ✔ persists matching complete audit details with the latest summary (0.82625ms)
  ✔ publishes scan lifecycle events for every trigger (0.444333ms)
  ✔ uses one frozen configuration snapshot for the complete run (0.302958ms)
  ✔ reconciles resource identity pending rows only under roots proven safe after traversal (0.335042ms)
  ✔ preserves offline roots and removes only missing local resources under accessible roots (0.918958ms)
  ✔ aborts cleanup when a local path cannot be audited (0.381583ms)
  ✔ treats a root that becomes unreadable after traversal as offline (0.211375ms)
  ✔ rechecks the frozen root identity immediately before cleanup writes (0.187167ms)
  ✔ does not run cleanup after cancellation and releases the mutual-exclusion lease (0.234083ms)
  ✔ keeps resources after a coordinator-level failure (0.15025ms)
  ✔ skips every destructive cleanup after a file processing failure (0.240083ms)
  ✔ replaces the unrecognized-file snapshot after every safe completed scan (0.305792ms)
  ✔ completes safe cleanup with errors when failures are isolated to STRM files (0.36525ms)
  ✔ consumes deferred path cleanup only after a successful uncancelled scan (0.166208ms)
  ✔ keeps deferred path cleanup queued after a partial folder scan (0.119791ms)
  ✔ allows a full cleanup-only scan after the final configured folder was removed (0.066584ms)
  ✔ removes many non-primary resources without reading sibling resource lists (2.145ms)
  ✔ consumes cleanup references lazily and closes iteration on a path failure (0.216583ms)
  ✔ preserves all three cleanup audit sequences above the argument limit (285.633375ms)
  ✔ removes resource-less memberships after deferred cleanup on a safe full scan (0.263125ms)
  ✔ persists a sanitized failed summary without running destructive cleanup (0.215166ms)
  ✔ rolls back resource cleanup and keeps pending roots when auto-delete fails (0.174375ms)
  ✔ keeps pending roots when the cleanup transaction cannot commit (0.139875ms)
  ✔ rejects duplicate scans and scans blocked by resource maintenance (5.861417ms)
✔ ScanCoordinator (320.238917ms)
✔ reads pending audit summaries with only referenced groups and all exact pending paths (0.196834ms)
✔ skips the pending audit DB reader for no-files (0.091667ms)
✔ skips the pending audit DB reader for non-pending (0.0385ms)
✔ skips the pending audit DB reader for pending-without-group (0.031958ms)
✔ keeps original first root for cleanup and unrecognized summary with parent-first (0.234542ms)
✔ keeps original first root for cleanup and unrecognized summary with child-first (0.062875ms)
✔ uses the early realPath alias for cleanup but only configured paths for summary (0.119459ms)
✔ does not try a later matching root after cleanup-present authorization fails (0.118875ms)
✔ does not try a later matching root after cleanup-missing authorization fails (0.064125ms)
✔ does not try a later matching root after summary authorization fails (0.067333ms)
✔ reauthorizes the first matching root for unknown pending paths without inspecting unmatched paths or falling back (0.128208ms)
▶ scanFolders
  ✔ rejects an archived library atomically when manual import resumes after probing (12.395584ms)
  ✔ rejects manual import when the root is physically replaced while duration probing is suspended (11.552375ms)
Scan error for /var/folders/h4/zxrt6zwx6dv1n16kwxzltqgh0000gn/T/javdex-scan-FuSNRT/scan-replaced-root/RACE-003.mp4 Error: 只能操作身份有效的启用媒体库根目录内文件
    at rejectManagedRootFile (/Users/nut/Project/JavdexLabs/Javdex/src/main/services/mediaLibraryRootFileGuard.ts:32:9)
    at requireCurrentRootIdentity (/Users/nut/Project/JavdexLabs/Javdex/src/main/services/mediaLibraryRootFileGuard.ts:86:5)
    at assertRootFile (/Users/nut/Project/JavdexLabs/Javdex/src/main/services/mediaLibraryRootFileGuard.ts:98:27)
    at assertMediaLibraryRootFile (/Users/nut/Project/JavdexLabs/Javdex/src/main/services/mediaLibraryRootFileGuard.ts:170:3)
    at authorizeMediaLibraryRootFile (/Users/nut/Project/JavdexLabs/Javdex/src/main/services/mediaLibraryRootFileGuard.ts:230:3)
    at authorizeFileWrite (/Users/nut/Project/JavdexLabs/Javdex/src/main/scanner/scanner.ts:679:7)
    at scanFolders (/Users/nut/Project/JavdexLabs/Javdex/src/main/scanner/scanner.ts:1202:7)
    at async TestContext.<anonymous> (/Users/nut/Project/JavdexLabs/Javdex/src/main/scanner/scanner.test.ts:447:20)
    at async Test.run (node:internal/test_runner/test:1332:7)
    at async Suite.processPendingSubtests (node:internal/test_runner/test:911:7)
  ✔ keeps scan state unchanged when a frozen root is physically replaced during probing (15.361875ms)
Scan error for /var/folders/h4/zxrt6zwx6dv1n16kwxzltqgh0000gn/T/javdex-scan-zfZg7r/rename-import-replaced-root/RACE-004.mp4 Error: 只能操作身份有效的启用媒体库根目录内文件
    at rejectManagedRootFile (/Users/nut/Project/JavdexLabs/Javdex/src/main/services/mediaLibraryRootFileGuard.ts:32:9)
    at requireCurrentRootIdentity (/Users/nut/Project/JavdexLabs/Javdex/src/main/services/mediaLibraryRootFileGuard.ts:86:5)
    at assertRootFile (/Users/nut/Project/JavdexLabs/Javdex/src/main/services/mediaLibraryRootFileGuard.ts:98:27)
    at assertMediaLibraryRootFile (/Users/nut/Project/JavdexLabs/Javdex/src/main/services/mediaLibraryRootFileGuard.ts:170:3)
    at authorizeMediaLibraryRootFile (/Users/nut/Project/JavdexLabs/Javdex/src/main/services/mediaLibraryRootFileGuard.ts:230:3)
    at authorizeFileWrite (/Users/nut/Project/JavdexLabs/Javdex/src/main/scanner/scanner.ts:679:7)
    at scanFolders (/Users/nut/Project/JavdexLabs/Javdex/src/main/scanner/scanner.ts:1132:9)
    at async renameAndImport (/Users/nut/Project/JavdexLabs/Javdex/src/main/scanner/scanner.ts:1556:20)
    at async TestContext.<anonymous> (/Users/nut/Project/JavdexLabs/Javdex/src/main/scanner/scanner.test.ts:536:19)
    at async Test.run (node:internal/test_runner/test:1332:7)
  ✔ does not commit or rename a replacement-root file when rename-import resumes after probing (16.391334ms)
  ✔ rejects a disabled target root at the resource transaction boundary (8.239291ms)
  ✔ reuses archived local and STRM source paths without crossing library ownership (17.049584ms)
  ✔ imports mixed local and STRM resources into one video and keeps the local file primary (11.212ms)
  ✔ chooses the scan primary independently of directory entry order (15.35225ms)
  ✔ reselects the primary when scanning into an existing resource-less video (9.998834ms)
  ✔ keeps mixed local and STRM resources in one masked pending group (12.463708ms)
  ✔ rejects a stale pending STRM assignment, refreshes its snapshot, then accepts it (11.094708ms)
  ✔ removes an invalidated STRM snapshot from the pending group on a later scan (11.666834ms)
  ✔ syncs a changed STRM target in place while preserving primary and user-maintained fields (11.662417ms)
  ✔ isolates invalid STRM files and retries them without replacing a bound target (15.147875ms)
  ✔ relocates STRM only when the complete filename and target identify one missing source (15.432958ms)
  ✔ loads STRM candidates once per scan across imports, moves and pending writes (184.60525ms)
  ✔ relocates a bound STRM after its video code has been corrected (13.287583ms)
  ✔ holds new resources for confirmation when several videos already use the code (14.396875ms)
  ✔ keeps an already-pending path out of relocation and refreshes its pending snapshot (42.931834ms)
  ✔ holds a same-scan multi-file code together when automatic assignment is disabled (24.900542ms)
  ✔ does not let an invalid STRM force a valid same-code video into confirmation (17.508958ms)
  ✔ persists a pending scan group across database reopen and assigns it atomically (24.247ms)
  ✔ rolls back every scan assignment when final pending-group deletion fails (15.722583ms)
  ✔ imports one unambiguous file normally when automatic assignment is disabled (16.363417ms)
  ✔ holds a new resource that matches one existing video when automatic assignment is disabled (10.241084ms)
  ✔ promotes the available resource when assigning into an existing video without a primary (9.758667ms)
  ✔ normalizes a manual code and attaches to an existing case-insensitive identity (53.785334ms)
  ✔ aborts when a nested directory cannot be audited (7.247666ms)
  ✔ imports a symbolic-link video by its link path and file name (8.81975ms)
  ✔ does not follow symbolic-link directories (6.843583ms)
  ✔ silently skips a broken symbolic-link video (7.741834ms)
  ✔ leaves missing-resource cleanup to the high-level scan coordinator (9.33425ms)
  ✔ keeps distinct symbolic-link paths that point to the same target (9.924083ms)
  ✔ keeps a resource under an unavailable root when the same code appears online (9.595958ms)
  ✔ relocates one same-code video by a unique file-size match without requiring the old name (8.625208ms)
  ✔ uses full file name and size to relocate safely when several videos share a code (9.165208ms)
  ✔ does not relocate when full file name and size match more than one duplicate-code video (9.184542ms)
  ✔ treats a new file normally when an old same-code path cannot be audited (9.567334ms)
  ✔ keeps an unrecognized rename and only rediscovers the renamed file (10.996333ms)
  ✔ uses the scan same-code pending flow when automatic merging is disabled (12.376208ms)
  ✔ renames and discovers the code without a manual code or target (8.682625ms)
  ✔ renames and imports an unrecognized STRM as a source-managed link (9.59075ms)
  ✔ imports recognized videos and reports unrecognized files (9.410667ms)
  ✔ reuses scanned directory entries when checking a directory without NFO files (43.35925ms)
  ✔ refreshes a changed local identity snapshot on rescan before user confirmation (14.173792ms)
  ✔ refreshes a changed strm identity snapshot on rescan before user confirmation (10.882375ms)
  ✔ uses NFO identity only for newly discovered resources when automatic import is enabled (13.027333ms)
  ✔ yields between immediately resolved NFO batches so abort runs without losing committed audits or primaries (57.849875ms)
  ✔ yields while delivering final audits but drains every committed entry and reports cancellation (48.515ms)
  ✔ yields inside one committed NFO batch and retains imported audits for all its anchors (34.366375ms)
  ✔ yields between completed primary selections and still settles every committed resource after abort (41.46575ms)
  ✔ handles cancellation during the only or first NFO application and preserves committed file audits (21.108959ms)
  ✔ aggregates first-discovery NFO candidates once per video after all resources are assigned (8.874792ms)
  ✔ does not count an existing pending resource identity as a new same-code file (8.828083ms)
  ✔ keeps distinct local NFO candidates in the existing confirmation workflow (12.27275ms)
  ✔ persists a filename/NFO identity conflict without creating formal library records (6.806041ms)
  ✔ persists only a masked STRM target projection for an NFO identity conflict (6.624375ms)
  ✔ keeps a valid filename import when its NFO is invalid and records only a secondary warning (7.784625ms)
  ✔ uses NFO identity across libraries but never overwrites a globally scraped-success video (8.376541ms)
  ✔ applies local NFO with fill-empty semantics for new and failed videos (11.561292ms)
  ✔ reattaches a scanned file to an existing no-resource video without replacing metadata (7.131375ms)
  ✔ yields while scanning large batches (41.885708ms)
  ✔ collects a very large root without overflowing call arguments before cancellation (1011.02375ms)
  ✔ stops when cancelled (31.061917ms)
  ✔ skips new imports shorter than 30 minutes (7.709875ms)
  ✔ skips short files before unrecognized handling (7.58275ms)
  ✔ stores probed duration on import (7.719833ms)
  ✔ refreshes duration when the file changes on rescan (8.010375ms)
  ✔ skips duration probe on rescan when file is unchanged (7.650459ms)
  ✔ emits one final audit outcome for every processed file (7.38325ms)
✔ scanFolders (2265.448959ms)
✔ matches final legacy callbacks on equivalent fresh catalogs including merged NFO and repeated paths (54.92125ms)
✔ commits singleton audit deliveries while the next duration probe is held, outside a database transaction (16.271791ms)
✔ timer cancellation preserves already committed entries and stops incremental delivery (18.674416ms)
✔ rejects mutually exclusive sinks before database, directory, probe or callback work (8.757375ms)
✔ propagates recordFile sink failure without converting it to processing_failure (11.220416ms)
✔ propagates readFileNfo sink failure without converting it to processing_failure (10.9015ms)
✔ propagates patchNfo sink failure without converting it to processing_failure (12.030375ms)
✔ treats a missing NFO patch target after a successful read as fatal (10.1045ms)
✔ rejects recordFile resolved thenables without late unhandled rejection (11.832958ms)
✔ rejects recordFile rejected thenables without late unhandled rejection (10.397208ms)
✔ rejects readFileNfo resolved thenables without late unhandled rejection (10.332834ms)
✔ rejects readFileNfo rejected thenables without late unhandled rejection (10.779542ms)
✔ rejects patchNfo resolved thenables without late unhandled rejection (11.965917ms)
✔ rejects patchNfo rejected thenables without late unhandled rejection (11.7125ms)
✔ atomically rolls back STRM target-update on native audit INSERT failure and retries with committed visibility (15.301834ms)
✔ atomically rolls back STRM relocation on native audit INSERT failure and retries with committed visibility (17.574709ms)
✔ rolls back invalid STRM pending deletion on native audit failure and retries with one committed failure (13.442541ms)
✔ rolls back local new-video business rows with native audit failure and retries atomically (14.573208ms)
✔ rolls back local existing-video business rows with native audit failure and retries atomically (15.925334ms)
✔ rolls back local must-confirm business rows with native audit failure and retries atomically (17.369458ms)
✔ rolls back local relocation business rows with native audit failure and retries atomically (20.809167ms)
✔ rolls back strm new-video business rows with native audit failure and retries atomically (19.124125ms)
✔ rolls back strm existing-video business rows with native audit failure and retries atomically (19.2955ms)
✔ rolls back strm must-confirm business rows with native audit failure and retries atomically (17.11325ms)
✔ rolls back local identity-create on native audit failure and commits retry with matching pending state (12.853542ms)
✔ rolls back local identity-refresh on native audit failure and commits retry with matching pending state (10.964875ms)
✔ rolls back local pending-refresh on native audit failure and commits retry with matching pending state (11.807666ms)
✔ rolls back strm identity-create on native audit failure and commits retry with matching pending state (11.324042ms)
✔ rolls back strm identity-refresh on native audit failure and commits retry with matching pending state (11.851167ms)
✔ rolls back strm pending-refresh on native audit failure and commits retry with matching pending state (11.404834ms)
✔ rolls back registered local fingerprint-backfill on audit failure, retries and leaves skipped probes unchanged (17.742375ms)
✔ rolls back registered local changed-fingerprint on audit failure, retries and leaves skipped probes unchanged (14.047333ms)
Scan error for /var/folders/h4/zxrt6zwx6dv1n16kwxzltqgh0000gn/T/javdex-scanner-sink-7kxg1A/media/AUTH-001.mp4 MediaLibraryRepoError: 媒体库根目录不存在、已停用或不属于该媒体库。
    at requireActivePersistedRoot (/Users/nut/Project/JavdexLabs/Javdex/src/main/services/mediaLibraryRootFileGuard.ts:203:11)
    at authorizeMediaLibraryRootFile (/Users/nut/Project/JavdexLabs/Javdex/src/main/services/mediaLibraryRootFileGuard.ts:229:16)
    at authorizeFileWrite (/Users/nut/Project/JavdexLabs/Javdex/src/main/scanner/scanner.ts:679:7)
    at scanFolders (/Users/nut/Project/JavdexLabs/Javdex/src/main/scanner/scanner.ts:1034:22) {
  code: 'ROOT_NOT_FOUND',
  conflict: undefined,
  currentRevision: undefined
}
✔ rechecks root authorization after an awaited registered-resource probe before writing business fields (12.683875ms)
✔ NFO transaction callback fault (12.671208ms)
✔ NFO transaction callback unchanged (12.339375ms)
✔ NFO transaction callback postcommit-warnings (34.2605ms)
✔ links real local NFO parsing and business apply to scanner audit rollback, then retries the captured NFO transaction (50.701125ms)
✔ rolls back actual ordinary NFO writes and callback writes, then retries successfully (14.815708ms)
✔ rolls back actual pending replacement, retains restored old assets, cleans new staging and retries (14.12875ms)
✔ rejects resolved async callbacks and rolls back ordinary synchronous writes (9.451083ms)
✔ rejects rejected async callbacks and rolls back ordinary synchronous writes (10.522292ms)
✔ rejects resolved async callbacks and rolls back pending synchronous writes (8.929792ms)
✔ rejects rejected async callbacks and rolls back pending synchronous writes (8.428041ms)
✔ notifies no-write outcomes synchronously and propagates callback failure (7.612042ms)
✔ deliver outcome callback precedes obsolete deletion and rolls back while preserving afterSuccessfulApply (11.834916ms)
✔ keeps committed application when postcommit avatar lookup fails and returns the later warning (11.540042ms)
✔ keeps committed pending disposition when obsolete staging cleanup fails after the callback (8.732625ms)
▶ videoScrapeApplyService.resolveEffectiveScrapeFields
  ✔ fillEmpty keeps only empty scalar fields (14.980167ms)
  ✔ fillEmpty evaluates female and male cast independently (10.779458ms)
  ✔ replaceIfPresent keeps all selected fields regardless of current values (11.008709ms)
  ✔ fillEmpty includes cast fields when video has no performers (15.528375ms)
✔ videoScrapeApplyService.resolveEffectiveScrapeFields (52.77325ms)
▶ videoScrapeApplyService.planVideoScrapeResult update matrix
  ✔ title follows fillEmpty semantics for every current and scraped value state (12.695291ms)
  ✔ title follows replaceIfPresent semantics for every current and scraped value state (10.652709ms)
  ✔ title follows replace semantics for every current and scraped value state (10.141667ms)
  ✔ summary follows fillEmpty semantics for every current and scraped value state (10.337375ms)
  ✔ summary follows replaceIfPresent semantics for every current and scraped value state (11.03825ms)
  ✔ summary follows replace semantics for every current and scraped value state (10.189292ms)
  ✔ cover follows fillEmpty semantics for every current and scraped value state (13.902333ms)
  ✔ cover follows replaceIfPresent semantics for every current and scraped value state (10.770375ms)
  ✔ cover follows replace semantics for every current and scraped value state (10.489959ms)
  ✔ releaseDate follows fillEmpty semantics for every current and scraped value state (14.461125ms)
  ✔ releaseDate follows replaceIfPresent semantics for every current and scraped value state (11.7135ms)
  ✔ releaseDate follows replace semantics for every current and scraped value state (11.696417ms)
  ✔ maker follows fillEmpty semantics for every current and scraped value state (11.941208ms)
  ✔ maker follows replaceIfPresent semantics for every current and scraped value state (9.4865ms)
  ✔ maker follows replace semantics for every current and scraped value state (9.544667ms)
  ✔ publisher follows fillEmpty semantics for every current and scraped value state (9.437792ms)
  ✔ publisher follows replaceIfPresent semantics for every current and scraped value state (12.734958ms)
  ✔ publisher follows replace semantics for every current and scraped value state (9.663167ms)
  ✔ series follows fillEmpty semantics for every current and scraped value state (9.070791ms)
  ✔ series follows replaceIfPresent semantics for every current and scraped value state (10.113542ms)
  ✔ series follows replace semantics for every current and scraped value state (10.575666ms)
  ✔ director follows fillEmpty semantics for every current and scraped value state (10.798583ms)
  ✔ director follows replaceIfPresent semantics for every current and scraped value state (11.215666ms)
  ✔ director follows replace semantics for every current and scraped value state (9.887834ms)
  ✔ duration follows fillEmpty semantics for every current and scraped value state (10.401417ms)
  ✔ duration follows replaceIfPresent semantics for every current and scraped value state (10.109541ms)
  ✔ duration follows replace semantics for every current and scraped value state (18.716875ms)
  ✔ actressesFemale follows fillEmpty semantics for every current and scraped value state (36.131ms)
  ✔ actressesFemale follows replaceIfPresent semantics for every current and scraped value state (21.087292ms)
  ✔ actressesFemale follows replace semantics for every current and scraped value state (20.852917ms)
  ✔ actressesMale follows fillEmpty semantics for every current and scraped value state (12.638458ms)
  ✔ actressesMale follows replaceIfPresent semantics for every current and scraped value state (16.039833ms)
  ✔ actressesMale follows replace semantics for every current and scraped value state (15.593792ms)
  ✔ tags follows fillEmpty semantics for every current and scraped value state (14.387375ms)
  ✔ tags follows replaceIfPresent semantics for every current and scraped value state (10.848084ms)
  ✔ tags follows replace semantics for every current and scraped value state (9.733917ms)
  ✔ source follows fillEmpty semantics for every current and scraped value state (9.364208ms)
  ✔ source follows replaceIfPresent semantics for every current and scraped value state (8.586875ms)
  ✔ source follows replace semantics for every current and scraped value state (8.809ms)
  ✔ rating follows fillEmpty semantics for every current and scraped value state (8.713542ms)
  ✔ rating follows replaceIfPresent semantics for every current and scraped value state (8.259792ms)
  ✔ rating follows replace semantics for every current and scraped value state (9.939458ms)
  ✔ samples follows fillEmpty semantics for every current and scraped value state (9.892208ms)
  ✔ samples follows replaceIfPresent semantics for every current and scraped value state (9.601917ms)
  ✔ samples follows replace semantics for every current and scraped value state (9.817125ms)
✔ videoScrapeApplyService.planVideoScrapeResult update matrix (543.415375ms)
▶ videoScrapeApplyService.applyScrapeResult
  ✔ builds a read-only plan before applying field changes (8.762542ms)
  ✔ applies scalar fields consistently across the three update modes (9.630916ms)
  ✔ does not record a successful scrape when no selected field can be written (8.006625ms)
  ✔ clears only the selected source site metadata in replace mode (9.128458ms)
  ✔ preserves existing cover and warns when a returned image is unavailable (9.000875ms)
  ✔ keeps the complete old sample set when any returned sample is unavailable (9.099833ms)
  ✔ replaces selected relation sets while preserving manual tags and the other cast gender (10.090959ms)
  ✔ keeps a committed scrape successful when post-commit library cleanup fails (9.362458ms)
  ✔ does not roll back scraped tags when orphan-tag cleanup fails after commit (9.294083ms)
  ✔ reuses the unique name owner for canonically equivalent scraped cast names (9.498875ms)
  ✔ does not create or link an actress for a migrated pending cast name (8.760375ms)
  ✔ replaceIfPresent updates existing scalars when scrape has values and keeps null scrape values (9.483667ms)
  ✔ stores external stats under ratingSourceName when provided (9.131ms)
  ✔ leaves downloaded cast avatars untouched for application-layer adoption (9.678583ms)
✔ videoScrapeApplyService.applyScrapeResult (129.259083ms)
▶ videoScrapeApplyService classification entity resolution
  ✔ preserves entity update semantics across fillEmpty, replaceIfPresent, and replace (10.662709ms)
  ✔ matches main names, aliases, and normalized equivalents without overwriting profiles (11.004209ms)
  ✔ creates only basic entities, reuses one organization across roles, and leaves series unowned (10.407083ms)
  ✔ rolls back scalar writes and newly created entities when a classification assignment fails (14.108084ms)
  ✔ keeps the current director when its alias is one of multiple candidates without updating the video (9.455125ms)
  ✔ pauses a single scrape for director choice and applies the selected candidate on retry (9.374209ms)
  ✔ preserves an ambiguous director in batch mode while applying safe fields with an actionable warning (9.693084ms)
  ✔ reports an invalid classification name structurally while applying safe fields (8.292292ms)
  ✔ treats same-name series in different owner scopes as ambiguous and never infers an owner (13.968875ms)
✔ videoScrapeApplyService classification entity resolution (97.167ms)
▶ videoScrapeApplyService.resolveVideoBatchTargets
  ✔ keeps active media-library batch targets inside their membership scope (10.519958ms)
  ✔ returns no targets for an archived media-library scope while preserving global compatibility (9.9175ms)
  ✔ excludes videos that already have a pending scrape decision (8.590084ms)
  ✔ filters by videos missing any selected metadata field (9.603542ms)
  ✔ combines status and missing-field filters (9.216959ms)
  ✔ treats a stored cover path as present even when the file is unreadable (9.070792ms)
✔ videoScrapeApplyService.resolveVideoBatchTargets (57.036042ms)
▶ videoScrapeApplyService tags emptiness
  ✔ fillEmpty ignores manual tags when deciding whether tags are empty (9.16325ms)
✔ videoScrapeApplyService tags emptiness (9.195875ms)
ℹ tests 273
ℹ suites 10
ℹ pass 273
ℹ fail 0
ℹ cancelled 0
ℹ skipped 0
ℹ todo 0
ℹ duration_ms 3131.625292
