focus after delete {
  tag: 'BODY',
  role: null,
  text: '待确认100 项待处理全部100扫描资源影片刮削演员名称冲突100演员名称冲突100Actor-51刮削 1 · 历史 0Actor-52刮削 1 · 历史 0Actor-53刮削 1 · 历史 0Actor-54刮削 1 · 历史 0Actor-55刮削 1 · 历史 0Actor-56刮削 1 · 历史 0Actor-57刮削 1 · 历史 0Actor',
  location: {
    pathname: '/pending',
    search: '?type=actress&item=actress%3Aactor-051&actressOffset=50',
    hash: '',
    state: null,
    key: '7r5pqz9g',
    mask: undefined
  }
}
node:internal/modules/run_main:123
    triggerUncaughtException(
    ^

page.waitForFunction: Timeout 30000ms exceeded.
    at /Users/nut/Project/JavdexLabs/Javdex/scripts/performance/pending-actress-ui.mjs:68:14 {
  log: [],
  name: 'TimeoutError'
}

Node.js v22.23.2
