▶ LocalNfoSourceAdapter
  ✔ reads its own exported samples with a separate background (portable-v1) (5.455083ms)
  ✔ reads its own exported samples with a separate background (jellyfin-current) (1.958958ms)
  ✔ reads its own exported samples with a separate background (emby-kodi-conservative) (1.735042ms)
  ✔ reads its own exported samples with a separate background (plex-nfo-1.43.1+) (1.428458ms)
  ✔ reads its own exported samples with a separate background (infuse-current) (1.389666ms)
  ✔ keeps explicit and discovered samples scoped to their video in a shared directory (5.702792ms)
  ✔ collects one candidate per physical NFO with local asset capabilities and no paths (6.189333ms)
  ✔ uses explicit gender, then existing actor gender, then dialect default (0.931709ms)
  ✔ keeps actress avatar positions aligned after gender field projection (1.043667ms)
  ✔ reads legacy and Kodi actor filenames and follows explicit references for repeated spaces (6.680625ms)
  ✔ treats no sidecar as a quiet no-match and excludes mismatched NFO identity (1.891292ms)
✔ LocalNfoSourceAdapter (35.083667ms)
✔ preserves the explicit array oracle for [] (0.475459ms)
✔ preserves the explicit array oracle for [null] (0.060958ms)
✔ preserves the explicit array oracle for [""] (0.033375ms)
✔ preserves the explicit array oracle for ["   "] (0.046416ms)
✔ preserves the explicit array oracle for [null,null] (0.045916ms)
✔ preserves the explicit array oracle for ["abc-001"," ABC-001 "] (0.03425ms)
✔ preserves the explicit array oracle for ["ABC-001","DEF-001"] (0.02825ms)
✔ preserves the explicit array oracle for ["abc",null] (0.031208ms)
✔ preserves the explicit array oracle for [" "," "] (0.03975ms)
✔ preserves the explicit array oracle for [null,"abc"] (0.045208ms)
✔ matches the old predicate for all short combinations including duplicates and invalid values (0.647875ms)
✔ retains immutable earlier snapshots while appending and consumes generators once (0.589ms)
✔ reads only the constant summary fields without normalizing its code again (0.038125ms)
▶ NFO sidecar locator
  ✔ prefers exact stem and reports a differing movie.nfo without exposing either path (5.936791ms)
  ✔ uses movie.nfo only for one anchor or one logical code and rejects mixed directories (1.30425ms)
  ✔ deduplicates physical sidecars and rejects symlink escapes at issue and read time (5.317834ms)
✔ NFO sidecar locator (13.524167ms)
✔ defaults to real incremental entries and publishes the same NFO/pending/cleanup audit as explicit legacy JSON (71.985458ms)
✔ rolls run admission and state back when starting the audit manifest fails (8.966875ms)
✔ does not falsely complete or replace old unrecognized rows after persistent file failure (17.858375ms)
✔ does not falsely complete or replace old unrecognized rows after persistent cleanup failure (28.15825ms)
✔ does not falsely complete or replace old unrecognized rows after persistent pending-refresh failure (27.596ms)
✔ does not falsely complete or replace old unrecognized rows after persistent seal failure (24.4305ms)
✔ does not falsely complete or replace old unrecognized rows after persistent publish failure (23.468916ms)
✔ a transient final publication fault cannot expose completed success or replace old unrecognized rows (23.2335ms)
✔ cancellation retains incremental entries and the previous unrecognized snapshot (22.270958ms)
✔ preserves committed partial counts on second-file storage failure (16.623083ms)
✔ preserves committed partial counts on nfo-tail storage failure (21.462625ms)
✔ leaves persistent failed-terminalization recoverable and startup preserves durable entries (17.635292ms)
Scan error for /var/folders/h4/zxrt6zwx6dv1n16kwxzltqgh0000gn/T/javdex-coordinator-entries-1Pl6PP/media/AAA-001.mp4 Error: duration processing fault
    at readDurationSeconds (/Users/nut/Project/JavdexLabs/Javdex/src/main/scanner/scanCoordinatorEntries.test.ts:55:170)
    at scanPreparedFolders (/Users/nut/Project/JavdexLabs/Javdex/src/main/scanner/scanner.ts:1183:32)
    at async scanFolders (/Users/nut/Project/JavdexLabs/Javdex/src/main/scanner/scanner.ts:489:12)
    at async ScanCoordinator.run (/Users/nut/Project/JavdexLabs/Javdex/src/main/scanner/scanCoordinator.ts:319:16)
    at async TestContext.<anonymous> (/Users/nut/Project/JavdexLabs/Javdex/src/main/scanner/scanCoordinatorEntries.test.ts:212:16)
    at async Test.run (node:internal/test_runner/test:1332:7)
    at async Test.processPendingSubtests (node:internal/test_runner/test:911:7)
✔ keeps cleanup blocked for processing failures alongside unrecognized files in entries mode (15.999917ms)
Scan error for /var/folders/h4/zxrt6zwx6dv1n16kwxzltqgh0000gn/T/javdex-coordinator-entries-2hQfai/media/AAA-001.mp4 Error: duration processing fault
    at readDurationSeconds (/Users/nut/Project/JavdexLabs/Javdex/src/main/scanner/scanCoordinatorEntries.test.ts:55:170)
    at scanPreparedFolders (/Users/nut/Project/JavdexLabs/Javdex/src/main/scanner/scanner.ts:1183:32)
    at async scanFolders (/Users/nut/Project/JavdexLabs/Javdex/src/main/scanner/scanner.ts:489:12)
    at async ScanCoordinator.run (/Users/nut/Project/JavdexLabs/Javdex/src/main/scanner/scanCoordinator.ts:319:16)
    at async TestContext.<anonymous> (/Users/nut/Project/JavdexLabs/Javdex/src/main/scanner/scanCoordinatorEntries.test.ts:212:16)
    at async Test.run (node:internal/test_runner/test:1332:7)
    at async Test.processPendingSubtests (node:internal/test_runner/test:911:7)
✔ keeps cleanup blocked for processing failures alongside unrecognized files in json mode (15.102458ms)
▶ scanFolders
  ✔ rejects an archived library atomically when manual import resumes after probing (19.429708ms)
  ✔ rejects manual import when the root is physically replaced while duration probing is suspended (11.722125ms)
Scan error for /var/folders/h4/zxrt6zwx6dv1n16kwxzltqgh0000gn/T/javdex-scan-RpR1ei/scan-replaced-root/RACE-003.mp4 Error: 只能操作身份有效的启用媒体库根目录内文件
    at rejectManagedRootFile (/Users/nut/Project/JavdexLabs/Javdex/src/main/services/mediaLibraryRootFileGuard.ts:32:9)
    at requireCurrentRootIdentity (/Users/nut/Project/JavdexLabs/Javdex/src/main/services/mediaLibraryRootFileGuard.ts:86:5)
    at assertRootFile (/Users/nut/Project/JavdexLabs/Javdex/src/main/services/mediaLibraryRootFileGuard.ts:98:27)
    at assertMediaLibraryRootFile (/Users/nut/Project/JavdexLabs/Javdex/src/main/services/mediaLibraryRootFileGuard.ts:170:3)
    at authorizeMediaLibraryRootFile (/Users/nut/Project/JavdexLabs/Javdex/src/main/services/mediaLibraryRootFileGuard.ts:230:3)
    at authorizeFileWrite (/Users/nut/Project/JavdexLabs/Javdex/src/main/scanner/scanner.ts:728:7)
    at scanPreparedFolders (/Users/nut/Project/JavdexLabs/Javdex/src/main/scanner/scanner.ts:1255:7)
    at async scanFolders (/Users/nut/Project/JavdexLabs/Javdex/src/main/scanner/scanner.ts:489:12)
    at async TestContext.<anonymous> (/Users/nut/Project/JavdexLabs/Javdex/src/main/scanner/scanner.test.ts:448:20)
    at async Test.run (node:internal/test_runner/test:1332:7)
  ✔ keeps scan state unchanged when a frozen root is physically replaced during probing (18.359875ms)
Scan error for /var/folders/h4/zxrt6zwx6dv1n16kwxzltqgh0000gn/T/javdex-scan-vLPOqm/rename-import-replaced-root/RACE-004.mp4 Error: 只能操作身份有效的启用媒体库根目录内文件
    at rejectManagedRootFile (/Users/nut/Project/JavdexLabs/Javdex/src/main/services/mediaLibraryRootFileGuard.ts:32:9)
    at requireCurrentRootIdentity (/Users/nut/Project/JavdexLabs/Javdex/src/main/services/mediaLibraryRootFileGuard.ts:86:5)
    at assertRootFile (/Users/nut/Project/JavdexLabs/Javdex/src/main/services/mediaLibraryRootFileGuard.ts:98:27)
    at assertMediaLibraryRootFile (/Users/nut/Project/JavdexLabs/Javdex/src/main/services/mediaLibraryRootFileGuard.ts:170:3)
    at authorizeMediaLibraryRootFile (/Users/nut/Project/JavdexLabs/Javdex/src/main/services/mediaLibraryRootFileGuard.ts:230:3)
    at authorizeFileWrite (/Users/nut/Project/JavdexLabs/Javdex/src/main/scanner/scanner.ts:728:7)
    at scanPreparedFolders (/Users/nut/Project/JavdexLabs/Javdex/src/main/scanner/scanner.ts:1184:9)
    at async scanFolders (/Users/nut/Project/JavdexLabs/Javdex/src/main/scanner/scanner.ts:489:12)
    at async renameAndImport (/Users/nut/Project/JavdexLabs/Javdex/src/main/scanner/scanner.ts:1617:20)
    at async TestContext.<anonymous> (/Users/nut/Project/JavdexLabs/Javdex/src/main/scanner/scanner.test.ts:537:19)
  ✔ does not commit or rename a replacement-root file when rename-import resumes after probing (16.132083ms)
  ✔ rejects a disabled target root at the resource transaction boundary (8.913666ms)
  ✔ reuses archived local and STRM source paths without crossing library ownership (15.007541ms)
  ✔ imports mixed local and STRM resources into one video and keeps the local file primary (13.0945ms)
  ✔ chooses the scan primary independently of directory entry order (11.504666ms)
  ✔ reselects the primary when scanning into an existing resource-less video (10.676708ms)
  ✔ keeps mixed local and STRM resources in one masked pending group (17.094625ms)
  ✔ rejects a stale pending STRM assignment, refreshes its snapshot, then accepts it (16.790917ms)
  ✔ removes an invalidated STRM snapshot from the pending group on a later scan (11.945917ms)
  ✔ syncs a changed STRM target in place while preserving primary and user-maintained fields (10.209083ms)
  ✔ isolates invalid STRM files and retries them without replacing a bound target (13.680292ms)
  ✔ relocates STRM only when the complete filename and target identify one missing source (13.037875ms)
  ✔ loads STRM candidates once per scan across imports, moves and pending writes (169.558209ms)
  ✔ relocates a bound STRM after its video code has been corrected (10.595167ms)
  ✔ holds new resources for confirmation when several videos already use the code (8.258208ms)
  ✔ keeps an already-pending path out of relocation and refreshes its pending snapshot (8.393208ms)
  ✔ holds a same-scan multi-file code together when automatic assignment is disabled (8.062083ms)
  ✔ does not let an invalid STRM force a valid same-code video into confirmation (9.702ms)
  ✔ persists a pending scan group across database reopen and assigns it atomically (11.6015ms)
  ✔ rolls back every scan assignment when final pending-group deletion fails (9.3605ms)
  ✔ imports one unambiguous file normally when automatic assignment is disabled (8.44375ms)
  ✔ holds a new resource that matches one existing video when automatic assignment is disabled (9.550583ms)
  ✔ promotes the available resource when assigning into an existing video without a primary (8.909375ms)
  ✔ normalizes a manual code and attaches to an existing case-insensitive identity (35.514666ms)
  ✔ aborts when a nested directory cannot be audited (7.311917ms)
  ✔ imports a symbolic-link video by its link path and file name (8.5755ms)
  ✔ does not follow symbolic-link directories (6.534292ms)
  ✔ silently skips a broken symbolic-link video (6.208875ms)
  ✔ leaves missing-resource cleanup to the high-level scan coordinator (7.652ms)
  ✔ keeps distinct symbolic-link paths that point to the same target (8.970125ms)
  ✔ keeps a resource under an unavailable root when the same code appears online (8.825167ms)
  ✔ relocates one same-code video by a unique file-size match without requiring the old name (8.075917ms)
  ✔ uses full file name and size to relocate safely when several videos share a code (7.576625ms)
  ✔ does not relocate when full file name and size match more than one duplicate-code video (7.620375ms)
  ✔ treats a new file normally when an old same-code path cannot be audited (9.225916ms)
  ✔ keeps an unrecognized rename and only rediscovers the renamed file (10.884ms)
  ✔ uses the scan same-code pending flow when automatic merging is disabled (10.512125ms)
  ✔ renames and discovers the code without a manual code or target (8.619ms)
  ✔ renames and imports an unrecognized STRM as a source-managed link (8.410625ms)
  ✔ imports recognized videos and reports unrecognized files (8.098042ms)
  ✔ reuses scanned directory entries when checking a directory without NFO files (37.408167ms)
  ✔ refreshes a changed local identity snapshot on rescan before user confirmation (12.081083ms)
  ✔ refreshes a changed strm identity snapshot on rescan before user confirmation (8.80425ms)
  ✔ uses NFO identity only for newly discovered resources when automatic import is enabled (11.586416ms)
  ✔ yields between immediately resolved NFO batches so abort runs without losing committed audits or primaries (47.762708ms)
  ✔ yields while delivering final audits but drains every committed entry and reports cancellation (38.395833ms)
  ✔ yields inside one committed NFO batch and retains imported audits for all its anchors (30.493625ms)
  ✔ yields between completed primary selections and still settles every committed resource after abort (43.863209ms)
  ✔ handles cancellation during the only or first NFO application and preserves committed file audits (14.423167ms)
  ✔ aggregates first-discovery NFO candidates once per video after all resources are assigned (7.524875ms)
  ✔ does not count an existing pending resource identity as a new same-code file (7.692333ms)
  ✔ keeps distinct local NFO candidates in the existing confirmation workflow (10.948667ms)
  ✔ persists a filename/NFO identity conflict without creating formal library records (7.149834ms)
  ✔ persists only a masked STRM target projection for an NFO identity conflict (6.222083ms)
  ✔ keeps a valid filename import when its NFO is invalid and records only a secondary warning (6.918625ms)
  ✔ uses NFO identity across libraries but never overwrites a globally scraped-success video (7.521917ms)
  ✔ applies local NFO with fill-empty semantics for new and failed videos (10.2505ms)
  ✔ reattaches a scanned file to an existing no-resource video without replacing metadata (6.409292ms)
  ✔ yields while scanning large batches (36.89725ms)
  ✔ collects a very large root without overflowing call arguments before cancellation (748.548583ms)
  ✔ stops when cancelled (21.079417ms)
  ✔ skips new imports shorter than 30 minutes (6.160583ms)
  ✔ skips short files before unrecognized handling (5.73925ms)
  ✔ stores probed duration on import (6.271667ms)
  ✔ refreshes duration when the file changes on rescan (8.712542ms)
  ✔ skips duration probe on rescan when file is unchanged (6.43ms)
  ✔ emits one final audit outcome for every processed file (6.521166ms)
✔ scanFolders (1802.889042ms)
✔ matches final legacy callbacks on equivalent fresh catalogs including merged NFO and repeated paths (57.470667ms)
✔ commits singleton audit deliveries while the next duration probe is held, outside a database transaction (14.607542ms)
✔ timer cancellation preserves already committed entries and stops incremental delivery (22.427792ms)
✔ rejects mutually exclusive sinks before database, directory, probe or callback work (10.323958ms)
✔ propagates recordFile sink failure without converting it to processing_failure (15.450167ms)
✔ propagates readFileNfo sink failure without converting it to processing_failure (17.264125ms)
✔ propagates patchNfo sink failure without converting it to processing_failure (13.631334ms)
✔ treats a missing NFO patch target after a successful read as fatal (14.36225ms)
✔ rejects recordFile resolved thenables without late unhandled rejection (10.467834ms)
✔ rejects recordFile rejected thenables without late unhandled rejection (10.289625ms)
✔ rejects readFileNfo resolved thenables without late unhandled rejection (12.303333ms)
✔ rejects readFileNfo rejected thenables without late unhandled rejection (12.97675ms)
✔ rejects patchNfo resolved thenables without late unhandled rejection (10.58ms)
✔ rejects patchNfo rejected thenables without late unhandled rejection (10.47475ms)
✔ atomically rolls back STRM target-update on native audit INSERT failure and retries with committed visibility (18.908542ms)
✔ atomically rolls back STRM relocation on native audit INSERT failure and retries with committed visibility (17.96475ms)
✔ rolls back invalid STRM pending deletion on native audit failure and retries with one committed failure (13.076041ms)
✔ rolls back local new-video business rows with native audit failure and retries atomically (14.62475ms)
✔ rolls back local existing-video business rows with native audit failure and retries atomically (14.34075ms)
✔ rolls back local must-confirm business rows with native audit failure and retries atomically (15.557708ms)
✔ rolls back local relocation business rows with native audit failure and retries atomically (15.63775ms)
✔ rolls back strm new-video business rows with native audit failure and retries atomically (13.440625ms)
✔ rolls back strm existing-video business rows with native audit failure and retries atomically (12.614875ms)
✔ rolls back strm must-confirm business rows with native audit failure and retries atomically (12.577583ms)
✔ rolls back local identity-create on native audit failure and commits retry with matching pending state (12.339417ms)
✔ rolls back local identity-refresh on native audit failure and commits retry with matching pending state (15.306917ms)
✔ rolls back local pending-refresh on native audit failure and commits retry with matching pending state (13.246917ms)
✔ rolls back strm identity-create on native audit failure and commits retry with matching pending state (10.64125ms)
✔ rolls back strm identity-refresh on native audit failure and commits retry with matching pending state (11.500791ms)
✔ rolls back strm pending-refresh on native audit failure and commits retry with matching pending state (11.586875ms)
✔ rolls back registered local fingerprint-backfill on audit failure, retries and leaves skipped probes unchanged (13.97925ms)
✔ rolls back registered local changed-fingerprint on audit failure, retries and leaves skipped probes unchanged (14.152833ms)
Scan error for /var/folders/h4/zxrt6zwx6dv1n16kwxzltqgh0000gn/T/javdex-scanner-sink-dK3spt/media/AUTH-001.mp4 MediaLibraryRepoError: 媒体库根目录不存在、已停用或不属于该媒体库。
    at requireActivePersistedRoot (/Users/nut/Project/JavdexLabs/Javdex/src/main/services/mediaLibraryRootFileGuard.ts:203:11)
    at authorizeMediaLibraryRootFile (/Users/nut/Project/JavdexLabs/Javdex/src/main/services/mediaLibraryRootFileGuard.ts:229:16)
    at authorizeFileWrite (/Users/nut/Project/JavdexLabs/Javdex/src/main/scanner/scanner.ts:728:7)
    at scanPreparedFolders (/Users/nut/Project/JavdexLabs/Javdex/src/main/scanner/scanner.ts:1086:22)
    at async scanFolders (/Users/nut/Project/JavdexLabs/Javdex/src/main/scanner/scanner.ts:489:12) {
  code: 'ROOT_NOT_FOUND',
  conflict: undefined,
  currentRevision: undefined
}
✔ rechecks root authorization after an awaited registered-resource probe before writing business fields (10.573458ms)
✔ NFO transaction callback fault (12.075208ms)
✔ NFO transaction callback unchanged (11.07925ms)
✔ NFO transaction callback postcommit-warnings (11.417959ms)
✔ links real local NFO parsing and business apply to scanner audit rollback, then retries the captured NFO transaction (17.571583ms)
✔ transfers stopped partial counts including pending groups when a later NFO audit fails (11.505042ms)
✔ does not rebuild the STRM relocation index for every audit-only write in a mixed scan (19.1115ms)
✔ counts repeated unknown attempts independently of the single upserted audit row (37.465791ms)
✔ matches detailed default counts and imports while summary omits per-file arrays (37.540917ms)
✔ detailed mp4 fatal partial counts include only successfully persisted unknown files (17.371625ms)
✔ detailed strm fatal partial counts include only successfully persisted unknown files (11.188459ms)
✔ summary mp4 fatal partial counts include only successfully persisted unknown files (11.220125ms)
✔ summary strm fatal partial counts include only successfully persisted unknown files (10.807291ms)
✔ preserves committed import counts in compact fatal partial results (11.809667ms)
✔ returns compact cancellation with committed counts and rejects summary without a sink before work (16.784292ms)
✔ allowlists completion fields even when a summary-shaped input carries detailed properties (12.230042ms)
✔ keeps serialized completion size independent of many actual unknown paths apart from counter digits (253.73525ms)
ℹ Completion JSON: 1 unknown=297 bytes; 300 unknown=303 bytes (not a whole-scan RSS measure)
✔ passes one bounded directory identity for 120 same-code parts, retaining it after other directory anchors (226.791875ms)
✔ keeps real movie.nfo adoption and generic asset ownership with full directory identities (34.990125ms)
✔ keeps real movie.nfo adoption and generic asset ownership with targeted sibling identities (28.119458ms)
✔ does not invoke NFO services when disabled (full) (12.177166ms)
✔ does not invoke NFO services when disabled (targeted) (11.3625ms)
✔ counts actual siblings once for repeated targeted unknown paths without making movie.nfo ambiguous (14.829542ms)
✔ honors a scheduled cancellation at the directory identity yield before NFO preflight or import (16.022208ms)
✔ rolls back actual ordinary NFO writes and callback writes, then retries successfully (16.375209ms)
✔ rolls back actual pending replacement, retains restored old assets, cleans new staging and retries (13.548625ms)
✔ rejects resolved async callbacks and rolls back ordinary synchronous writes (9.762916ms)
✔ rejects rejected async callbacks and rolls back ordinary synchronous writes (9.178167ms)
✔ rejects resolved async callbacks and rolls back pending synchronous writes (8.437666ms)
✔ rejects rejected async callbacks and rolls back pending synchronous writes (8.227334ms)
✔ notifies no-write outcomes synchronously and propagates callback failure (8.09125ms)
✔ deliver outcome callback precedes obsolete deletion and rolls back while preserving afterSuccessfulApply (14.090458ms)
✔ keeps committed application when postcommit avatar lookup fails and returns the later warning (9.628084ms)
✔ keeps committed pending disposition when obsolete staging cleanup fails after the callback (10.383833ms)
ℹ tests 177
ℹ suites 3
ℹ pass 177
ℹ fail 0
ℹ cancelled 0
ℹ skipped 0
ℹ todo 0
ℹ duration_ms 2751.869083
