▶ LibraryScanAuditPanel
  ✔ defaults to the attention tab even when the latest scan has no issues (213.0585ms)
  ✔ keeps cached unrecognized files visible with their root-scoped resolution controls (3.016834ms)
  ✔ does not describe current scan failures as resolved (1.0815ms)
  ✔ offers a processing jump for cached unrecognized rows in the all-files tab (1.9005ms)
  ✔ shows an NFO identity conflict as a secondary scan disposition and opens the pending center (1.576292ms)
  ✔ routes a current NFO candidate to its scrape pending item (0.920584ms)
  ✔ shows historical NFO pending dispositions as resolved when their current rows are gone (0.85025ms)
  ✔ keeps the attention badge equal to the visible list when only an NFO warning exists (0.76925ms)
✔ LibraryScanAuditPanel (223.696416ms)
✔ limits a large failed audit to100 visible rows and queries only their pending IDs (16.840125ms)
✔ routes all three kinds from one mixed pending presence response (1.545708ms)
✔ keeps a stable audit anchor when a historical group is no longer pending (0.747042ms)
▶ file scan audit presentation
  ✔ added new video (0.9345ms)
  ✔ added existing video (0.057875ms)
  ✔ updated relocated (0.04475ms)
  ✔ updated metadata (0.052209ms)
  ✔ updated STRM (0.04675ms)
  ✔ pending new local (0.039125ms)
  ✔ pending retained STRM (0.03325ms)
  ✔ pending empty code and zero group (0.034625ms)
  ✔ skipped unchanged with video (0.052416ms)
  ✔ skipped short without video (0.059333ms)
  ✔ skipped duplicate with zero video (0.0405ms)
  ✔ unrecognized (0.030833ms)
  ✔ STRM failure (0.030167ms)
  ✔ processing failure (0.033125ms)
  ✔ preserves caller indices, path fallback and explicit undefined fields (0.059417ms)
✔ file scan audit presentation (2.033709ms)
▶ NFO secondary presentation
  ✔ imported: every primary outcome, warnings and attention (0.216375ms)
  ✔ skipped: every primary outcome, warnings and attention (0.109667ms)
  ✔ warning: every primary outcome, warnings and attention (0.124458ms)
  ✔ pending-candidate: every primary outcome, warnings and attention (0.104417ms)
  ✔ identity-conflict: every primary outcome, warnings and attention (0.096292ms)
  ✔ uses only the disposition-specific non-null pending id, including zero (0.072583ms)
✔ NFO secondary presentation (0.774542ms)
▶ resource scan audit presentation
  ✔ missing: full fields, source/title/display fallback and kinds (0.876834ms)
  ✔ removed_library_path: full fields, source/title/display fallback and kinds (0.345625ms)
  ✔ promoted_after_removal: full fields, source/title/display fallback and kinds (0.23ms)
✔ resource scan audit presentation (1.482958ms)
✔ keeps optional enrichment fields structurally available without enriching raw views (0.032458ms)
▶ complete historical scan audit view items
  ✔ deduplicates cached paths exactly, retaining first root and order even without audit (0.242958ms)
  ✔ orders failed extras, attention files and pending groups; excludes only attention-listed cache paths (0.162208ms)
  ✔ preserves all-outcome order, duplicate audit files and indices after each outcome filter (0.211709ms)
  ✔ preserves NFO status precedence, historical group fields and failed/all differences (0.367291ms)
  ✔ added/updated and skipped tabs filter before indexing and do not enrich NFO status (0.079958ms)
  ✔ composes changes in removed/promoted/deleted order with independent indices and removed-video suppression (0.078958ms)
  ✔ does not mutate input or share enriched row objects between calls (0.092083ms)
✔ complete historical scan audit view items (1.285042ms)
ℹ tests 43
ℹ suites 5
ℹ pass 43
ℹ fail 0
ℹ cancelled 0
ℹ skipped 0
ℹ todo 0
ℹ duration_ms 425.490167
