✔ pages narrow labels from 10000 actors without catalog statistics or profile data (121.927709ms)
✔ preserves owned-name search matching and includes all genders (10.609541ms)
✔ sorts full names before shortening labels and bounds escaped JSON payloads (12.520334ms)
✔ rejects invalid limits, offsets and overlong search before reading (6.410791ms)
✔ bounds labels containing embedded NUL without losing the valid prefix (9.843417ms)
✔ keeps a full page below512KiB even with worst-case JSON escaping (9.63425ms)
✔ reads current picker identity by ID without hydrating actor works or profile (12.049667ms)
✔ validates manual tag candidate bounds and existing-tag identities (2.110209ms)
✔ bounds selected tag label IPC requests before repository access (0.385958ms)
▶ typed IPC adapter
  ✔ does not expose the legacy unreviewed video deletion command (0.342459ms)
  ✔ forwards command arguments and returns the application result (0.126542ms)
  ✔ rejects malformed arguments before invoking the application handler (0.329708ms)
  ✔ accepts link-resource updates without an import-only target (0.293ms)
  ✔ only accepts metadata retention when removing a last video resource (0.076042ms)
  ✔ accepts one exact plugin approval decision and rejects malformed decisions (0.245791ms)
  ✔ accepts only explicit plugin continuation kinds (0.090375ms)
  ✔ accepts only typed plugin user responses with request-bound actions (0.829708ms)
  ✔ accepts plugin history clearing only without renderer-supplied run ids (0.242292ms)
  ✔ accepts unrecoverable plugin-session discard only without renderer-supplied run ids (0.193833ms)
  ✔ keeps legacy model limits out of the generic settings mutation contract (0.879625ms)
  ✔ validates playlist import start and identity controls at the IPC boundary (0.742709ms)
  ✔ requires the path-removal impact revision at the settings boundary (0.283958ms)
  ✔ accepts only the structured model-management command vocabulary (0.552042ms)
  ✔ serializes successful results and thrown errors (0.593375ms)
  ✔ sends the contracted event payload unchanged (0.059958ms)
✔ typed IPC adapter (6.429166ms)
✔ bounds actress conflict summary pages and keeps detail identities exact (0.196458ms)
✔ validates bounded actress picker requests (0.151292ms)
✔ validates narrow actress identity IDs (0.068791ms)
✔ locates a deep actor group and loads only its detail before paging (344.541792ms)
✔ keeps page and detail failures distinct and retries without a full list (199.599916ms)
✔ ignores a late old detail after selecting another group (160.670541ms)
✔ preserves an explicit decision across a category switch and detail overlay (229.775084ms)
✔ applies an ownership decision then clamps a deleted last page (156.9465ms)
✔ does not let a completed old mutation reset a newer group decision (292.341459ms)
✔ keeps actor paging in the all-domain view even when a scan item comes first (145.311542ms)
✔ asks the server about names outside the current page before editing (397.441125ms)
✔ keeps a stale resolution on the same group and requires a renewed decision (171.928584ms)
✔ isolates an old completion after navigating A to B and back to A (369.660166ms)
✔ stays on the deep-linked page after its selected group is resolved (177.260084ms)
✔ does not close a new discard dialog when an old A-B-A discard fails (303.859042ms)
✔ pages owner candidates and preserves a selected actor outside the current page (257.451625ms)
✔ retries picker failures and invalidates old page replies immediately while search debounces (490.490208ms)
✔ ignores an old actor choice after closing and reopening the same picker (211.562708ms)
✔ keeps the newest actor choice when earlier detail reads finish later (171.461625ms)
✔ keeps a direct group-owner decision after an older external-owner detail returns (200.473125ms)
✔ invalidates a pending external-owner choice when a decision is submitted (253.865541ms)
✔ ignores a picker choice after navigating group A-B-A (242.207458ms)
▶ conflictReviewRemote
  ✔ resolves ownership/merge/illegal and surfaces stale refresh (1.369458ms)
  ✔ discards a candidate and refreshes the queue (0.729167ms)
  ✔ validates replacement main names (0.651417ms)
  ✔ ignores an older live name inspection after a newer request wins (7.712459ms)
  ✔ invalidates an in-flight inspection cleanup (0.351375ms)
✔ conflictReviewRemote (11.770167ms)
▶ conflictReviewSession
  ✔ resets decision draft when switching groups (0.471ms)
  ✔ opens ownership replacement dialog when claimants need new main names (4.893458ms)
  ✔ applies refresh focus and stale message (0.142709ms)
  ✔ syncSelectedGroup initializes selection for the first available group (0.050875ms)
✔ conflictReviewSession (5.970875ms)
▶ useConflictReviewController
  ✔ wires queue selection and resets dialog draft when switching groups (103.983542ms)
  ✔ routes resolve through the nested view-model commands (3.962917ms)
✔ useConflictReviewController (108.598458ms)
✔ preserves an explicit ownership decision while detail reads are disabled and reenabled (156.861125ms)
ℹ tests 59
ℹ suites 4
ℹ pass 59
ℹ fail 0
ℹ cancelled 0
ℹ skipped 0
ℹ todo 0
ℹ duration_ms 5190.775083
