▶ library membership repo
  ✔ creates an idempotent explicit membership with a stable discovery key (6.968917ms)
  ✔ removes only the selected library membership (3.833375ms)
  ✔ rejects archived or missing libraries (3.099084ms)
  ✔ recognizes only visible memberships in an active library surface (2.961417ms)
  ✔ does not automatically remove a resource-less membership referenced by a playlist (3.452375ms)
✔ library membership repo (21.08425ms)
✔ publishes sealed entries with run/state/unrecognized updates and exposes header/body/permissions (13.764292ms)
✔ rolls back every finish write when late publication fails, then retries the same sealed audit (10.39775ms)
✔ rejects wrong scope, collecting manifests and metadata mismatches without partial writes (17.00875ms)
✔ rejects persisted run mismatches, incompatible completion status and oversized metadata before changing data (15.7595ms)
✔ publishes failed audit without replacing previous unrecognized files (8.105458ms)
✔ publishes cancelled audit without replacing previous unrecognized files (8.910625ms)
✔ abandons interrupted collecting/sealed audits while preserving published history and all entries, idempotently (9.079667ms)
✔ abandons already-terminal unexposed manifests even when no interrupted runs remain (9.4825ms)
✔ rolls back recovery run/state/manifest changes on abandonment failure and succeeds on retry (11.164458ms)
✔ publishes the actual writer after stable upserts and an NFO revision through the production finish transaction (9.594ms)
✔ upserts exact file paths with stable ordinals, appends other sections and preserves UTF-8 bytes (12.201208ms)
✔ rolls back the entire batch including earlier upserts after a later SQL failure (9.594625ms)
✔ participates in caller transactions and uses savepoints for recoverable batch errors (8.346333ms)
✔ patches NFO in place without inserting missing files or losing the primary audit outcome (9.050542ms)
✔ seals final metadata atomically, keeps the run running, and does not publish or permit late writes (8.055917ms)
✔ seals unchanged metadata without a forbidden no-op metadata update (8.365166ms)
✔ guards scope, running status and legacy JSON and snapshots scope against caller mutation (7.6015ms)
✔ rejects malformed metadata and section shapes without writing anything (22.612917ms)
✔ enforces item, normalized batch and reserved single-page budgets without truncation (13.608666ms)
✔ writes and patches all sections, seals, finishes through the actual repository, and reads compatibility output (10.082833ms)
✔ rejects raw oversized stored entries before selecting their JSON for an NFO patch (14.60475ms)
✔ reads only detached NFO values and distinguishes missing files from absent NFO (8.201291ms)
✔ rejects invalid raw NFO values instead of treating them as absent (7.651375ms)
✔ checks NFO read scope and lifecycle even for missing paths (7.0065ms)
✔ rejects oversized raw rows before projecting any NFO JSON (10.93025ms)
✔ native removedResources audit INSERT failure rolls back real cleanup tables and retries without phantom counts (25.383834ms)
✔ native promotedResources audit INSERT failure rolls back real cleanup tables and retries without phantom counts (19.740666ms)
✔ native deletedVideos audit INSERT failure rolls back real cleanup tables and retries without phantom counts (17.240542ms)
✔ rejects resolved async cleanup callbacks and rolls back synchronous writes (12.012042ms)
✔ rejects rejected async cleanup callbacks and rolls back synchronous writes (10.981708ms)
✔ copies deferred cleanup events into legacy audit only after the outer transaction commits (12.288292ms)
✔ rejects an SQL-ignored remove write without emitting its audit and rolls back earlier cleanup (11.992834ms)
✔ rejects an SQL-ignored promote write without emitting its audit and rolls back earlier cleanup (11.693875ms)
▶ ScanCoordinator
  ✔ coalesces display progress while preserving per-file callbacks and the final event (13.082125ms)
  ✔ flushes pending progress before a failure without delaying the failure event (0.464917ms)
  ✔ binds an offline-created root identity and refreshes the frozen snapshot before scanning (0.802208ms)
  ✔ persists matching complete audit details with the latest summary (0.251041ms)
  ✔ publishes scan lifecycle events for every trigger (0.16275ms)
  ✔ uses one frozen configuration snapshot for the complete run (0.104375ms)
  ✔ reconciles resource identity pending rows only under roots proven safe after traversal (0.145042ms)
  ✔ preserves offline roots and removes only missing local resources under accessible roots (0.278209ms)
  ✔ aborts cleanup when a local path cannot be audited (0.227209ms)
  ✔ treats a root that becomes unreadable after traversal as offline (0.128208ms)
  ✔ rechecks the frozen root identity immediately before cleanup writes (0.1125ms)
  ✔ does not run cleanup after cancellation and releases the mutual-exclusion lease (0.1365ms)
  ✔ keeps resources after a coordinator-level failure (0.104708ms)
  ✔ skips every destructive cleanup after a file processing failure (0.071459ms)
  ✔ replaces the unrecognized-file snapshot after every safe completed scan (0.101333ms)
  ✔ completes safe cleanup with errors when failures are isolated to STRM files (0.103625ms)
  ✔ consumes deferred path cleanup only after a successful uncancelled scan (0.095542ms)
  ✔ keeps deferred path cleanup queued after a partial folder scan (0.136416ms)
  ✔ allows a full cleanup-only scan after the final configured folder was removed (0.077917ms)
  ✔ removes many non-primary resources without reading sibling resource lists (2.209792ms)
  ✔ consumes cleanup references lazily and closes iteration on a path failure (0.280042ms)
  ✔ preserves all three cleanup audit sequences above the argument limit (236.264042ms)
  ✔ removes resource-less memberships after deferred cleanup on a safe full scan (0.414875ms)
  ✔ persists a sanitized failed summary without running destructive cleanup (0.2445ms)
  ✔ rolls back resource cleanup and keeps pending roots when auto-delete fails (0.195667ms)
  ✔ keeps pending roots when the cleanup transaction cannot commit (0.144333ms)
  ✔ rejects duplicate scans and scans blocked by resource maintenance (4.875166ms)
✔ ScanCoordinator (261.890667ms)
✔ reads pending audit summaries with only referenced groups and all exact pending paths (0.138125ms)
✔ skips the pending audit DB reader for no-files (0.064458ms)
✔ skips the pending audit DB reader for non-pending (0.030667ms)
✔ skips the pending audit DB reader for pending-without-group (0.029334ms)
✔ keeps original first root for cleanup and unrecognized summary with parent-first (0.199375ms)
✔ keeps original first root for cleanup and unrecognized summary with child-first (0.054292ms)
✔ uses the early realPath alias for cleanup but only configured paths for summary (0.102459ms)
✔ does not try a later matching root after cleanup-present authorization fails (0.11275ms)
✔ does not try a later matching root after cleanup-missing authorization fails (0.062583ms)
✔ does not try a later matching root after summary authorization fails (0.065458ms)
✔ reauthorizes the first matching root for unknown pending paths without inspecting unmatched paths or falling back (0.094833ms)
▶ libraryPathCleanupService
  ✔ previews only resources owned by the selected library and root (19.441167ms)
  ✔ previews and safely cleans a disabled root including pending and diagnostic rows (11.081084ms)
  ✔ confirms with the current revision and queues an identity snapshot without deleting data (8.701292ms)
  ✔ rejects a confirmation when scan-owned resources changed after preview without a revision bump (9.244584ms)
  ✔ removes and promotes resources only inside the confirmed library and root (12.579ms)
  ✔ lets a cleanup-only scan consume the last removed root without touching another library (11.583208ms)
  ✔ recovers an offline legacy cleanup intent when a later full scan sees the root online (9.973875ms)
  ✔ keeps an overlapping legacy cleanup root waiting during a later full scan (12.603959ms)
  ✔ keeps an overlapping parent legacy cleanup root waiting during a later full scan (11.294792ms)
  ✔ keeps a realpath-alias legacy cleanup root waiting across libraries (8.804583ms)
  ✔ fails closed when a confirmed root is offline (8.027375ms)
  ✔ fails closed when the path now resolves to a replacement directory (8.306959ms)
  ✔ cancels a failed removal into a disabled, archiveable root without deleting records (9.9075ms)
  ✔ completes a confirmed cleanup after an unrelated library configuration edit (8.947334ms)
  ✔ rolls back resource removal, promotion, root state, and job completion together (10.552542ms)
✔ libraryPathCleanupService (162.053208ms)
✔ rolls back cleanup and audit writes on a native audit INSERT failure, then retries with safe source entries (10.117458ms)
✔ rejects resolved thenable cleanup callbacks without committing or leaking a rejection (9.961916ms)
✔ rejects rejected thenable cleanup callbacks without committing or leaking a rejection (10.86375ms)
✔ does not emit planned audit facts if the batch skips a resource deletion (9.192917ms)
ℹ tests 95
ℹ suites 3
ℹ pass 95
ℹ fail 0
ℹ cancelled 0
ℹ skipped 0
ℹ todo 0
ℹ duration_ms 811.776667
