{
  "runtime": {
    "electron": "43.4.1",
    "node": "24.18.1"
  },
  "samplesPerMetric": 20,
  "p95Definition": "nearest rank ceil(0.95*20)=19th ordered observation",
  "results": [
    {
      "actors": 10000,
      "profileBytesPerActor": 4096,
      "metrics": [
        {
          "name": "full-targets",
          "samples": [
            2.0368330000000014,
            1.4626249999999459,
            1.4686669999999822,
            1.2235840000000167,
            1.050375000000031,
            1.5902080000000183,
            1.1356670000000122,
            0.9673750000000041,
            0.9994590000000017,
            1.0054589999999735,
            0.9942500000000223,
            1.1870000000000118,
            0.9729580000000055,
            0.9740419999999972,
            0.9872080000000096,
            1.0602500000000532,
            1.1607079999999996,
            1.7290830000000028,
            1.016999999999996,
            0.9964160000000106
          ],
          "medianMs": 1.055312500000042,
          "p95NearestRankMs": 1.7290830000000028,
          "jsonBytes": 448895
        },
        {
          "name": "snapshot.create+first",
          "samples": [
            1.2604169999999613,
            1.2439580000000205,
            1.3125840000000153,
            1.276457999999991,
            1.28125,
            1.2709580000000074,
            1.2900000000000205,
            1.5447919999999726,
            1.2724999999999795,
            1.2273329999999874,
            1.2325409999999692,
            1.2246250000000032,
            1.2557919999999854,
            1.2472920000000158,
            1.2692920000000072,
            1.2660829999999805,
            1.2635829999999828,
            1.2321249999999964,
            1.2814169999999763,
            1.441833000000031
          ],
          "medianMs": 1.2676874999999939,
          "p95NearestRankMs": 1.441833000000031,
          "jsonBytes": 4335
        },
        {
          "name": "page.first",
          "samples": [
            0.046041999999999916,
            0.05066700000003266,
            0.04641699999996263,
            0.04741599999999835,
            0.04787499999997635,
            0.05929100000003018,
            0.06204200000001947,
            0.06929200000001856,
            0.04941700000000537,
            0.051167000000020835,
            0.050957999999980075,
            0.04795799999999417,
            0.04554200000001174,
            0.049374999999997726,
            0.04504100000002609,
            0.04754200000002129,
            0.0437909999999988,
            0.056708000000014636,
            0.04808300000001964,
            0.04720900000000938
          ],
          "medianMs": 0.048020500000006905,
          "p95NearestRankMs": 0.06204200000001947,
          "jsonBytes": 4335
        },
        {
          "name": "page.last",
          "samples": [
            0.05041599999998425,
            0.0474999999999568,
            0.04558400000001939,
            0.04608300000001009,
            0.04454199999997854,
            0.04787499999997635,
            0.04624999999998636,
            0.05750000000000455,
            0.055499999999995,
            0.04374999999998863,
            0.04537500000003547,
            0.04670800000002373,
            0.04483400000003712,
            0.047416999999995824,
            0.04537499999997863,
            0.05104199999999537,
            0.05570800000003828,
            0.04537500000003547,
            0.06341700000001538,
            0.060000000000002274
          ],
          "medianMs": 0.04706250000000978,
          "p95NearestRankMs": 0.060000000000002274,
          "jsonBytes": 4545
        }
      ],
      "tempInfo": {
        "compileOptions": [
          {
            "compile_options": "TEMP_STORE=1"
          }
        ],
        "tempStore": 0,
        "pageSize": 4096,
        "pageCount": 51,
        "freelistCount": 0
      },
      "tempAfterDispose": {
        "pageCount": 51,
        "freelistCount": 50
      },
      "plan": [
        {
          "id": 4,
          "parent": 0,
          "notused": 196,
          "detail": "SEARCH avatar_crop_e967b065c45f41ddbb603857c7bca299 USING INTEGER PRIMARY KEY (rowid>?)"
        }
      ]
    },
    {
      "actors": 100000,
      "profileBytesPerActor": 4096,
      "metrics": [
        {
          "name": "full-targets",
          "samples": [
            21.776542000000063,
            21.401166999999987,
            20.258624999999938,
            21.27866700000004,
            20.786208000000215,
            21.42812499999991,
            21.15662499999985,
            21.09354200000007,
            23.976041000000123,
            20.94995800000015,
            21.087833000000046,
            21.02608299999997,
            20.697832999999946,
            23.373624999999947,
            21.9720420000001,
            22.04424999999992,
            22.01254199999994,
            21.656833000000006,
            23.00499999999988,
            21.472834000000148
          ],
          "medianMs": 21.414645999999948,
          "p95NearestRankMs": 23.373624999999947,
          "jsonBytes": 4588896
        },
        {
          "name": "snapshot.create+first",
          "samples": [
            23.249833000000308,
            23.168208999999933,
            22.92629100000022,
            23.932041000000027,
            22.8779999999997,
            23.178082999999788,
            23.077624999999898,
            22.980833000000075,
            23.44420799999989,
            22.790500000000065,
            23.126291000000037,
            23.03583299999991,
            22.97408299999961,
            23.2018750000002,
            22.81133299999965,
            23.0142079999996,
            23.233582999999726,
            23.108624999999847,
            22.936167000000296,
            22.700374999999894
          ],
          "medianMs": 23.056728999999905,
          "p95NearestRankMs": 23.44420799999989,
          "jsonBytes": 4336
        },
        {
          "name": "page.first",
          "samples": [
            0.0571669999999358,
            0.04379200000039418,
            0.04258399999980611,
            0.0424580000003516,
            0.0424580000003516,
            0.04158300000017334,
            0.05337499999995998,
            0.04204200000003766,
            0.04166699999996126,
            0.04458399999975882,
            0.04195799999979499,
            0.05300000000033833,
            0.044416000000182976,
            0.0442920000000413,
            0.041208000000096945,
            0.04333300000007512,
            0.04637499999989814,
            0.04766700000027413,
            0.04641700000001947,
            0.04641700000001947
          ],
          "medianMs": 0.04404200000021774,
          "p95NearestRankMs": 0.05337499999995998,
          "jsonBytes": 4336
        },
        {
          "name": "page.last",
          "samples": [
            0.05087500000036016,
            0.048334000000068045,
            0.04770800000005693,
            0.04795899999999165,
            0.048166999999921245,
            0.05879099999992832,
            0.06887499999993452,
            0.0692919999996775,
            0.0591669999998885,
            0.04750000000012733,
            0.04491700000016863,
            0.049958000000060565,
            0.04791699999987031,
            0.044499999999970896,
            0.04437499999994543,
            0.05562499999996362,
            0.047708999999940715,
            0.05412499999965803,
            0.04379200000039418,
            0.04383299999972223
          ],
          "medianMs": 0.048062999999956446,
          "p95NearestRankMs": 0.06887499999993452,
          "jsonBytes": 4646
        }
      ],
      "tempInfo": {
        "compileOptions": [
          {
            "compile_options": "TEMP_STORE=1"
          }
        ],
        "tempStore": 0,
        "pageSize": 4096,
        "pageCount": 516,
        "freelistCount": 0
      },
      "tempAfterDispose": {
        "pageCount": 516,
        "freelistCount": 515
      },
      "plan": [
        {
          "id": 4,
          "parent": 0,
          "notused": 196,
          "detail": "SEARCH avatar_crop_671f18b608ce45a7a66788bdc0a4ff0a USING INTEGER PRIMARY KEY (rowid>?)"
        }
      ]
    }
  ],
  "limits": [
    "ANALYZE and warm-up; fixture just written, no cold-disk claim.",
    "Fixed full-before-snapshot order; timings exclude assertions/serialization/disposal.",
    "No isolated peak heap/RSS measurement; temp pager pages are not resident memory.",
    "Actor-scale sensitivity, not Issue100 reported actor distribution or Windows/HDD/nativeIPC/model workload."
  ]
}
✔ measures full targets versus snapshot startup and page reads at two actor scales (2390.708709ms)
ℹ tests 1
ℹ suites 0
ℹ pass 1
ℹ fail 0
ℹ cancelled 0
ℹ skipped 0
ℹ todo 0
ℹ duration_ms 2680.214875
