▶ ActressIdentityConflictWorkflow
  ✔ inspects live ownership even when the name is not yet in a review group (11.286ms)
  ✔ summarizes the same aggregated name groups returned by the review list (7.441458ms)
  ✔ keeps summary counts exact for mixed, multi-result, and multi-conflict groups (16.740375ms)
  ✔ lists pending name ownership without inventing a pending scrape (7.191125ms)
  ✔ rejects an unsupported pending name type instead of silently reclassifying it (7.613875ms)
  ✔ rejects a pending-name-ownership decision when the shown claim row changed (8.6465ms)
  ✔ assigns pending name ownership without creating or applying scrape data (8.251875ms)
  ✔ edits one pending name claim and resolves both resulting unique owners (7.783041ms)
  ✔ moves an edited pending name claim into another normalized-name group (8.33825ms)
  ✔ merges actresses directly from pending name ownership (8.432417ms)
  ✔ removes an illegal pending name without persisting a blacklist (7.78925ms)
  ✔ reassigns the only pending scrape to the explicit keeper after a merge (9.210041ms)
  ✔ keeps a usable keeper avatar while clearing its missing source and crop state (10.525958ms)
  ✔ uses the explicitly selected pending actress as keeper and the other current main name (9.401458ms)
  ✔ rejects merging when both actresses own pending scrape snapshots (8.776958ms)
  ✔ does not treat another conflict between the same actress pair as a merge blocker (7.408333ms)
  ✔ rejects the whole workbench merge when a resulting name belongs to a third actress (8.7955ms)
  ✔ rejects the whole merge when the pending scrape also conflicts with a third actress (8.606209ms)
  ✔ rejects merging a persisted name claimed by a third actress pending scrape (8.818666ms)
  ✔ returns stale without merging when either actress changed after confirmation was shown (7.870875ms)
  ✔ rolls back the actress merge when pending reassociation fails (9.247417ms)
  ✔ edits only the selected conflicting name and applies the unlocked scrape atomically (8.756167ms)
  ✔ moves only the edited item when its new name conflicts in another dynamic group (10.042667ms)
  ✔ moves an edited name into a group claimed by another naturally unlocked pending result (9.843167ms)
  ✔ transfers complete ownership to the pending actress only with a replacement main name (8.853417ms)
  ✔ previews and applies an assigned conflicting alias in a fill-empty alias collection (9.054125ms)
  ✔ keeps earlier ownership decisions in the final fill-empty alias preview and apply (10.127625ms)
  ✔ validates and removes every legacy claimant when assigning to the pending actress (10.218417ms)
  ✔ assigns a whole conflict group to an existing actress while applying profiles to original targets (9.666917ms)
  ✔ keeps confirmed ownership when the chosen existing actress is also a replace candidate (8.779042ms)
  ✔ removes an illegal normalized name from the whole group and applies unlocked profiles (9.99725ms)
  ✔ requires a valid replacement for every main-name claimant before illegal-name removal (10.497917ms)
  ✔ validates illegal-name replacement main names against the live conflict snapshot (8.047333ms)
  ✔ does not reconcile newly active conflicts while rejecting a stale illegal-name decision (7.8585ms)
  ✔ removes only the current illegal group and does not remember a blacklist rule (11.101958ms)
  ✔ applies a result when its other recorded conflict has already become inactive (8.9075ms)
  ✔ rolls back illegal-name handling when name deletion fails (11.812667ms)
  ✔ rolls back illegal-name handling when main replacement fails (8.086875ms)
  ✔ rolls back illegal-name handling when profile application fails (8.711416ms)
  ✔ rolls back illegal-name handling when pending cleanup fails (8.768541ms)
  ✔ keeps the whole illegal-name group pending when any resource preparation fails (12.135625ms)
  ✔ requires a replacement when assigning a current main name to a third existing actress (9.276791ms)
  ✔ finishes name-only results and preserves the original fill-empty update mode (9.189542ms)
  ✔ promotes staged resources when a name edit unlocks a pending scrape (10.943458ms)
  ✔ keeps a naturally unlocked result pending until the user explicitly applies it (8.63ms)
  ✔ returns a stale outcome without writes when an involved actress changed (7.411541ms)
  ✔ rolls back every profile and promoted resource when a group apply fails (11.585292ms)
  ✔ freezes the complete scrape when one selected name belongs to another actress (7.642208ms)
  ✔ applies a complete result when equivalent names only belong to the target actress (7.189916ms)
  ✔ atomically replaces one actress current snapshot and removes its old staged resources (9.15225ms)
  ✔ rolls back a conflict-free apply when removing the previous snapshot fails (7.093875ms)
  ✔ does not delete an existing same-url gallery file when a later apply rolls back (8.212208ms)
  ✔ discards only the selected wrong match, records cumulative failure, and cleans staging (10.9075ms)
  ✔ startup cleanup removes only old unreferenced staging directories (8.97325ms)
  ✔ deleting a target actress also removes its staged pending resources (8.605541ms)
  ✔ removes prepared formal resources when profile application rolls back (8.912708ms)
✔ ActressIdentityConflictWorkflow (514.979959ms)
✔ reuses maintenance only until local writes, schema changes or external commits (8.440167ms)
✔ does not publish rolled-back maintenance or skip checks inside a caller transaction (7.429333ms)
✔ retries failed maintenance and invalidates after reopening the same catalog (9.572958ms)
✔ does not publish a maintenance stamp if an external commit occurs during the check (7.88975ms)
✔ rechecks earlier candidates after a later candidate introduces a new conflict (7.000292ms)
▶ useConflictReviewController
  ✔ wires queue selection and resets dialog draft when switching groups (44.363541ms)
  ✔ routes resolve through the nested view-model commands (13.458791ms)
✔ useConflictReviewController (58.495334ms)
✔ preserves an explicit ownership decision while detail reads are disabled and reenabled (153.707ms)
ℹ tests 64
ℹ suites 2
ℹ pass 64
ℹ fail 0
ℹ cancelled 0
ℹ skipped 0
ℹ todo 0
ℹ duration_ms 970.35775
