✔ executes real read-only tag queries and observes writes through the worker cache (26.004459ms)
✔ rejects a changed catalog version at worker startup without migration (19.459417ms)
✔ settles in-flight initialization and queued requests when disposed (19.565458ms)
✔ executes all classification cover pages on the readonly worker and observes committed writes (31.061125ms)
✔ rejects image initialization against an incompatible schema without rewriting it (19.140041ms)
✔ reads bounded audit pages in the real worker, isolates operations and observes audit replacement (40.369292ms)
✔ counts merged subscribers toward capacity, normalizes keys, and clones each successful result (1.99475ms)
✔ serializes different revisions and keeps a folded expanding query valid in the payload (0.177167ms)
✔ rejects old generation on identity change and waits for termination (3.358125ms)
✔ rejects old generation on path change and waits for termination (0.291625ms)
✔ removes queued aborts but retains an executing slot after all subscribers abort (0.278792ms)
✔ one subscriber abort does not cancel another or retain its signal listener (0.165125ms)
✔ rejects all accepted on startup timeout, without retry or overlapping workers (17.66125ms)
✔ rejects all accepted on query timeout, without retry or overlapping workers (17.348792ms)
✔ rejects all accepted on exit, without retry or overlapping workers (0.321334ms)
✔ rejects all accepted on error, without retry or overlapping workers (0.200292ms)
✔ rejects all accepted on protocol error, without retry or overlapping workers (0.14675ms)
✔ dispose closes admission immediately and waits for a running termination (0.138708ms)
✔ fails closed if termination rejects and rejects requests waiting for replacement (0.170375ms)
✔ rejects invalid queries before creating a worker and contains factory/post failures (0.189375ms)
✔ bounds subscribers while termination is pending and supersedes a waiting generation (0.343667ms)
✔ does not launch work after repeated queued cancellations before ready (0.624709ms)
✔ contains unexpected messages and dispose drains an already-started replacement barrier (0.046458ms)
✔ expires waiting subscribers and frees capacity while native termination remains pending (0.770667ms)
✔ keeps independent waiting deadlines for coalesced subscribers and clears them at execution (0.100958ms)
✔ never executes a page whose only subscriber expired before ready (0.056959ms)
✔ shares admission across tag/image requests, keys entity kinds separately and copies caller inputs (0.289208ms)
✔ retains the executing image slot after cancellation and retires it before switching databases (0.366542ms)
✔ validates image requests before allocating a reader (0.104416ms)
✔ shares audit admission with tag/image work, coalesces snapshots and copies audit budgets (0.324167ms)
✔ rejects invalid audit requests before allocation and removes an aborted queued audit (0.095834ms)
✔ reuses one index and releases it before changes, revision failures and disposal (0.763084ms)
✔ expires an idle index, resets the deadline on use and cancels expiry on disposal (0.722875ms)
ℹ tests 33
ℹ suites 0
ℹ pass 33
ℹ fail 0
ℹ cancelled 0
ℹ skipped 0
ℹ todo 0
ℹ duration_ms 367.715875
