✔ matches original find by object identity for posix paths and both alias modes (1.811792ms)
✔ preserves the earliest parent, alias and duplicate root for posix (0.1065ms)
✔ matches original find by object identity for win32 paths and both alias modes (1.50475ms)
✔ preserves the earliest parent, alias and duplicate root for win32 (0.07125ms)
✔ matches UNC and namespace paths without expanding the old predicate (0.250458ms)
✔ keeps relative-root fallback and validation short circuit behavior (0.514125ms)
✔ does not introduce whitespace or NUL validation (0.05225ms)
✔ matches deterministic mixed path cases including Windows lexical edge forms (50.196708ms)
✔ checks only ancestor candidates instead of testing every unrelated root (1.215042ms)
▶ ScanCoordinator
  ✔ coalesces display progress while preserving per-file callbacks and the final event (11.429583ms)
  ✔ flushes pending progress before a failure without delaying the failure event (0.451292ms)
  ✔ binds an offline-created root identity and refreshes the frozen snapshot before scanning (0.733125ms)
  ✔ persists matching complete audit details with the latest summary (0.2095ms)
  ✔ publishes scan lifecycle events for every trigger (0.152583ms)
  ✔ uses one frozen configuration snapshot for the complete run (0.108333ms)
  ✔ reconciles resource identity pending rows only under roots proven safe after traversal (0.141833ms)
  ✔ preserves offline roots and removes only missing local resources under accessible roots (0.2655ms)
  ✔ aborts cleanup when a local path cannot be audited (0.198834ms)
  ✔ treats a root that becomes unreadable after traversal as offline (0.117583ms)
  ✔ rechecks the frozen root identity immediately before cleanup writes (0.101333ms)
  ✔ does not run cleanup after cancellation and releases the mutual-exclusion lease (0.131625ms)
  ✔ keeps resources after a coordinator-level failure (0.096625ms)
  ✔ skips every destructive cleanup after a file processing failure (0.072459ms)
  ✔ replaces the unrecognized-file snapshot after every safe completed scan (0.111083ms)
  ✔ completes safe cleanup with errors when failures are isolated to STRM files (0.110333ms)
  ✔ consumes deferred path cleanup only after a successful uncancelled scan (0.0735ms)
  ✔ keeps deferred path cleanup queued after a partial folder scan (0.088917ms)
  ✔ allows a full cleanup-only scan after the final configured folder was removed (0.049292ms)
  ✔ removes many non-primary resources without reading sibling resource lists (2.100875ms)
  ✔ consumes cleanup references lazily and closes iteration on a path failure (0.180667ms)
  ✔ preserves all three cleanup audit sequences above the argument limit (212.638084ms)
  ✔ removes resource-less memberships after deferred cleanup on a safe full scan (0.234792ms)
  ✔ persists a sanitized failed summary without running destructive cleanup (0.16725ms)
  ✔ rolls back resource cleanup and keeps pending roots when auto-delete fails (0.152958ms)
  ✔ keeps pending roots when the cleanup transaction cannot commit (0.146167ms)
  ✔ rejects duplicate scans and scans blocked by resource maintenance (4.435875ms)
✔ ScanCoordinator (235.275625ms)
✔ reads pending audit summaries with only referenced groups and all exact pending paths (0.1325ms)
✔ skips the pending audit DB reader for no-files (0.058583ms)
✔ skips the pending audit DB reader for non-pending (0.027ms)
✔ skips the pending audit DB reader for pending-without-group (0.025ms)
✔ keeps original first root for cleanup and unrecognized summary with parent-first (0.18075ms)
✔ keeps original first root for cleanup and unrecognized summary with child-first (0.046416ms)
✔ uses the early realPath alias for cleanup but only configured paths for summary (0.090208ms)
✔ does not try a later matching root after cleanup-present authorization fails (0.099667ms)
✔ does not try a later matching root after cleanup-missing authorization fails (0.053875ms)
✔ does not try a later matching root after summary authorization fails (0.058625ms)
✔ reauthorizes the first matching root for unknown pending paths without inspecting unmatched paths or falling back (0.086709ms)
ℹ tests 47
ℹ suites 1
ℹ pass 47
ℹ fail 0
ℹ cancelled 0
ℹ skipped 0
ℹ todo 0
ℹ duration_ms 612.390625
