▶ scan latest IPC handler
  ✔ validates libraryId and forwards the scoped latest snapshot (1.268875ms)
✔ scan latest IPC handler (1.620208ms)
✔ bounds the combined audit presence request and validates its library (0.73525ms)
✔ bounds scan pages and validates scoped detail and anchor inputs (0.417958ms)
✔ routes audit header/page through the async reader with trusted budgets and strict scope (0.524875ms)
✔ routes combined view pages with trusted budgets and preserves query and result fields (0.501291ms)
✔ accepts every combined tab/outcome/filter, canonicalizable locales and strict failed anchors (0.93775ms)
✔ rejects invalid combined queries, locales, anchors, snapshots and argument counts (0.91625ms)
✔ propagates combined reader errors instead of falling back to another snapshot or raw page (0.1905ms)
✔ executes real read-only tag queries and observes writes through the worker cache (31.184625ms)
✔ rejects a changed catalog version at worker startup without migration (24.399625ms)
✔ settles in-flight initialization and queued requests when disposed (22.034875ms)
✔ executes all classification cover pages on the readonly worker and observes committed writes (38.707458ms)
✔ rejects image initialization against an incompatible schema without rewriting it (22.478208ms)
✔ reads bounded audit pages in the real worker, isolates operations and observes audit replacement (48.383667ms)
✔ reads audit headers on the real worker without building an index from the audit body (23.836458ms)
✔ reads combined views in the real worker, upgrades raw pages and rebuilds after writes and failures (56.241417ms)
✔ keeps missing-body pending pages available and rejects a superseded summary on the real worker (57.842709ms)
✔ counts merged subscribers toward capacity, normalizes keys, and clones each successful result (2.188042ms)
✔ serializes different revisions and keeps a folded expanding query valid in the payload (0.370958ms)
✔ rejects old generation on identity change and waits for termination (6.032042ms)
✔ rejects old generation on path change and waits for termination (0.581ms)
✔ removes queued aborts but retains an executing slot after all subscribers abort (0.678458ms)
✔ one subscriber abort does not cancel another or retain its signal listener (0.3385ms)
✔ rejects all accepted on startup timeout, without retry or overlapping workers (16.502166ms)
✔ rejects all accepted on query timeout, without retry or overlapping workers (14.766042ms)
✔ rejects all accepted on exit, without retry or overlapping workers (0.417125ms)
✔ rejects all accepted on error, without retry or overlapping workers (0.297125ms)
✔ rejects all accepted on protocol error, without retry or overlapping workers (0.216917ms)
✔ dispose closes admission immediately and waits for a running termination (0.212125ms)
✔ fails closed if termination rejects and rejects requests waiting for replacement (0.225792ms)
✔ rejects invalid queries before creating a worker and contains factory/post failures (0.163333ms)
✔ bounds subscribers while termination is pending and supersedes a waiting generation (0.37025ms)
✔ does not launch work after repeated queued cancellations before ready (0.684292ms)
✔ contains unexpected messages and dispose drains an already-started replacement barrier (0.052667ms)
✔ expires waiting subscribers and frees capacity while native termination remains pending (1.029833ms)
✔ keeps independent waiting deadlines for coalesced subscribers and clears them at execution (0.133958ms)
✔ never executes a page whose only subscriber expired before ready (0.069334ms)
✔ shares admission across tag/image requests, keys entity kinds separately and copies caller inputs (0.318959ms)
✔ retains the executing image slot after cancellation and retires it before switching databases (0.332792ms)
✔ validates image requests before allocating a reader (0.194292ms)
✔ shares audit admission with tag/image work, coalesces snapshots and copies audit budgets (0.964375ms)
✔ rejects invalid audit requests before allocation and removes an aborted queued audit (0.197ms)
✔ copies view anchors before allocation, coalesces defaults, and shares capacity with raw/header/tag requests (6.40075ms)
✔ rejects invalid combined views without a worker and drops canceled queued view requests (0.605875ms)
✔ reuses one index and releases it before changes, revision failures and disposal (0.877333ms)
✔ expires an idle index, resets the deadline on use and cancels expiry on disposal (0.712375ms)
✔ upgrades raw to combined views with one live index, then reuses it for both operations (0.432334ms)
✔ pages every section with stable ordinal, filtered totals and independent results (21.639292ms)
✔ holds an immutable copied snapshot across writer changes and leaves main schema/data unchanged (10.046459ms)
✔ rejects source/index/page budget overflows without truncation and can rebuild after failure (14.963583ms)
✔ rejects wrong scope, mismatched versions/identity, malformed collections and non-object entries (24.475541ms)
✔ copies all collections from one read snapshot when the writer commits during construction (9.661375ms)
✔ matches every historical view field/order across combined filters, Unicode search and pages (108.126458ms)
✔ locates failed-view anchors, clamps shrink/overflow, and keeps copied pending-path state (40.478042ms)
✔ rejects invalid view inputs and oversized output without mutating the source (18.661916ms)
✔ reuses one bounded search result across pages and restores read-only mode after TEMP exhaustion (22.660417ms)
✔ preserves pending paths without an audit body only for the exact current summary (17.90225ms)
✔ does not hide corrupt or over-budget audit bodies behind unrecognized-only fallback (23.436792ms)
ℹ tests 58
ℹ suites 1
ℹ pass 58
ℹ fail 0
ℹ cancelled 0
ℹ skipped 0
ℹ todo 0
ℹ duration_ms 636.6035
