▶ ScanCoordinator
  ✔ coalesces display progress while preserving per-file callbacks and the final event (12.68125ms)
  ✔ flushes pending progress before a failure without delaying the failure event (0.48ms)
  ✔ binds an offline-created root identity and refreshes the frozen snapshot before scanning (1.019708ms)
  ✔ persists matching complete audit details with the latest summary (0.4015ms)
  ✔ publishes scan lifecycle events for every trigger (0.205459ms)
  ✔ uses one frozen configuration snapshot for the complete run (0.124542ms)
  ✔ reconciles resource identity pending rows only under roots proven safe after traversal (0.161875ms)
  ✔ preserves offline roots and removes only missing local resources under accessible roots (0.312375ms)
  ✔ aborts cleanup when a local path cannot be audited (0.264708ms)
  ✔ treats a root that becomes unreadable after traversal as offline (0.140792ms)
  ✔ rechecks the frozen root identity immediately before cleanup writes (0.113167ms)
  ✔ does not run cleanup after cancellation and releases the mutual-exclusion lease (0.143167ms)
  ✔ keeps resources after a coordinator-level failure (0.114125ms)
  ✔ skips every destructive cleanup after a file processing failure (0.080166ms)
  ✔ replaces the unrecognized-file snapshot after every safe completed scan (0.11125ms)
  ✔ completes safe cleanup with errors when failures are isolated to STRM files (0.107666ms)
  ✔ consumes deferred path cleanup only after a successful uncancelled scan (0.077083ms)
  ✔ keeps deferred path cleanup queued after a partial folder scan (0.090792ms)
  ✔ allows a full cleanup-only scan after the final configured folder was removed (0.055709ms)
  ✔ removes many non-primary resources without reading sibling resource lists (2.476542ms)
  ✔ consumes cleanup references lazily and closes iteration on a path failure (0.203583ms)
  ✔ preserves all three cleanup audit sequences above the argument limit (217.47125ms)
  ✔ removes resource-less memberships after deferred cleanup on a safe full scan (0.305625ms)
  ✔ persists a sanitized failed summary without running destructive cleanup (0.212292ms)
  ✔ rolls back resource cleanup and keeps pending roots when auto-delete fails (0.189417ms)
  ✔ keeps pending roots when the cleanup transaction cannot commit (0.164208ms)
  ✔ rejects duplicate scans and scans blocked by resource maintenance (4.788334ms)
✔ ScanCoordinator (243.230042ms)
✔ reads pending audit summaries with only referenced groups and all exact pending paths (0.145833ms)
✔ skips the pending audit DB reader for no-files (0.066916ms)
✔ skips the pending audit DB reader for non-pending (0.032125ms)
✔ skips the pending audit DB reader for pending-without-group (0.028459ms)
✔ keeps original first root for cleanup and unrecognized summary with parent-first (0.207708ms)
✔ keeps original first root for cleanup and unrecognized summary with child-first (0.054625ms)
✔ uses the early realPath alias for cleanup but only configured paths for summary (0.104667ms)
✔ does not try a later matching root after cleanup-present authorization fails (0.111208ms)
✔ does not try a later matching root after cleanup-missing authorization fails (0.065291ms)
✔ does not try a later matching root after summary authorization fails (0.063583ms)
✔ reauthorizes the first matching root for unknown pending paths without inspecting unmatched paths or falling back (0.098083ms)
▶ scanFolders
  ✔ rejects an archived library atomically when manual import resumes after probing (11.496458ms)
  ✔ rejects manual import when the root is physically replaced while duration probing is suspended (8.212791ms)
Scan error for /var/folders/h4/zxrt6zwx6dv1n16kwxzltqgh0000gn/T/javdex-scan-JrrJUK/scan-replaced-root/RACE-003.mp4 Error: 只能操作身份有效的启用媒体库根目录内文件
    at rejectManagedRootFile (/Users/nut/Project/JavdexLabs/Javdex/src/main/services/mediaLibraryRootFileGuard.ts:32:9)
    at requireCurrentRootIdentity (/Users/nut/Project/JavdexLabs/Javdex/src/main/services/mediaLibraryRootFileGuard.ts:86:5)
    at assertRootFile (/Users/nut/Project/JavdexLabs/Javdex/src/main/services/mediaLibraryRootFileGuard.ts:98:27)
    at assertMediaLibraryRootFile (/Users/nut/Project/JavdexLabs/Javdex/src/main/services/mediaLibraryRootFileGuard.ts:170:3)
    at authorizeMediaLibraryRootFile (/Users/nut/Project/JavdexLabs/Javdex/src/main/services/mediaLibraryRootFileGuard.ts:230:3)
    at authorizeFileWrite (/Users/nut/Project/JavdexLabs/Javdex/src/main/scanner/scanner.ts:656:7)
    at scanFolders (/Users/nut/Project/JavdexLabs/Javdex/src/main/scanner/scanner.ts:1142:7)
    at async TestContext.<anonymous> (/Users/nut/Project/JavdexLabs/Javdex/src/main/scanner/scanner.test.ts:447:20)
    at async Test.run (node:internal/test_runner/test:1332:7)
    at async Suite.processPendingSubtests (node:internal/test_runner/test:911:7)
  ✔ keeps scan state unchanged when a frozen root is physically replaced during probing (13.458084ms)
Scan error for /var/folders/h4/zxrt6zwx6dv1n16kwxzltqgh0000gn/T/javdex-scan-LDEQLd/rename-import-replaced-root/RACE-004.mp4 Error: 只能操作身份有效的启用媒体库根目录内文件
    at rejectManagedRootFile (/Users/nut/Project/JavdexLabs/Javdex/src/main/services/mediaLibraryRootFileGuard.ts:32:9)
    at requireCurrentRootIdentity (/Users/nut/Project/JavdexLabs/Javdex/src/main/services/mediaLibraryRootFileGuard.ts:86:5)
    at assertRootFile (/Users/nut/Project/JavdexLabs/Javdex/src/main/services/mediaLibraryRootFileGuard.ts:98:27)
    at assertMediaLibraryRootFile (/Users/nut/Project/JavdexLabs/Javdex/src/main/services/mediaLibraryRootFileGuard.ts:170:3)
    at authorizeMediaLibraryRootFile (/Users/nut/Project/JavdexLabs/Javdex/src/main/services/mediaLibraryRootFileGuard.ts:230:3)
    at authorizeFileWrite (/Users/nut/Project/JavdexLabs/Javdex/src/main/scanner/scanner.ts:656:7)
    at scanFolders (/Users/nut/Project/JavdexLabs/Javdex/src/main/scanner/scanner.ts:1074:9)
    at async renameAndImport (/Users/nut/Project/JavdexLabs/Javdex/src/main/scanner/scanner.ts:1456:20)
    at async TestContext.<anonymous> (/Users/nut/Project/JavdexLabs/Javdex/src/main/scanner/scanner.test.ts:536:19)
    at async Test.run (node:internal/test_runner/test:1332:7)
  ✔ does not commit or rename a replacement-root file when rename-import resumes after probing (9.82625ms)
  ✔ rejects a disabled target root at the resource transaction boundary (6.762709ms)
  ✔ reuses archived local and STRM source paths without crossing library ownership (11.887583ms)
  ✔ imports mixed local and STRM resources into one video and keeps the local file primary (8.746833ms)
  ✔ chooses the scan primary independently of directory entry order (7.837833ms)
  ✔ reselects the primary when scanning into an existing resource-less video (8.188209ms)
  ✔ keeps mixed local and STRM resources in one masked pending group (10.625292ms)
  ✔ rejects a stale pending STRM assignment, refreshes its snapshot, then accepts it (9.220459ms)
  ✔ removes an invalidated STRM snapshot from the pending group on a later scan (8.877375ms)
  ✔ syncs a changed STRM target in place while preserving primary and user-maintained fields (10.739667ms)
  ✔ isolates invalid STRM files and retries them without replacing a bound target (12.481333ms)
  ✔ relocates STRM only when the complete filename and target identify one missing source (11.706292ms)
  ✔ loads STRM candidates once per scan across imports, moves and pending writes (135.677875ms)
  ✔ relocates a bound STRM after its video code has been corrected (8.194292ms)
  ✔ holds new resources for confirmation when several videos already use the code (6.553042ms)
  ✔ keeps an already-pending path out of relocation and refreshes its pending snapshot (6.711584ms)
  ✔ holds a same-scan multi-file code together when automatic assignment is disabled (6.706458ms)
  ✔ does not let an invalid STRM force a valid same-code video into confirmation (7.08575ms)
  ✔ persists a pending scan group across database reopen and assigns it atomically (8.5645ms)
  ✔ rolls back every scan assignment when final pending-group deletion fails (7.281792ms)
  ✔ imports one unambiguous file normally when automatic assignment is disabled (6.106166ms)
  ✔ holds a new resource that matches one existing video when automatic assignment is disabled (6.489458ms)
  ✔ promotes the available resource when assigning into an existing video without a primary (6.988916ms)
  ✔ normalizes a manual code and attaches to an existing case-insensitive identity (30.280625ms)
  ✔ aborts when a nested directory cannot be audited (5.487459ms)
  ✔ imports a symbolic-link video by its link path and file name (7.017083ms)
  ✔ does not follow symbolic-link directories (5.936125ms)
  ✔ silently skips a broken symbolic-link video (5.262791ms)
  ✔ leaves missing-resource cleanup to the high-level scan coordinator (6.796167ms)
  ✔ keeps distinct symbolic-link paths that point to the same target (7.849416ms)
  ✔ keeps a resource under an unavailable root when the same code appears online (8.06375ms)
  ✔ relocates one same-code video by a unique file-size match without requiring the old name (6.695291ms)
  ✔ uses full file name and size to relocate safely when several videos share a code (6.707916ms)
  ✔ does not relocate when full file name and size match more than one duplicate-code video (6.406667ms)
  ✔ treats a new file normally when an old same-code path cannot be audited (7.287375ms)
  ✔ keeps an unrecognized rename and only rediscovers the renamed file (8.738208ms)
  ✔ uses the scan same-code pending flow when automatic merging is disabled (9.392167ms)
  ✔ renames and discovers the code without a manual code or target (11.362042ms)
  ✔ renames and imports an unrecognized STRM as a source-managed link (7.408333ms)
  ✔ imports recognized videos and reports unrecognized files (7.363542ms)
  ✔ reuses scanned directory entries when checking a directory without NFO files (35.06275ms)
  ✔ refreshes a changed local identity snapshot on rescan before user confirmation (8.250375ms)
  ✔ refreshes a changed strm identity snapshot on rescan before user confirmation (7.935417ms)
  ✔ uses NFO identity only for newly discovered resources when automatic import is enabled (10.305833ms)
  ✔ yields between immediately resolved NFO batches so abort runs without losing committed audits or primaries (44.821042ms)
  ✔ yields while delivering final audits but drains every committed entry and reports cancellation (39.967542ms)
  ✔ yields inside one committed NFO batch and retains imported audits for all its anchors (36.42725ms)
  ✔ yields between completed primary selections and still settles every committed resource after abort (37.827125ms)
  ✔ handles cancellation during the only or first NFO application and preserves committed file audits (15.324583ms)
  ✔ aggregates first-discovery NFO candidates once per video after all resources are assigned (8.894709ms)
  ✔ does not count an existing pending resource identity as a new same-code file (8.938083ms)
  ✔ keeps distinct local NFO candidates in the existing confirmation workflow (12.706166ms)
  ✔ persists a filename/NFO identity conflict without creating formal library records (7.025375ms)
  ✔ persists only a masked STRM target projection for an NFO identity conflict (5.878292ms)
  ✔ keeps a valid filename import when its NFO is invalid and records only a secondary warning (7.043375ms)
  ✔ uses NFO identity across libraries but never overwrites a globally scraped-success video (15.782333ms)
  ✔ applies local NFO with fill-empty semantics for new and failed videos (11.239542ms)
  ✔ reattaches a scanned file to an existing no-resource video without replacing metadata (6.501875ms)
  ✔ yields while scanning large batches (39.829167ms)
  ✔ collects a very large root without overflowing call arguments before cancellation (1017.943667ms)
  ✔ stops when cancelled (23.970791ms)
  ✔ skips new imports shorter than 30 minutes (6.147208ms)
  ✔ skips short files before unrecognized handling (5.749375ms)
  ✔ stores probed duration on import (6.497333ms)
  ✔ refreshes duration when the file changes on rescan (6.853875ms)
  ✔ skips duration probe on rescan when file is unchanged (7.0715ms)
  ✔ emits one final audit outcome for every processed file (6.449417ms)
✔ scanFolders (1946.944667ms)
ℹ tests 108
ℹ suites 2
ℹ pass 108
ℹ fail 0
ℹ cancelled 0
ℹ skipped 0
ℹ todo 0
ℹ duration_ms 2428.704417
