✔ publishes sealed entries with run/state/unrecognized updates and exposes header/body/permissions (15.558542ms)
✔ rolls back every finish write when late publication fails, then retries the same sealed audit (11.198ms)
✔ rejects wrong scope, collecting manifests and metadata mismatches without partial writes (16.570292ms)
✔ rejects persisted run mismatches, incompatible completion status and oversized metadata before changing data (12.67325ms)
✔ publishes failed audit without replacing previous unrecognized files (8.751042ms)
✔ publishes cancelled audit without replacing previous unrecognized files (9.303083ms)
✔ abandons interrupted collecting/sealed audits while preserving published history and all entries, idempotently (9.683875ms)
✔ abandons already-terminal unexposed manifests even when no interrupted runs remain (8.655042ms)
✔ rolls back recovery run/state/manifest changes on abandonment failure and succeeds on retry (14.230459ms)
✔ publishes the actual writer after stable upserts and an NFO revision through the production finish transaction (10.523167ms)
✔ upserts exact file paths with stable ordinals, appends other sections and preserves UTF-8 bytes (15.13325ms)
✔ rolls back the entire batch including earlier upserts after a later SQL failure (8.869666ms)
✔ participates in caller transactions and uses savepoints for recoverable batch errors (10.744667ms)
✔ patches NFO in place without inserting missing files or losing the primary audit outcome (11.867084ms)
✔ seals final metadata atomically, keeps the run running, and does not publish or permit late writes (9.242583ms)
✔ seals unchanged metadata without a forbidden no-op metadata update (9.095875ms)
✔ guards scope, running status and legacy JSON and snapshots scope against caller mutation (7.095958ms)
✔ rejects malformed metadata and section shapes without writing anything (21.910708ms)
✔ enforces item, normalized batch and reserved single-page budgets without truncation (15.272333ms)
✔ writes and patches all sections, seals, finishes through the actual repository, and reads compatibility output (7.911042ms)
✔ rejects raw oversized stored entries before selecting their JSON for an NFO patch (13.890084ms)
✔ reads only detached NFO values and distinguishes missing files from absent NFO (8.770083ms)
✔ rejects invalid raw NFO values instead of treating them as absent (10.739292ms)
✔ checks NFO read scope and lifecycle even for missing paths (8.996667ms)
✔ rejects oversized raw rows before projecting any NFO JSON (14.242667ms)
▶ ScanCoordinator
  ✔ coalesces display progress while preserving per-file callbacks and the final event (16.220458ms)
  ✔ flushes pending progress before a failure without delaying the failure event (0.466667ms)
  ✔ binds an offline-created root identity and refreshes the frozen snapshot before scanning (0.772875ms)
  ✔ persists matching complete audit details with the latest summary (0.303875ms)
  ✔ publishes scan lifecycle events for every trigger (0.227417ms)
  ✔ uses one frozen configuration snapshot for the complete run (0.22125ms)
  ✔ reconciles resource identity pending rows only under roots proven safe after traversal (0.260125ms)
  ✔ preserves offline roots and removes only missing local resources under accessible roots (0.393417ms)
  ✔ aborts cleanup when a local path cannot be audited (0.312583ms)
  ✔ treats a root that becomes unreadable after traversal as offline (0.174625ms)
  ✔ rechecks the frozen root identity immediately before cleanup writes (0.133459ms)
  ✔ does not run cleanup after cancellation and releases the mutual-exclusion lease (0.160125ms)
  ✔ keeps resources after a coordinator-level failure (0.114125ms)
  ✔ skips every destructive cleanup after a file processing failure (0.179ms)
  ✔ replaces the unrecognized-file snapshot after every safe completed scan (0.113625ms)
  ✔ completes safe cleanup with errors when failures are isolated to STRM files (0.339208ms)
  ✔ consumes deferred path cleanup only after a successful uncancelled scan (0.245916ms)
  ✔ keeps deferred path cleanup queued after a partial folder scan (0.153917ms)
  ✔ allows a full cleanup-only scan after the final configured folder was removed (0.081875ms)
  ✔ removes many non-primary resources without reading sibling resource lists (2.026583ms)
  ✔ consumes cleanup references lazily and closes iteration on a path failure (0.174167ms)
  ✔ preserves all three cleanup audit sequences above the argument limit (269.006917ms)
  ✔ removes resource-less memberships after deferred cleanup on a safe full scan (0.262333ms)
  ✔ persists a sanitized failed summary without running destructive cleanup (0.227416ms)
  ✔ rolls back resource cleanup and keeps pending roots when auto-delete fails (0.192292ms)
  ✔ keeps pending roots when the cleanup transaction cannot commit (0.149042ms)
  ✔ rejects duplicate scans and scans blocked by resource maintenance (5.789083ms)
✔ ScanCoordinator (299.483084ms)
✔ reads pending audit summaries with only referenced groups and all exact pending paths (0.153ms)
✔ skips the pending audit DB reader for no-files (0.074667ms)
✔ skips the pending audit DB reader for non-pending (0.031583ms)
✔ skips the pending audit DB reader for pending-without-group (0.02775ms)
✔ keeps original first root for cleanup and unrecognized summary with parent-first (0.201833ms)
✔ keeps original first root for cleanup and unrecognized summary with child-first (0.053167ms)
✔ uses the early realPath alias for cleanup but only configured paths for summary (0.100333ms)
✔ does not try a later matching root after cleanup-present authorization fails (0.115ms)
✔ does not try a later matching root after cleanup-missing authorization fails (0.063417ms)
✔ does not try a later matching root after summary authorization fails (0.062042ms)
✔ reauthorizes the first matching root for unknown pending paths without inspecting unmatched paths or falling back (0.093167ms)
▶ scanFolders
  ✔ rejects an archived library atomically when manual import resumes after probing (13.004541ms)
  ✔ rejects manual import when the root is physically replaced while duration probing is suspended (10.630541ms)
Scan error for /var/folders/h4/zxrt6zwx6dv1n16kwxzltqgh0000gn/T/javdex-scan-XdrHEc/scan-replaced-root/RACE-003.mp4 Error: 只能操作身份有效的启用媒体库根目录内文件
    at rejectManagedRootFile (/Users/nut/Project/JavdexLabs/Javdex/src/main/services/mediaLibraryRootFileGuard.ts:32:9)
    at requireCurrentRootIdentity (/Users/nut/Project/JavdexLabs/Javdex/src/main/services/mediaLibraryRootFileGuard.ts:86:5)
    at assertRootFile (/Users/nut/Project/JavdexLabs/Javdex/src/main/services/mediaLibraryRootFileGuard.ts:98:27)
    at assertMediaLibraryRootFile (/Users/nut/Project/JavdexLabs/Javdex/src/main/services/mediaLibraryRootFileGuard.ts:170:3)
    at authorizeMediaLibraryRootFile (/Users/nut/Project/JavdexLabs/Javdex/src/main/services/mediaLibraryRootFileGuard.ts:230:3)
    at authorizeFileWrite (/Users/nut/Project/JavdexLabs/Javdex/src/main/scanner/scanner.ts:679:7)
    at scanFolders (/Users/nut/Project/JavdexLabs/Javdex/src/main/scanner/scanner.ts:1173:7)
    at async TestContext.<anonymous> (/Users/nut/Project/JavdexLabs/Javdex/src/main/scanner/scanner.test.ts:447:20)
    at async Test.run (node:internal/test_runner/test:1332:7)
    at async Suite.processPendingSubtests (node:internal/test_runner/test:911:7)
  ✔ keeps scan state unchanged when a frozen root is physically replaced during probing (15.73775ms)
Scan error for /var/folders/h4/zxrt6zwx6dv1n16kwxzltqgh0000gn/T/javdex-scan-YhG5qE/rename-import-replaced-root/RACE-004.mp4 Error: 只能操作身份有效的启用媒体库根目录内文件
    at rejectManagedRootFile (/Users/nut/Project/JavdexLabs/Javdex/src/main/services/mediaLibraryRootFileGuard.ts:32:9)
    at requireCurrentRootIdentity (/Users/nut/Project/JavdexLabs/Javdex/src/main/services/mediaLibraryRootFileGuard.ts:86:5)
    at assertRootFile (/Users/nut/Project/JavdexLabs/Javdex/src/main/services/mediaLibraryRootFileGuard.ts:98:27)
    at assertMediaLibraryRootFile (/Users/nut/Project/JavdexLabs/Javdex/src/main/services/mediaLibraryRootFileGuard.ts:170:3)
    at authorizeMediaLibraryRootFile (/Users/nut/Project/JavdexLabs/Javdex/src/main/services/mediaLibraryRootFileGuard.ts:230:3)
    at authorizeFileWrite (/Users/nut/Project/JavdexLabs/Javdex/src/main/scanner/scanner.ts:679:7)
    at scanFolders (/Users/nut/Project/JavdexLabs/Javdex/src/main/scanner/scanner.ts:1105:9)
    at async renameAndImport (/Users/nut/Project/JavdexLabs/Javdex/src/main/scanner/scanner.ts:1505:20)
    at async TestContext.<anonymous> (/Users/nut/Project/JavdexLabs/Javdex/src/main/scanner/scanner.test.ts:536:19)
    at async Test.run (node:internal/test_runner/test:1332:7)
  ✔ does not commit or rename a replacement-root file when rename-import resumes after probing (16.79525ms)
  ✔ rejects a disabled target root at the resource transaction boundary (7.603084ms)
  ✔ reuses archived local and STRM source paths without crossing library ownership (14.384791ms)
  ✔ imports mixed local and STRM resources into one video and keeps the local file primary (10.332417ms)
  ✔ chooses the scan primary independently of directory entry order (14.846791ms)
  ✔ reselects the primary when scanning into an existing resource-less video (8.616292ms)
  ✔ keeps mixed local and STRM resources in one masked pending group (12.238625ms)
  ✔ rejects a stale pending STRM assignment, refreshes its snapshot, then accepts it (11.363792ms)
  ✔ removes an invalidated STRM snapshot from the pending group on a later scan (9.502959ms)
  ✔ syncs a changed STRM target in place while preserving primary and user-maintained fields (12.078292ms)
  ✔ isolates invalid STRM files and retries them without replacing a bound target (11.995167ms)
  ✔ relocates STRM only when the complete filename and target identify one missing source (15.003666ms)
  ✔ loads STRM candidates once per scan across imports, moves and pending writes (156.421916ms)
  ✔ relocates a bound STRM after its video code has been corrected (9.503417ms)
  ✔ holds new resources for confirmation when several videos already use the code (7.56175ms)
  ✔ keeps an already-pending path out of relocation and refreshes its pending snapshot (7.400333ms)
  ✔ holds a same-scan multi-file code together when automatic assignment is disabled (7.46775ms)
  ✔ does not let an invalid STRM force a valid same-code video into confirmation (7.861625ms)
  ✔ persists a pending scan group across database reopen and assigns it atomically (9.472834ms)
  ✔ rolls back every scan assignment when final pending-group deletion fails (8.585541ms)
  ✔ imports one unambiguous file normally when automatic assignment is disabled (8.449375ms)
  ✔ holds a new resource that matches one existing video when automatic assignment is disabled (9.187125ms)
  ✔ promotes the available resource when assigning into an existing video without a primary (8.495ms)
  ✔ normalizes a manual code and attaches to an existing case-insensitive identity (38.333292ms)
  ✔ aborts when a nested directory cannot be audited (7.111083ms)
  ✔ imports a symbolic-link video by its link path and file name (8.204583ms)
  ✔ does not follow symbolic-link directories (6.431917ms)
  ✔ silently skips a broken symbolic-link video (6.723542ms)
  ✔ leaves missing-resource cleanup to the high-level scan coordinator (8.356167ms)
  ✔ keeps distinct symbolic-link paths that point to the same target (9.360542ms)
  ✔ keeps a resource under an unavailable root when the same code appears online (9.605083ms)
  ✔ relocates one same-code video by a unique file-size match without requiring the old name (7.704584ms)
  ✔ uses full file name and size to relocate safely when several videos share a code (8.081917ms)
  ✔ does not relocate when full file name and size match more than one duplicate-code video (8.314167ms)
  ✔ treats a new file normally when an old same-code path cannot be audited (8.908666ms)
  ✔ keeps an unrecognized rename and only rediscovers the renamed file (11.340583ms)
  ✔ uses the scan same-code pending flow when automatic merging is disabled (11.219041ms)
  ✔ renames and discovers the code without a manual code or target (8.858875ms)
  ✔ renames and imports an unrecognized STRM as a source-managed link (9.119125ms)
  ✔ imports recognized videos and reports unrecognized files (8.47775ms)
  ✔ reuses scanned directory entries when checking a directory without NFO files (40.804917ms)
  ✔ refreshes a changed local identity snapshot on rescan before user confirmation (9.777625ms)
  ✔ refreshes a changed strm identity snapshot on rescan before user confirmation (9.313625ms)
  ✔ uses NFO identity only for newly discovered resources when automatic import is enabled (12.441375ms)
  ✔ yields between immediately resolved NFO batches so abort runs without losing committed audits or primaries (52.855375ms)
  ✔ yields while delivering final audits but drains every committed entry and reports cancellation (40.953667ms)
  ✔ yields inside one committed NFO batch and retains imported audits for all its anchors (33.278417ms)
  ✔ yields between completed primary selections and still settles every committed resource after abort (47.913084ms)
  ✔ handles cancellation during the only or first NFO application and preserves committed file audits (16.492291ms)
  ✔ aggregates first-discovery NFO candidates once per video after all resources are assigned (8.621334ms)
  ✔ does not count an existing pending resource identity as a new same-code file (8.972042ms)
  ✔ keeps distinct local NFO candidates in the existing confirmation workflow (12.503416ms)
  ✔ persists a filename/NFO identity conflict without creating formal library records (6.46875ms)
  ✔ persists only a masked STRM target projection for an NFO identity conflict (6.719458ms)
  ✔ keeps a valid filename import when its NFO is invalid and records only a secondary warning (11.716708ms)
  ✔ uses NFO identity across libraries but never overwrites a globally scraped-success video (8.196084ms)
  ✔ applies local NFO with fill-empty semantics for new and failed videos (11.745583ms)
  ✔ reattaches a scanned file to an existing no-resource video without replacing metadata (7.353833ms)
  ✔ yields while scanning large batches (41.3155ms)
  ✔ collects a very large root without overflowing call arguments before cancellation (1045.72175ms)
  ✔ stops when cancelled (25.838375ms)
  ✔ skips new imports shorter than 30 minutes (6.805167ms)
  ✔ skips short files before unrecognized handling (6.920084ms)
  ✔ stores probed duration on import (7.74025ms)
  ✔ refreshes duration when the file changes on rescan (8.342458ms)
  ✔ skips duration probe on rescan when file is unchanged (8.066792ms)
  ✔ emits one final audit outcome for every processed file (7.43225ms)
✔ scanFolders (2107.386792ms)
✔ matches final legacy callbacks on equivalent fresh catalogs including merged NFO and repeated paths (48.716625ms)
✔ commits singleton audit deliveries while the next duration probe is held, outside a database transaction (12.312542ms)
✔ timer cancellation preserves already committed entries and stops incremental delivery (19.384791ms)
✔ rejects mutually exclusive sinks before database, directory, probe or callback work (7.663458ms)
✔ propagates recordFile sink failure without converting it to processing_failure (9.666125ms)
✔ propagates readFileNfo sink failure without converting it to processing_failure (11.287041ms)
✔ propagates patchNfo sink failure without converting it to processing_failure (15.665583ms)
✔ treats a missing NFO patch target after a successful read as fatal (10.803166ms)
✔ rejects recordFile resolved thenables without late unhandled rejection (11.176625ms)
✔ rejects recordFile rejected thenables without late unhandled rejection (11.552666ms)
✔ rejects readFileNfo resolved thenables without late unhandled rejection (11.866667ms)
✔ rejects readFileNfo rejected thenables without late unhandled rejection (9.817ms)
✔ rejects patchNfo resolved thenables without late unhandled rejection (9.976834ms)
✔ rejects patchNfo rejected thenables without late unhandled rejection (15.906041ms)
✔ atomically rolls back STRM target-update on native audit INSERT failure and retries with committed visibility (16.267167ms)
✔ atomically rolls back STRM relocation on native audit INSERT failure and retries with committed visibility (16.667459ms)
✔ rolls back invalid STRM pending deletion on native audit failure and retries with one committed failure (12.793291ms)
✔ rolls back local new-video business rows with native audit failure and retries atomically (14.072292ms)
✔ rolls back local existing-video business rows with native audit failure and retries atomically (15.12475ms)
✔ rolls back local must-confirm business rows with native audit failure and retries atomically (18.433125ms)
✔ rolls back local relocation business rows with native audit failure and retries atomically (17.138875ms)
✔ matches unique missing sources and retains filename, target, root and uncertainty rules (0.979708ms)
✔ incrementally tracks same-scan insertions and target/path changes, but invalidates unknown writes (0.197792ms)
✔ does not acknowledge unrelated writes or a failed mutation as a complete cache update (0.182792ms)
✔ retains the cache for known pending writes but cannot hide an intervening external write (0.095ms)
✔ examines one matching candidate per lookup in a 10000-resource relocation (52.484292ms)
✔ examines one matching candidate per lookup in a 20000-resource relocation (102.994292ms)
✔ examines one matching candidate per lookup in a 300382-resource relocation (1310.94325ms)
✔ examines one matching candidate per lookup in a 600764-resource relocation (2383.172ms)
✔ indexes target keys as well as filenames when many directories use the same filename (65.491625ms)
ℹ tests 163
ℹ suites 2
ℹ pass 163
ℹ fail 0
ℹ cancelled 0
ℹ skipped 0
ℹ todo 0
ℹ duration_ms 4122.984708
