✔ validates manual tag candidate bounds and existing-tag identities (1.99475ms)
✔ bounds selected tag label IPC requests before repository access (0.505791ms)
▶ typed IPC adapter
  ✔ does not expose the legacy unreviewed video deletion command (0.195334ms)
  ✔ forwards command arguments and returns the application result (0.106292ms)
  ✔ rejects malformed arguments before invoking the application handler (0.180625ms)
  ✔ accepts link-resource updates without an import-only target (0.231125ms)
  ✔ only accepts metadata retention when removing a last video resource (1.002416ms)
  ✔ accepts one exact plugin approval decision and rejects malformed decisions (0.234958ms)
  ✔ accepts only explicit plugin continuation kinds (0.06375ms)
  ✔ accepts only typed plugin user responses with request-bound actions (0.527834ms)
  ✔ accepts plugin history clearing only without renderer-supplied run ids (0.135333ms)
  ✔ accepts unrecoverable plugin-session discard only without renderer-supplied run ids (0.041458ms)
  ✔ keeps legacy model limits out of the generic settings mutation contract (0.312459ms)
  ✔ validates playlist import start and identity controls at the IPC boundary (0.532667ms)
  ✔ requires the path-removal impact revision at the settings boundary (0.130875ms)
  ✔ accepts only the structured model-management command vocabulary (0.53375ms)
  ✔ serializes successful results and thrown errors (0.648834ms)
  ✔ sends the contracted event payload unchanged (0.069208ms)
✔ typed IPC adapter (5.244291ms)
✔ bounds actress conflict summary pages and keeps detail identities exact (0.172584ms)
▶ ActressIdentityConflictWorkflow
  ✔ inspects live ownership even when the name is not yet in a review group (11.635541ms)
  ✔ summarizes the same aggregated name groups returned by the review list (7.69875ms)
  ✔ keeps summary counts exact for mixed, multi-result, and multi-conflict groups (20.282208ms)
  ✔ lists pending name ownership without inventing a pending scrape (7.4335ms)
  ✔ rejects an unsupported pending name type instead of silently reclassifying it (6.950209ms)
  ✔ rejects a pending-name-ownership decision when the shown claim row changed (7.2635ms)
  ✔ assigns pending name ownership without creating or applying scrape data (8.213667ms)
  ✔ edits one pending name claim and resolves both resulting unique owners (7.649084ms)
  ✔ moves an edited pending name claim into another normalized-name group (8.116417ms)
  ✔ merges actresses directly from pending name ownership (8.615708ms)
  ✔ removes an illegal pending name without persisting a blacklist (8.16475ms)
  ✔ reassigns the only pending scrape to the explicit keeper after a merge (9.068666ms)
  ✔ keeps a usable keeper avatar while clearing its missing source and crop state (9.829166ms)
  ✔ uses the explicitly selected pending actress as keeper and the other current main name (9.259916ms)
  ✔ rejects merging when both actresses own pending scrape snapshots (8.802459ms)
  ✔ does not treat another conflict between the same actress pair as a merge blocker (7.22475ms)
  ✔ rejects the whole workbench merge when a resulting name belongs to a third actress (8.620583ms)
  ✔ rejects the whole merge when the pending scrape also conflicts with a third actress (8.413667ms)
  ✔ rejects merging a persisted name claimed by a third actress pending scrape (9.321834ms)
  ✔ returns stale without merging when either actress changed after confirmation was shown (7.232625ms)
  ✔ rolls back the actress merge when pending reassociation fails (9.014125ms)
  ✔ edits only the selected conflicting name and applies the unlocked scrape atomically (8.693917ms)
  ✔ moves only the edited item when its new name conflicts in another dynamic group (9.868416ms)
  ✔ moves an edited name into a group claimed by another naturally unlocked pending result (9.748541ms)
  ✔ transfers complete ownership to the pending actress only with a replacement main name (8.861ms)
  ✔ previews and applies an assigned conflicting alias in a fill-empty alias collection (8.657042ms)
  ✔ keeps earlier ownership decisions in the final fill-empty alias preview and apply (10.459167ms)
  ✔ validates and removes every legacy claimant when assigning to the pending actress (9.653792ms)
  ✔ assigns a whole conflict group to an existing actress while applying profiles to original targets (9.132791ms)
  ✔ keeps confirmed ownership when the chosen existing actress is also a replace candidate (8.769833ms)
  ✔ removes an illegal normalized name from the whole group and applies unlocked profiles (10.121417ms)
  ✔ requires a valid replacement for every main-name claimant before illegal-name removal (10.408042ms)
  ✔ validates illegal-name replacement main names against the live conflict snapshot (11.130416ms)
  ✔ does not reconcile newly active conflicts while rejecting a stale illegal-name decision (7.625625ms)
  ✔ removes only the current illegal group and does not remember a blacklist rule (10.567417ms)
  ✔ applies a result when its other recorded conflict has already become inactive (9.0465ms)
  ✔ rolls back illegal-name handling when name deletion fails (8.321791ms)
  ✔ rolls back illegal-name handling when main replacement fails (8.307625ms)
  ✔ rolls back illegal-name handling when profile application fails (8.747ms)
  ✔ rolls back illegal-name handling when pending cleanup fails (8.629458ms)
  ✔ keeps the whole illegal-name group pending when any resource preparation fails (11.730708ms)
  ✔ requires a replacement when assigning a current main name to a third existing actress (8.884666ms)
  ✔ finishes name-only results and preserves the original fill-empty update mode (9.006958ms)
  ✔ promotes staged resources when a name edit unlocks a pending scrape (11.022708ms)
  ✔ keeps a naturally unlocked result pending until the user explicitly applies it (8.331958ms)
  ✔ returns a stale outcome without writes when an involved actress changed (7.517125ms)
  ✔ rolls back every profile and promoted resource when a group apply fails (12.049167ms)
  ✔ freezes the complete scrape when one selected name belongs to another actress (7.436375ms)
  ✔ applies a complete result when equivalent names only belong to the target actress (7.018625ms)
  ✔ atomically replaces one actress current snapshot and removes its old staged resources (9.129292ms)
  ✔ rolls back a conflict-free apply when removing the previous snapshot fails (7.088625ms)
  ✔ does not delete an existing same-url gallery file when a later apply rolls back (8.461833ms)
  ✔ discards only the selected wrong match, records cumulative failure, and cleans staging (10.742583ms)
  ✔ startup cleanup removes only old unreferenced staging directories (10.164583ms)
  ✔ deleting a target actress also removes its staged pending resources (9.695708ms)
  ✔ removes prepared formal resources when profile application rolls back (9.258542ms)
✔ ActressIdentityConflictWorkflow (514.81075ms)
✔ reuses maintenance only until local writes, schema changes or external commits (8.633334ms)
✔ does not publish rolled-back maintenance or skip checks inside a caller transaction (7.6075ms)
✔ retries failed maintenance and invalidates after reopening the same catalog (9.607042ms)
✔ does not publish a maintenance stamp if an external commit occurs during the check (7.591541ms)
✔ rechecks earlier candidates after a later candidate introduces a new conflict (7.344958ms)
✔ bounds a 10k legacy-claim queue without hydrating candidates after maintenance (32.085875ms)
✔ does not hydrate unrelated candidate results for a selected name group (10.662708ms)
✔ sorts full conflict names before truncating display captions and preserves exact anchors (7.966458ms)
✔ keeps legacy equal-caption order across pages and clamps missing anchors in a nonempty queue (6.891667ms)
ℹ tests 84
ℹ suites 2
ℹ pass 84
ℹ fail 0
ℹ cancelled 0
ℹ skipped 0
ℹ todo 0
ℹ duration_ms 1073.368916
