✔ publishes sealed entries with run/state/unrecognized updates and exposes header/body/permissions (18.087083ms)
✔ rolls back every finish write when late publication fails, then retries the same sealed audit (12.669666ms)
✔ rejects wrong scope, collecting manifests and metadata mismatches without partial writes (18.050416ms)
✔ rejects persisted run mismatches, incompatible completion status and oversized metadata before changing data (18.0725ms)
✔ publishes failed audit without replacing previous unrecognized files (11.049ms)
✔ publishes cancelled audit without replacing previous unrecognized files (10.096834ms)
✔ abandons interrupted collecting/sealed audits while preserving published history and all entries, idempotently (11.863375ms)
✔ abandons already-terminal unexposed manifests even when no interrupted runs remain (8.893375ms)
✔ rolls back recovery run/state/manifest changes on abandonment failure and succeeds on retry (11.708042ms)
✔ publishes the actual writer after stable upserts and an NFO revision through the production finish transaction (11.768791ms)
✔ upserts exact file paths with stable ordinals, appends other sections and preserves UTF-8 bytes (16.212541ms)
✔ rolls back the entire batch including earlier upserts after a later SQL failure (11.050417ms)
✔ participates in caller transactions and uses savepoints for recoverable batch errors (8.908375ms)
✔ patches NFO in place without inserting missing files or losing the primary audit outcome (10.510458ms)
✔ seals final metadata atomically, keeps the run running, and does not publish or permit late writes (11.939959ms)
✔ seals unchanged metadata without a forbidden no-op metadata update (11.375375ms)
✔ guards scope, running status and legacy JSON and snapshots scope against caller mutation (9.328125ms)
✔ rejects malformed metadata and section shapes without writing anything (24.071167ms)
✔ enforces item, normalized batch and reserved single-page budgets without truncation (17.7535ms)
✔ writes and patches all sections, seals, finishes through the actual repository, and reads compatibility output (8.161333ms)
✔ rejects raw oversized stored entries before selecting their JSON for an NFO patch (19.515542ms)
✔ reads only detached NFO values and distinguishes missing files from absent NFO (7.676209ms)
✔ rejects invalid raw NFO values instead of treating them as absent (8.659542ms)
✔ checks NFO read scope and lifecycle even for missing paths (7.071084ms)
✔ rejects oversized raw rows before projecting any NFO JSON (12.957291ms)
▶ ScanCoordinator
  ✔ coalesces display progress while preserving per-file callbacks and the final event (14.96525ms)
  ✔ flushes pending progress before a failure without delaying the failure event (0.777042ms)
  ✔ binds an offline-created root identity and refreshes the frozen snapshot before scanning (1.322417ms)
  ✔ persists matching complete audit details with the latest summary (0.333458ms)
  ✔ publishes scan lifecycle events for every trigger (0.215125ms)
  ✔ uses one frozen configuration snapshot for the complete run (0.137625ms)
  ✔ reconciles resource identity pending rows only under roots proven safe after traversal (0.174167ms)
  ✔ preserves offline roots and removes only missing local resources under accessible roots (0.487542ms)
  ✔ aborts cleanup when a local path cannot be audited (0.336ms)
  ✔ treats a root that becomes unreadable after traversal as offline (0.175458ms)
  ✔ rechecks the frozen root identity immediately before cleanup writes (0.158917ms)
  ✔ does not run cleanup after cancellation and releases the mutual-exclusion lease (0.249166ms)
  ✔ keeps resources after a coordinator-level failure (0.162334ms)
  ✔ skips every destructive cleanup after a file processing failure (0.07825ms)
  ✔ replaces the unrecognized-file snapshot after every safe completed scan (0.104875ms)
  ✔ completes safe cleanup with errors when failures are isolated to STRM files (0.120916ms)
  ✔ consumes deferred path cleanup only after a successful uncancelled scan (0.09075ms)
  ✔ keeps deferred path cleanup queued after a partial folder scan (0.092625ms)
  ✔ allows a full cleanup-only scan after the final configured folder was removed (0.054ms)
  ✔ removes many non-primary resources without reading sibling resource lists (1.989333ms)
  ✔ consumes cleanup references lazily and closes iteration on a path failure (0.176166ms)
  ✔ preserves all three cleanup audit sequences above the argument limit (268.023667ms)
  ✔ removes resource-less memberships after deferred cleanup on a safe full scan (0.243333ms)
  ✔ persists a sanitized failed summary without running destructive cleanup (0.193791ms)
  ✔ rolls back resource cleanup and keeps pending roots when auto-delete fails (0.16625ms)
  ✔ keeps pending roots when the cleanup transaction cannot commit (0.241333ms)
  ✔ rejects duplicate scans and scans blocked by resource maintenance (9.993291ms)
✔ ScanCoordinator (301.88125ms)
✔ reads pending audit summaries with only referenced groups and all exact pending paths (0.196709ms)
✔ skips the pending audit DB reader for no-files (0.171333ms)
✔ skips the pending audit DB reader for non-pending (0.062917ms)
✔ skips the pending audit DB reader for pending-without-group (0.045208ms)
✔ keeps original first root for cleanup and unrecognized summary with parent-first (0.303708ms)
✔ keeps original first root for cleanup and unrecognized summary with child-first (0.074667ms)
✔ uses the early realPath alias for cleanup but only configured paths for summary (0.127167ms)
✔ does not try a later matching root after cleanup-present authorization fails (0.129083ms)
✔ does not try a later matching root after cleanup-missing authorization fails (0.066458ms)
✔ does not try a later matching root after summary authorization fails (0.070333ms)
✔ reauthorizes the first matching root for unknown pending paths without inspecting unmatched paths or falling back (0.195959ms)
▶ scanFolders
  ✔ rejects an archived library atomically when manual import resumes after probing (13.129625ms)
  ✔ rejects manual import when the root is physically replaced while duration probing is suspended (10.190875ms)
Scan error for /var/folders/h4/zxrt6zwx6dv1n16kwxzltqgh0000gn/T/javdex-scan-s3NgVJ/scan-replaced-root/RACE-003.mp4 Error: 只能操作身份有效的启用媒体库根目录内文件
    at rejectManagedRootFile (/Users/nut/Project/JavdexLabs/Javdex/src/main/services/mediaLibraryRootFileGuard.ts:32:9)
    at requireCurrentRootIdentity (/Users/nut/Project/JavdexLabs/Javdex/src/main/services/mediaLibraryRootFileGuard.ts:86:5)
    at assertRootFile (/Users/nut/Project/JavdexLabs/Javdex/src/main/services/mediaLibraryRootFileGuard.ts:98:27)
    at assertMediaLibraryRootFile (/Users/nut/Project/JavdexLabs/Javdex/src/main/services/mediaLibraryRootFileGuard.ts:170:3)
    at authorizeMediaLibraryRootFile (/Users/nut/Project/JavdexLabs/Javdex/src/main/services/mediaLibraryRootFileGuard.ts:230:3)
    at authorizeFileWrite (/Users/nut/Project/JavdexLabs/Javdex/src/main/scanner/scanner.ts:678:7)
    at scanFolders (/Users/nut/Project/JavdexLabs/Javdex/src/main/scanner/scanner.ts:1201:7)
    at async TestContext.<anonymous> (/Users/nut/Project/JavdexLabs/Javdex/src/main/scanner/scanner.test.ts:447:20)
    at async Test.run (node:internal/test_runner/test:1332:7)
    at async Suite.processPendingSubtests (node:internal/test_runner/test:911:7)
  ✔ keeps scan state unchanged when a frozen root is physically replaced during probing (18.407958ms)
Scan error for /var/folders/h4/zxrt6zwx6dv1n16kwxzltqgh0000gn/T/javdex-scan-HEnahv/rename-import-replaced-root/RACE-004.mp4 Error: 只能操作身份有效的启用媒体库根目录内文件
    at rejectManagedRootFile (/Users/nut/Project/JavdexLabs/Javdex/src/main/services/mediaLibraryRootFileGuard.ts:32:9)
    at requireCurrentRootIdentity (/Users/nut/Project/JavdexLabs/Javdex/src/main/services/mediaLibraryRootFileGuard.ts:86:5)
    at assertRootFile (/Users/nut/Project/JavdexLabs/Javdex/src/main/services/mediaLibraryRootFileGuard.ts:98:27)
    at assertMediaLibraryRootFile (/Users/nut/Project/JavdexLabs/Javdex/src/main/services/mediaLibraryRootFileGuard.ts:170:3)
    at authorizeMediaLibraryRootFile (/Users/nut/Project/JavdexLabs/Javdex/src/main/services/mediaLibraryRootFileGuard.ts:230:3)
    at authorizeFileWrite (/Users/nut/Project/JavdexLabs/Javdex/src/main/scanner/scanner.ts:678:7)
    at scanFolders (/Users/nut/Project/JavdexLabs/Javdex/src/main/scanner/scanner.ts:1131:9)
    at async renameAndImport (/Users/nut/Project/JavdexLabs/Javdex/src/main/scanner/scanner.ts:1533:20)
    at async TestContext.<anonymous> (/Users/nut/Project/JavdexLabs/Javdex/src/main/scanner/scanner.test.ts:536:19)
    at async Test.run (node:internal/test_runner/test:1332:7)
  ✔ does not commit or rename a replacement-root file when rename-import resumes after probing (11.447333ms)
  ✔ rejects a disabled target root at the resource transaction boundary (9.41825ms)
  ✔ reuses archived local and STRM source paths without crossing library ownership (17.307667ms)
  ✔ imports mixed local and STRM resources into one video and keeps the local file primary (10.6225ms)
  ✔ chooses the scan primary independently of directory entry order (12.202375ms)
  ✔ reselects the primary when scanning into an existing resource-less video (11.125333ms)
  ✔ keeps mixed local and STRM resources in one masked pending group (11.399959ms)
  ✔ rejects a stale pending STRM assignment, refreshes its snapshot, then accepts it (12.0255ms)
  ✔ removes an invalidated STRM snapshot from the pending group on a later scan (9.911875ms)
  ✔ syncs a changed STRM target in place while preserving primary and user-maintained fields (10.967ms)
  ✔ isolates invalid STRM files and retries them without replacing a bound target (13.340958ms)
  ✔ relocates STRM only when the complete filename and target identify one missing source (13.37025ms)
  ✔ loads STRM candidates once per scan across imports, moves and pending writes (166.634333ms)
  ✔ relocates a bound STRM after its video code has been corrected (14.328459ms)
  ✔ holds new resources for confirmation when several videos already use the code (10.27325ms)
  ✔ keeps an already-pending path out of relocation and refreshes its pending snapshot (8.190458ms)
  ✔ holds a same-scan multi-file code together when automatic assignment is disabled (8.831292ms)
  ✔ does not let an invalid STRM force a valid same-code video into confirmation (7.96025ms)
  ✔ persists a pending scan group across database reopen and assigns it atomically (10.388292ms)
  ✔ rolls back every scan assignment when final pending-group deletion fails (8.0325ms)
  ✔ imports one unambiguous file normally when automatic assignment is disabled (7.3855ms)
  ✔ holds a new resource that matches one existing video when automatic assignment is disabled (6.700667ms)
  ✔ promotes the available resource when assigning into an existing video without a primary (8.0405ms)
  ✔ normalizes a manual code and attaches to an existing case-insensitive identity (34.397375ms)
  ✔ aborts when a nested directory cannot be audited (6.602166ms)
  ✔ imports a symbolic-link video by its link path and file name (8.167583ms)
  ✔ does not follow symbolic-link directories (6.758708ms)
  ✔ silently skips a broken symbolic-link video (6.3905ms)
  ✔ leaves missing-resource cleanup to the high-level scan coordinator (7.8185ms)
  ✔ keeps distinct symbolic-link paths that point to the same target (8.644167ms)
  ✔ keeps a resource under an unavailable root when the same code appears online (8.528833ms)
  ✔ relocates one same-code video by a unique file-size match without requiring the old name (6.937ms)
  ✔ uses full file name and size to relocate safely when several videos share a code (7.622125ms)
  ✔ does not relocate when full file name and size match more than one duplicate-code video (7.323083ms)
  ✔ treats a new file normally when an old same-code path cannot be audited (8.808958ms)
  ✔ keeps an unrecognized rename and only rediscovers the renamed file (10.2265ms)
  ✔ uses the scan same-code pending flow when automatic merging is disabled (10.315167ms)
  ✔ renames and discovers the code without a manual code or target (8.191ms)
  ✔ renames and imports an unrecognized STRM as a source-managed link (8.96975ms)
  ✔ imports recognized videos and reports unrecognized files (14.125292ms)
  ✔ reuses scanned directory entries when checking a directory without NFO files (38.81375ms)
  ✔ refreshes a changed local identity snapshot on rescan before user confirmation (9.564333ms)
  ✔ refreshes a changed strm identity snapshot on rescan before user confirmation (8.577208ms)
  ✔ uses NFO identity only for newly discovered resources when automatic import is enabled (11.694833ms)
  ✔ yields between immediately resolved NFO batches so abort runs without losing committed audits or primaries (45.07175ms)
  ✔ yields while delivering final audits but drains every committed entry and reports cancellation (41.737083ms)
  ✔ yields inside one committed NFO batch and retains imported audits for all its anchors (40.841875ms)
  ✔ yields between completed primary selections and still settles every committed resource after abort (41.033083ms)
  ✔ handles cancellation during the only or first NFO application and preserves committed file audits (16.806333ms)
  ✔ aggregates first-discovery NFO candidates once per video after all resources are assigned (9.420042ms)
  ✔ does not count an existing pending resource identity as a new same-code file (8.764167ms)
  ✔ keeps distinct local NFO candidates in the existing confirmation workflow (12.961417ms)
  ✔ persists a filename/NFO identity conflict without creating formal library records (7.1285ms)
  ✔ persists only a masked STRM target projection for an NFO identity conflict (6.649458ms)
  ✔ keeps a valid filename import when its NFO is invalid and records only a secondary warning (8.314667ms)
  ✔ uses NFO identity across libraries but never overwrites a globally scraped-success video (8.759917ms)
  ✔ applies local NFO with fill-empty semantics for new and failed videos (12.0125ms)
  ✔ reattaches a scanned file to an existing no-resource video without replacing metadata (7.4055ms)
  ✔ yields while scanning large batches (41.713375ms)
  ✔ collects a very large root without overflowing call arguments before cancellation (1070.99675ms)
  ✔ stops when cancelled (35.058417ms)
  ✔ skips new imports shorter than 30 minutes (8.306584ms)
  ✔ skips short files before unrecognized handling (7.758125ms)
  ✔ stores probed duration on import (8.721417ms)
  ✔ refreshes duration when the file changes on rescan (8.928166ms)
  ✔ skips duration probe on rescan when file is unchanged (8.651ms)
  ✔ emits one final audit outcome for every processed file (7.96675ms)
✔ scanFolders (2147.531917ms)
✔ matches final legacy callbacks on equivalent fresh catalogs including merged NFO and repeated paths (49.659083ms)
✔ commits singleton audit deliveries while the next duration probe is held, outside a database transaction (12.940916ms)
✔ timer cancellation preserves already committed entries and stops incremental delivery (17.129584ms)
✔ rejects mutually exclusive sinks before database, directory, probe or callback work (8.298875ms)
✔ propagates recordFile sink failure without converting it to processing_failure (11.175875ms)
✔ propagates readFileNfo sink failure without converting it to processing_failure (11.359708ms)
✔ propagates patchNfo sink failure without converting it to processing_failure (14.641583ms)
✔ treats a missing NFO patch target after a successful read as fatal (10.901542ms)
✔ rejects recordFile resolved thenables without late unhandled rejection (11.405042ms)
✔ rejects recordFile rejected thenables without late unhandled rejection (11.2045ms)
✔ rejects readFileNfo resolved thenables without late unhandled rejection (9.962208ms)
✔ rejects readFileNfo rejected thenables without late unhandled rejection (10.492959ms)
✔ rejects patchNfo resolved thenables without late unhandled rejection (10.868666ms)
✔ rejects patchNfo rejected thenables without late unhandled rejection (12.83725ms)
✔ atomically rolls back STRM target-update on native audit INSERT failure and retries with committed visibility (14.856ms)
✔ atomically rolls back STRM relocation on native audit INSERT failure and retries with committed visibility (17.119959ms)
✔ rolls back invalid STRM pending deletion on native audit failure and retries with one committed failure (11.472208ms)
✔ rolls back local new-video business rows with native audit failure and retries atomically (14.282458ms)
✔ rolls back local existing-video business rows with native audit failure and retries atomically (15.364208ms)
✔ rolls back local must-confirm business rows with native audit failure and retries atomically (19.120708ms)
✔ rolls back local relocation business rows with native audit failure and retries atomically (15.200958ms)
✔ rolls back strm new-video business rows with native audit failure and retries atomically (16.314291ms)
✔ rolls back strm existing-video business rows with native audit failure and retries atomically (16.367417ms)
✔ rolls back strm must-confirm business rows with native audit failure and retries atomically (16.156875ms)
✔ rolls back local identity-create on native audit failure and commits retry with matching pending state (11.268167ms)
✔ rolls back local identity-refresh on native audit failure and commits retry with matching pending state (10.520834ms)
✔ rolls back local pending-refresh on native audit failure and commits retry with matching pending state (11.030541ms)
✔ rolls back strm identity-create on native audit failure and commits retry with matching pending state (12.034917ms)
✔ rolls back strm identity-refresh on native audit failure and commits retry with matching pending state (11.637292ms)
✔ rolls back strm pending-refresh on native audit failure and commits retry with matching pending state (12.352291ms)
✔ rolls back registered local fingerprint-backfill on audit failure, retries and leaves skipped probes unchanged (16.328417ms)
✔ rolls back registered local changed-fingerprint on audit failure, retries and leaves skipped probes unchanged (17.176167ms)
Scan error for /var/folders/h4/zxrt6zwx6dv1n16kwxzltqgh0000gn/T/javdex-scanner-sink-nM2Lbu/media/AUTH-001.mp4 MediaLibraryRepoError: 媒体库根目录不存在、已停用或不属于该媒体库。
    at requireActivePersistedRoot (/Users/nut/Project/JavdexLabs/Javdex/src/main/services/mediaLibraryRootFileGuard.ts:203:11)
    at authorizeMediaLibraryRootFile (/Users/nut/Project/JavdexLabs/Javdex/src/main/services/mediaLibraryRootFileGuard.ts:229:16)
    at authorizeFileWrite (/Users/nut/Project/JavdexLabs/Javdex/src/main/scanner/scanner.ts:678:7)
    at scanFolders (/Users/nut/Project/JavdexLabs/Javdex/src/main/scanner/scanner.ts:1033:22) {
  code: 'ROOT_NOT_FOUND',
  conflict: undefined,
  currentRevision: undefined
}
✔ rechecks root authorization after an awaited registered-resource probe before writing business fields (10.983417ms)
✔ matches unique missing sources and retains filename, target, root and uncertainty rules (0.729833ms)
✔ incrementally tracks same-scan insertions and target/path changes, but invalidates unknown writes (0.188333ms)
✔ does not acknowledge unrelated writes or a failed mutation as a complete cache update (0.157625ms)
✔ retains the cache for known pending writes but cannot hide an intervening external write (0.291042ms)
✔ examines one matching candidate per lookup in a 10000-resource relocation (71.289333ms)
✔ examines one matching candidate per lookup in a 20000-resource relocation (125.714333ms)
✔ examines one matching candidate per lookup in a 300382-resource relocation (1334.995292ms)
✔ examines one matching candidate per lookup in a 600764-resource relocation (2535.576125ms)
✔ indexes target keys as well as filenames when many directories use the same filename (65.901958ms)
ℹ tests 175
ℹ suites 2
ℹ pass 175
ℹ fail 0
ℹ cancelled 0
ℹ skipped 0
ℹ todo 0
ℹ duration_ms 4347.783917
