✔ reads a successful directory once for three direct anchors with complete candidate equality (16.235542ms)
✔ does not cache a failed directory read and retries the next anchor (9.223834ms)
✔ refreshes sidecars on each call while keeping explicitly supplied identities authoritative (9.485708ms)
✔ preserves explicit maps including empty maps and does not overwrite them from the filesystem (8.620375ms)
✔ preserves exact-sidecar precedence and warnings over movie.nfo with a cached directory (12.99875ms)
✔ does not seed shared directory state from an explicitly empty anchor map (8.37325ms)
✔ separates a foreign root scope at the same lexical directory and still rejects its outside anchor (9.708625ms)
✔ still authorizes every file after a root is revoked within a cached-directory collection (9.800209ms)
✔ does not retain an oversized direct sidecar map while preserving all real exact candidates (30.874875ms)
✔ does not hide oversized maps on production anchors, retaining the ordinary one-read baseline (332.368917ms)
✔ admits at most 64 scopes without evicting earlier successful snapshots (62.022375ms)
✔ reads one production directory snapshot per collect and refreshes sidecars and siblings next time (37.627416ms)
✔ retries a failed production listing per anchor and starts fresh on the next collect (24.948834ms)
✔ does not retain rejected sidecar maps in production anchors beyond 64 scopes (55.804167ms)
▶ LocalNfoSourceAdapter
  ✔ reads its own exported samples with a separate background (portable-v1) (5.560291ms)
  ✔ reads its own exported samples with a separate background (jellyfin-current) (1.8515ms)
  ✔ reads its own exported samples with a separate background (emby-kodi-conservative) (1.726666ms)
  ✔ reads its own exported samples with a separate background (plex-nfo-1.43.1+) (1.5035ms)
  ✔ reads its own exported samples with a separate background (infuse-current) (2.780292ms)
  ✔ keeps explicit and discovered samples scoped to their video in a shared directory (1.967959ms)
  ✔ collects one candidate per physical NFO with local asset capabilities and no paths (3.05825ms)
  ✔ uses explicit gender, then existing actor gender, then dialect default (0.792959ms)
  ✔ keeps actress avatar positions aligned after gender field projection (1.079416ms)
  ✔ reads legacy and Kodi actor filenames and follows explicit references for repeated spaces (2.708083ms)
  ✔ treats no sidecar as a quiet no-match and excludes mismatched NFO identity (0.73575ms)
✔ LocalNfoSourceAdapter (24.344333ms)
✔ caps scopes without eviction or replacement and starts fresh per instance (0.50175ms)
✔ accounts exact encoded UTF8 keys, map keys and values, and summary code at the byte boundary (1.209ms)
✔ rejection consumes neither scope slots nor bytes, including a huge key or code with no names (0.990709ms)
✔ defaults to real incremental entries and publishes the same NFO/pending/cleanup audit as explicit legacy JSON (63.378084ms)
✔ rolls run admission and state back when starting the audit manifest fails (10.986291ms)
✔ does not falsely complete or replace old unrecognized rows after persistent file failure (16.496292ms)
✔ does not falsely complete or replace old unrecognized rows after persistent cleanup failure (25.270458ms)
✔ does not falsely complete or replace old unrecognized rows after persistent pending-refresh failure (38.577542ms)
✔ does not falsely complete or replace old unrecognized rows after persistent seal failure (21.834833ms)
✔ does not falsely complete or replace old unrecognized rows after persistent publish failure (29.801917ms)
✔ a transient final publication fault cannot expose completed success or replace old unrecognized rows (19.619458ms)
✔ cancellation retains incremental entries and the previous unrecognized snapshot (16.021791ms)
✔ preserves committed partial counts on second-file storage failure (16.122583ms)
✔ preserves committed partial counts on nfo-tail storage failure (17.11225ms)
✔ leaves persistent failed-terminalization recoverable and startup preserves durable entries (17.746875ms)
Scan error for /var/folders/h4/zxrt6zwx6dv1n16kwxzltqgh0000gn/T/javdex-coordinator-entries-YJsUq3/media/AAA-001.mp4 Error: duration processing fault
    at readDurationSeconds (/Users/nut/Project/JavdexLabs/Javdex/src/main/scanner/scanCoordinatorEntries.test.ts:55:170)
    at scanPreparedFolders (/Users/nut/Project/JavdexLabs/Javdex/src/main/scanner/scanner.ts:1183:32)
    at async scanFolders (/Users/nut/Project/JavdexLabs/Javdex/src/main/scanner/scanner.ts:489:12)
    at async ScanCoordinator.run (/Users/nut/Project/JavdexLabs/Javdex/src/main/scanner/scanCoordinator.ts:319:16)
    at async TestContext.<anonymous> (/Users/nut/Project/JavdexLabs/Javdex/src/main/scanner/scanCoordinatorEntries.test.ts:212:16)
    at async Test.run (node:internal/test_runner/test:1332:7)
    at async Test.processPendingSubtests (node:internal/test_runner/test:911:7)
✔ keeps cleanup blocked for processing failures alongside unrecognized files in entries mode (15.831625ms)
Scan error for /var/folders/h4/zxrt6zwx6dv1n16kwxzltqgh0000gn/T/javdex-coordinator-entries-iYM8KE/media/AAA-001.mp4 Error: duration processing fault
    at readDurationSeconds (/Users/nut/Project/JavdexLabs/Javdex/src/main/scanner/scanCoordinatorEntries.test.ts:55:170)
    at scanPreparedFolders (/Users/nut/Project/JavdexLabs/Javdex/src/main/scanner/scanner.ts:1183:32)
    at async scanFolders (/Users/nut/Project/JavdexLabs/Javdex/src/main/scanner/scanner.ts:489:12)
    at async ScanCoordinator.run (/Users/nut/Project/JavdexLabs/Javdex/src/main/scanner/scanCoordinator.ts:319:16)
    at async TestContext.<anonymous> (/Users/nut/Project/JavdexLabs/Javdex/src/main/scanner/scanCoordinatorEntries.test.ts:212:16)
    at async Test.run (node:internal/test_runner/test:1332:7)
    at async Test.processPendingSubtests (node:internal/test_runner/test:911:7)
✔ keeps cleanup blocked for processing failures alongside unrecognized files in json mode (11.598792ms)
✔ matches final legacy callbacks on equivalent fresh catalogs including merged NFO and repeated paths (52.037375ms)
✔ commits singleton audit deliveries while the next duration probe is held, outside a database transaction (16.214708ms)
✔ timer cancellation preserves already committed entries and stops incremental delivery (20.662916ms)
✔ rejects mutually exclusive sinks before database, directory, probe or callback work (7.74175ms)
✔ propagates recordFile sink failure without converting it to processing_failure (12.29075ms)
✔ propagates readFileNfo sink failure without converting it to processing_failure (14.407625ms)
✔ propagates patchNfo sink failure without converting it to processing_failure (10.065542ms)
✔ treats a missing NFO patch target after a successful read as fatal (11.498083ms)
✔ rejects recordFile resolved thenables without late unhandled rejection (11.351708ms)
✔ rejects recordFile rejected thenables without late unhandled rejection (13.130792ms)
✔ rejects readFileNfo resolved thenables without late unhandled rejection (13.158917ms)
✔ rejects readFileNfo rejected thenables without late unhandled rejection (14.119875ms)
✔ rejects patchNfo resolved thenables without late unhandled rejection (18.126709ms)
✔ rejects patchNfo rejected thenables without late unhandled rejection (18.381916ms)
✔ atomically rolls back STRM target-update on native audit INSERT failure and retries with committed visibility (14.091458ms)
✔ atomically rolls back STRM relocation on native audit INSERT failure and retries with committed visibility (26.796667ms)
✔ rolls back invalid STRM pending deletion on native audit failure and retries with one committed failure (13.197208ms)
✔ rolls back local new-video business rows with native audit failure and retries atomically (14.183459ms)
✔ rolls back local existing-video business rows with native audit failure and retries atomically (18.232416ms)
✔ rolls back local must-confirm business rows with native audit failure and retries atomically (14.298667ms)
✔ rolls back local relocation business rows with native audit failure and retries atomically (12.393042ms)
✔ rolls back strm new-video business rows with native audit failure and retries atomically (14.616042ms)
✔ rolls back strm existing-video business rows with native audit failure and retries atomically (15.859625ms)
✔ rolls back strm must-confirm business rows with native audit failure and retries atomically (13.709958ms)
✔ rolls back local identity-create on native audit failure and commits retry with matching pending state (11.159ms)
✔ rolls back local identity-refresh on native audit failure and commits retry with matching pending state (8.647125ms)
✔ rolls back local pending-refresh on native audit failure and commits retry with matching pending state (9.362792ms)
✔ rolls back strm identity-create on native audit failure and commits retry with matching pending state (8.215833ms)
✔ rolls back strm identity-refresh on native audit failure and commits retry with matching pending state (9.1385ms)
✔ rolls back strm pending-refresh on native audit failure and commits retry with matching pending state (8.190708ms)
✔ rolls back registered local fingerprint-backfill on audit failure, retries and leaves skipped probes unchanged (9.870166ms)
✔ rolls back registered local changed-fingerprint on audit failure, retries and leaves skipped probes unchanged (9.243125ms)
Scan error for /var/folders/h4/zxrt6zwx6dv1n16kwxzltqgh0000gn/T/javdex-scanner-sink-PwAAVp/media/AUTH-001.mp4 MediaLibraryRepoError: 媒体库根目录不存在、已停用或不属于该媒体库。
    at requireActivePersistedRoot (/Users/nut/Project/JavdexLabs/Javdex/src/main/services/mediaLibraryRootFileGuard.ts:203:11)
    at authorizeMediaLibraryRootFile (/Users/nut/Project/JavdexLabs/Javdex/src/main/services/mediaLibraryRootFileGuard.ts:229:16)
    at authorizeFileWrite (/Users/nut/Project/JavdexLabs/Javdex/src/main/scanner/scanner.ts:728:7)
    at scanPreparedFolders (/Users/nut/Project/JavdexLabs/Javdex/src/main/scanner/scanner.ts:1086:22)
    at async scanFolders (/Users/nut/Project/JavdexLabs/Javdex/src/main/scanner/scanner.ts:489:12) {
  code: 'ROOT_NOT_FOUND',
  conflict: undefined,
  currentRevision: undefined
}
✔ rechecks root authorization after an awaited registered-resource probe before writing business fields (8.70675ms)
✔ NFO transaction callback fault (9.542917ms)
✔ NFO transaction callback unchanged (8.573208ms)
✔ NFO transaction callback postcommit-warnings (9.000292ms)
✔ links real local NFO parsing and business apply to scanner audit rollback, then retries the captured NFO transaction (12.267458ms)
✔ transfers stopped partial counts including pending groups when a later NFO audit fails (8.982709ms)
✔ does not rebuild the STRM relocation index for every audit-only write in a mixed scan (14.150458ms)
✔ counts repeated unknown attempts independently of the single upserted audit row (35.548666ms)
✔ matches detailed default counts and imports while summary omits per-file arrays (31.345166ms)
✔ detailed mp4 fatal partial counts include only successfully persisted unknown files (13.760875ms)
✔ detailed strm fatal partial counts include only successfully persisted unknown files (10.658292ms)
✔ summary mp4 fatal partial counts include only successfully persisted unknown files (9.258167ms)
✔ summary strm fatal partial counts include only successfully persisted unknown files (10.190458ms)
✔ preserves committed import counts in compact fatal partial results (14.489959ms)
✔ returns compact cancellation with committed counts and rejects summary without a sink before work (10.109916ms)
✔ allowlists completion fields even when a summary-shaped input carries detailed properties (10.323709ms)
✔ keeps serialized completion size independent of many actual unknown paths apart from counter digits (204.048291ms)
ℹ Completion JSON: 1 unknown=297 bytes; 300 unknown=303 bytes (not a whole-scan RSS measure)
✔ passes one bounded directory identity for 120 same-code parts, retaining it after other directory anchors (188.775292ms)
✔ keeps real movie.nfo adoption and generic asset ownership with full directory identities (42.43925ms)
✔ keeps real movie.nfo adoption and generic asset ownership with targeted sibling identities (40.478375ms)
✔ does not invoke NFO services when disabled (full) (12.200041ms)
✔ does not invoke NFO services when disabled (targeted) (11.406125ms)
✔ counts actual siblings once for repeated targeted unknown paths without making movie.nfo ambiguous (13.131875ms)
✔ honors a scheduled cancellation at the directory identity yield before NFO preflight or import (8.74375ms)
✔ rolls back actual ordinary NFO writes and callback writes, then retries successfully (13.295833ms)
✔ rolls back actual pending replacement, retains restored old assets, cleans new staging and retries (16.314958ms)
✔ rejects resolved async callbacks and rolls back ordinary synchronous writes (9.805833ms)
✔ rejects rejected async callbacks and rolls back ordinary synchronous writes (8.938916ms)
✔ rejects resolved async callbacks and rolls back pending synchronous writes (9.143125ms)
✔ rejects rejected async callbacks and rolls back pending synchronous writes (8.410875ms)
✔ notifies no-write outcomes synchronously and propagates callback failure (7.228667ms)
✔ deliver outcome callback precedes obsolete deletion and rolls back while preserving afterSuccessfulApply (10.224625ms)
✔ keeps committed application when postcommit avatar lookup fails and returns the later warning (9.161542ms)
✔ keeps committed pending disposition when obsolete staging cleanup fails after the callback (9.373167ms)
ℹ tests 108
ℹ suites 1
ℹ pass 108
ℹ fail 0
ℹ cancelled 0
ℹ skipped 0
ℹ todo 0
ℹ duration_ms 1245.414792
