✖ upgrades V16 without changing any business rows or other schema and matches fresh V17 (5.391625ms)
✖ rolls back index DDL and version after drop failure, then retries (2.824917ms)
✖ rolls back index DDL and version after create failure, then retries (2.494833ms)
ℹ tests 3
ℹ suites 0
ℹ pass 0
ℹ fail 3
ℹ cancelled 0
ℹ skipped 0
ℹ todo 0
ℹ duration_ms 162.267916

✖ failing tests:

test at src/main/db/migrationsV17.test.ts:5:559
✖ upgrades V16 without changing any business rows or other schema and matches fresh V17 (5.391625ms)
  AssertionError [ERR_ASSERTION]: Expected values to be strictly equal:
  
  16 !== 17
  
      at TestContext.<anonymous> (/Users/nut/Project/JavdexLabs/Javdex/src/main/db/migrationsV17.test.ts:35:12)
      at Test.runInAsyncScope (node:async_hooks:227:14)
      at Test.run (node:internal/test_runner/test:1325:25)
      at Test.start (node:internal/test_runner/test:1191:17)
      at startSubtestAfterBootstrap (node:internal/test_runner/harness:385:17) {
    generatedMessage: true,
    code: 'ERR_ASSERTION',
    actual: 16,
    expected: 17,
    operator: 'strictEqual',
    diff: 'simple'
  }

test at src/main/db/migrationsV17.test.ts:5:2308
✖ rolls back index DDL and version after drop failure, then retries (2.824917ms)
  AssertionError [ERR_ASSERTION]: Missing expected exception.
      at TestContext.<anonymous> (/Users/nut/Project/JavdexLabs/Javdex/src/main/db/migrationsV17.test.ts:65:14)
      at Test.runInAsyncScope (node:async_hooks:227:14)
      at Test.run (node:internal/test_runner/test:1325:25)
      at Test.processPendingSubtests (node:internal/test_runner/test:911:18)
      at Test.postRun (node:internal/test_runner/test:1465:19)
      at Test.run (node:internal/test_runner/test:1390:12)
      at async startSubtestAfterBootstrap (node:internal/test_runner/harness:385:3) {
    generatedMessage: false,
    code: 'ERR_ASSERTION',
    actual: undefined,
    expected: /index migration interrupted/,
    operator: 'throws',
    diff: 'simple'
  }

test at src/main/db/migrationsV17.test.ts:5:2308
✖ rolls back index DDL and version after create failure, then retries (2.494833ms)
  AssertionError [ERR_ASSERTION]: Missing expected exception.
      at TestContext.<anonymous> (/Users/nut/Project/JavdexLabs/Javdex/src/main/db/migrationsV17.test.ts:65:14)
      at Test.runInAsyncScope (node:async_hooks:227:14)
      at Test.run (node:internal/test_runner/test:1325:25)
      at Test.processPendingSubtests (node:internal/test_runner/test:911:18)
      at Test.postRun (node:internal/test_runner/test:1465:19)
      at Test.run (node:internal/test_runner/test:1390:12)
      at async Test.processPendingSubtests (node:internal/test_runner/test:911:7) {
    generatedMessage: false,
    code: 'ERR_ASSERTION',
    actual: undefined,
    expected: /index migration interrupted/,
    operator: 'throws',
    diff: 'simple'
  }
