✔ reads a successful directory once for three direct anchors with complete candidate equality (21.007333ms)
✔ does not cache a failed directory read and retries the next anchor (13.797583ms)
✔ refreshes sidecars on each call while keeping explicitly supplied identities authoritative (14.203375ms)
✔ preserves explicit maps including empty maps and does not overwrite them from the filesystem (9.5385ms)
✔ preserves exact-sidecar precedence and warnings over movie.nfo with a cached directory (17.614041ms)
✔ does not seed shared directory state from an explicitly empty anchor map (24.809083ms)
✔ separates a foreign root scope at the same lexical directory and still rejects its outside anchor (10.099875ms)
✔ still authorizes every file after a root is revoked within a cached-directory collection (11.970625ms)
✔ does not retain an oversized direct sidecar map while preserving all real exact candidates (55.487209ms)
✔ does not hide oversized maps on production anchors, retaining the ordinary one-read baseline (484.73075ms)
✔ admits at most 64 scopes without evicting earlier successful snapshots (88.4515ms)
✔ reads one production directory snapshot per collect and refreshes sidecars and siblings next time (51.38125ms)
✔ retries a failed production listing per anchor and starts fresh on the next collect (47.391375ms)
✔ does not retain rejected sidecar maps in production anchors beyond 64 scopes (70.834375ms)
✔ caps scopes without eviction or replacement and starts fresh per instance (0.498875ms)
✔ accounts exact encoded UTF8 keys, map keys and values, and summary code at the byte boundary (1.26175ms)
✔ rejection consumes neither scope slots nor bytes, including a huge key or code with no names (1.893292ms)
✔ matches exact JS Map keys and occurrence counts across multiple flushes (9.189042ms)
✔ bounds occurrence batches and encoded key bytes including escaped surrogates (68.809959ms)
✔ rejects oversized add without accepting it and accepts the exact byte boundary (20.06225ms)
✔ native INSERT failure rolls back the batch and failed add retries exactly once (1.075ms)
✔ native UPDATE failure during flush preserves buffer and counting state for finish retry (0.622791ms)
✔ preserves native SELECT cause and remains readable after the fault is removed (0.449792ms)
✔ native DROP lock failure can be retried and closed database disposal is safe (0.558708ms)
✔ guards lifecycle for both implementations (0.853875ms)
✔ rejects caller transaction mutations before state changes while permitting reads (0.98975ms)
✔ never silently saturates counts beyond the exact safe integer range (1.016916ms)
✔ rejects huge raw input before JSON encoding and leaves the counter usable (1.224125ms)
✔ wraps factory failure with its original cause and rolls back already-created DDL (0.522959ms)
✔ prepares three statements once for many flushes, reads and corrections (6.185917ms)
✔ rolls back TEMP creation if statement preparation fails (0.7645ms)
✔ defaults to real incremental entries and publishes the same NFO/pending/cleanup audit as explicit legacy JSON (91.232542ms)
✔ rolls run admission and state back when starting the audit manifest fails (9.48625ms)
✔ does not falsely complete or replace old unrecognized rows after persistent file failure (24.67125ms)
✔ does not falsely complete or replace old unrecognized rows after persistent cleanup failure (37.94275ms)
✔ does not falsely complete or replace old unrecognized rows after persistent pending-refresh failure (73.803167ms)
✔ does not falsely complete or replace old unrecognized rows after persistent seal failure (49.451583ms)
✔ does not falsely complete or replace old unrecognized rows after persistent publish failure (43.651291ms)
✔ a transient final publication fault cannot expose completed success or replace old unrecognized rows (46.104125ms)
✔ cancellation retains incremental entries and the previous unrecognized snapshot (31.458375ms)
✔ preserves committed partial counts on second-file storage failure (28.045625ms)
✔ preserves committed partial counts on nfo-tail storage failure (56.28775ms)
✔ leaves persistent failed-terminalization recoverable and startup preserves durable entries (35.048583ms)
Scan error for /var/folders/h4/zxrt6zwx6dv1n16kwxzltqgh0000gn/T/javdex-coordinator-entries-dhgVBF/media/AAA-001.mp4 Error: duration processing fault
    at readDurationSeconds (/Users/nut/Project/JavdexLabs/Javdex/src/main/scanner/scanCoordinatorEntries.test.ts:55:170)
    at scanPreparedFolders (/Users/nut/Project/JavdexLabs/Javdex/src/main/scanner/scanner.ts:1224:32)
    at async scanFolders (/Users/nut/Project/JavdexLabs/Javdex/src/main/scanner/scanner.ts:494:25)
    at async ScanCoordinator.run (/Users/nut/Project/JavdexLabs/Javdex/src/main/scanner/scanCoordinator.ts:319:16)
    at async TestContext.<anonymous> (/Users/nut/Project/JavdexLabs/Javdex/src/main/scanner/scanCoordinatorEntries.test.ts:212:16)
    at async Test.run (node:internal/test_runner/test:1332:7)
    at async Test.processPendingSubtests (node:internal/test_runner/test:911:7)
✔ keeps cleanup blocked for processing failures alongside unrecognized files in entries mode (24.66125ms)
Scan error for /var/folders/h4/zxrt6zwx6dv1n16kwxzltqgh0000gn/T/javdex-coordinator-entries-BQSYMC/media/AAA-001.mp4 Error: duration processing fault
    at readDurationSeconds (/Users/nut/Project/JavdexLabs/Javdex/src/main/scanner/scanCoordinatorEntries.test.ts:55:170)
    at scanPreparedFolders (/Users/nut/Project/JavdexLabs/Javdex/src/main/scanner/scanner.ts:1224:32)
    at async scanFolders (/Users/nut/Project/JavdexLabs/Javdex/src/main/scanner/scanner.ts:494:25)
    at async ScanCoordinator.run (/Users/nut/Project/JavdexLabs/Javdex/src/main/scanner/scanCoordinator.ts:319:16)
    at async TestContext.<anonymous> (/Users/nut/Project/JavdexLabs/Javdex/src/main/scanner/scanCoordinatorEntries.test.ts:212:16)
    at async Test.run (node:internal/test_runner/test:1332:7)
    at async Test.processPendingSubtests (node:internal/test_runner/test:911:7)
✔ keeps cleanup blocked for processing failures alongside unrecognized files in json mode (26.661ms)
✔ matches the memory oracle for exact strings, ordered maps, overwrites and first-video/duplicate-anchor order (7.0585ms)
✔ keeps only a last-directory identity snapshot and preserves frozen roots against external mutation (4.064792ms)
✔ supports paused sidecar/batch iterators and nested writes, without all-row queries or active cursors (2.139791ms)
✔ native sidecar and preflight writes roll back and retry without losing the old snapshot (1.239459ms)
✔ native queue failure rolls back first-video insertion and duplicate retry order (0.795708ms)
✔ enforces budgets without truncation, lifecycle and external transaction guards (4.259458ms)
✔ wraps native reads and rolls all-table cleanup back for retry; closed database is safe (1.929291ms)
✔ factory invalid roots and prepare failures leave no TEMP objects (0.606583ms)
✔ summary enqueue joins the outer business transaction and retries with fresh first-code/order (0.545833ms)
✔ detailed materialized sidecar snapshots remain usable on returned anchors after disposal (0.203541ms)
✔ wraps lazy iterator decoding failures and permits reads to recover after raw storage repair (0.693917ms)
✔ memory oracle traverses large sidecar snapshots and many duplicate video queues in exact order (14.975583ms)
▶ scanFolders
  ✔ rejects an archived library atomically when manual import resumes after probing (19.075875ms)
  ✔ rejects manual import when the root is physically replaced while duration probing is suspended (9.929625ms)
Scan error for /var/folders/h4/zxrt6zwx6dv1n16kwxzltqgh0000gn/T/javdex-scan-bTZCsa/scan-replaced-root/RACE-003.mp4 Error: 只能操作身份有效的启用媒体库根目录内文件
    at rejectManagedRootFile (/Users/nut/Project/JavdexLabs/Javdex/src/main/services/mediaLibraryRootFileGuard.ts:32:9)
    at requireCurrentRootIdentity (/Users/nut/Project/JavdexLabs/Javdex/src/main/services/mediaLibraryRootFileGuard.ts:86:5)
    at assertRootFile (/Users/nut/Project/JavdexLabs/Javdex/src/main/services/mediaLibraryRootFileGuard.ts:98:27)
    at assertMediaLibraryRootFile (/Users/nut/Project/JavdexLabs/Javdex/src/main/services/mediaLibraryRootFileGuard.ts:170:3)
    at authorizeMediaLibraryRootFile (/Users/nut/Project/JavdexLabs/Javdex/src/main/services/mediaLibraryRootFileGuard.ts:230:3)
    at authorizeFileWrite (/Users/nut/Project/JavdexLabs/Javdex/src/main/scanner/scanner.ts:767:7)
    at scanPreparedFolders (/Users/nut/Project/JavdexLabs/Javdex/src/main/scanner/scanner.ts:1296:7)
    at async scanFolders (/Users/nut/Project/JavdexLabs/Javdex/src/main/scanner/scanner.ts:494:25)
    at async TestContext.<anonymous> (/Users/nut/Project/JavdexLabs/Javdex/src/main/scanner/scanner.test.ts:448:20)
    at async Test.run (node:internal/test_runner/test:1332:7)
  ✔ keeps scan state unchanged when a frozen root is physically replaced during probing (19.655667ms)
Scan error for /var/folders/h4/zxrt6zwx6dv1n16kwxzltqgh0000gn/T/javdex-scan-XD9eRi/rename-import-replaced-root/RACE-004.mp4 Error: 只能操作身份有效的启用媒体库根目录内文件
    at rejectManagedRootFile (/Users/nut/Project/JavdexLabs/Javdex/src/main/services/mediaLibraryRootFileGuard.ts:32:9)
    at requireCurrentRootIdentity (/Users/nut/Project/JavdexLabs/Javdex/src/main/services/mediaLibraryRootFileGuard.ts:86:5)
    at assertRootFile (/Users/nut/Project/JavdexLabs/Javdex/src/main/services/mediaLibraryRootFileGuard.ts:98:27)
    at assertMediaLibraryRootFile (/Users/nut/Project/JavdexLabs/Javdex/src/main/services/mediaLibraryRootFileGuard.ts:170:3)
    at authorizeMediaLibraryRootFile (/Users/nut/Project/JavdexLabs/Javdex/src/main/services/mediaLibraryRootFileGuard.ts:230:3)
    at authorizeFileWrite (/Users/nut/Project/JavdexLabs/Javdex/src/main/scanner/scanner.ts:767:7)
    at scanPreparedFolders (/Users/nut/Project/JavdexLabs/Javdex/src/main/scanner/scanner.ts:1225:9)
    at async scanFolders (/Users/nut/Project/JavdexLabs/Javdex/src/main/scanner/scanner.ts:494:25)
    at async renameAndImport (/Users/nut/Project/JavdexLabs/Javdex/src/main/scanner/scanner.ts:1662:20)
    at async TestContext.<anonymous> (/Users/nut/Project/JavdexLabs/Javdex/src/main/scanner/scanner.test.ts:537:19)
  ✔ does not commit or rename a replacement-root file when rename-import resumes after probing (13.126334ms)
  ✔ rejects a disabled target root at the resource transaction boundary (11.028292ms)
  ✔ reuses archived local and STRM source paths without crossing library ownership (22.219458ms)
  ✔ imports mixed local and STRM resources into one video and keeps the local file primary (18.442333ms)
  ✔ chooses the scan primary independently of directory entry order (18.35125ms)
  ✔ reselects the primary when scanning into an existing resource-less video (24.65325ms)
  ✔ keeps mixed local and STRM resources in one masked pending group (20.258875ms)
  ✔ rejects a stale pending STRM assignment, refreshes its snapshot, then accepts it (19.579209ms)
  ✔ removes an invalidated STRM snapshot from the pending group on a later scan (20.844125ms)
  ✔ syncs a changed STRM target in place while preserving primary and user-maintained fields (21.507667ms)
  ✔ isolates invalid STRM files and retries them without replacing a bound target (23.058042ms)
  ✔ relocates STRM only when the complete filename and target identify one missing source (20.555917ms)
  ✔ loads STRM candidates once per scan across imports, moves and pending writes (303.789834ms)
  ✔ relocates a bound STRM after its video code has been corrected (19.8565ms)
  ✔ holds new resources for confirmation when several videos already use the code (16.267167ms)
  ✔ keeps an already-pending path out of relocation and refreshes its pending snapshot (9.986291ms)
  ✔ holds a same-scan multi-file code together when automatic assignment is disabled (13.363291ms)
  ✔ does not let an invalid STRM force a valid same-code video into confirmation (13.653083ms)
  ✔ persists a pending scan group across database reopen and assigns it atomically (15.84675ms)
  ✔ rolls back every scan assignment when final pending-group deletion fails (15.759042ms)
  ✔ imports one unambiguous file normally when automatic assignment is disabled (12.250959ms)
  ✔ holds a new resource that matches one existing video when automatic assignment is disabled (14.594375ms)
  ✔ promotes the available resource when assigning into an existing video without a primary (21.021042ms)
  ✔ normalizes a manual code and attaches to an existing case-insensitive identity (118.601ms)
  ✔ aborts when a nested directory cannot be audited (12.966292ms)
  ✔ imports a symbolic-link video by its link path and file name (16.05925ms)
  ✔ does not follow symbolic-link directories (12.274083ms)
  ✔ silently skips a broken symbolic-link video (14.031459ms)
  ✔ leaves missing-resource cleanup to the high-level scan coordinator (16.381042ms)
  ✔ keeps distinct symbolic-link paths that point to the same target (14.349709ms)
  ✔ keeps a resource under an unavailable root when the same code appears online (13.594541ms)
  ✔ relocates one same-code video by a unique file-size match without requiring the old name (9.889ms)
  ✔ uses full file name and size to relocate safely when several videos share a code (11.376458ms)
  ✔ does not relocate when full file name and size match more than one duplicate-code video (9.567667ms)
  ✔ treats a new file normally when an old same-code path cannot be audited (10.809541ms)
  ✔ keeps an unrecognized rename and only rediscovers the renamed file (13.037958ms)
  ✔ uses the scan same-code pending flow when automatic merging is disabled (20.5675ms)
  ✔ renames and discovers the code without a manual code or target (18.414834ms)
  ✔ renames and imports an unrecognized STRM as a source-managed link (13.020875ms)
  ✔ imports recognized videos and reports unrecognized files (15.086292ms)
  ✔ reuses scanned directory entries when checking a directory without NFO files (57.188292ms)
  ✔ refreshes a changed local identity snapshot on rescan before user confirmation (18.288667ms)
  ✔ refreshes a changed strm identity snapshot on rescan before user confirmation (13.414542ms)
  ✔ uses NFO identity only for newly discovered resources when automatic import is enabled (17.788667ms)
  ✔ yields between immediately resolved NFO batches so abort runs without losing committed audits or primaries (96.160958ms)
  ✔ yields while delivering final audits but drains every committed entry and reports cancellation (89.37425ms)
  ✔ yields inside one committed NFO batch and retains imported audits for all its anchors (52.229792ms)
  ✔ yields between completed primary selections and still settles every committed resource after abort (53.364542ms)
  ✔ handles cancellation during the only or first NFO application and preserves committed file audits (16.945875ms)
  ✔ aggregates first-discovery NFO candidates once per video after all resources are assigned (9.100875ms)
  ✔ does not count an existing pending resource identity as a new same-code file (8.2515ms)
  ✔ keeps distinct local NFO candidates in the existing confirmation workflow (12.353958ms)
  ✔ persists a filename/NFO identity conflict without creating formal library records (6.389166ms)
  ✔ persists only a masked STRM target projection for an NFO identity conflict (6.703917ms)
  ✔ keeps a valid filename import when its NFO is invalid and records only a secondary warning (7.220125ms)
  ✔ uses NFO identity across libraries but never overwrites a globally scraped-success video (8.4425ms)
  ✔ applies local NFO with fill-empty semantics for new and failed videos (11.182167ms)
  ✔ reattaches a scanned file to an existing no-resource video without replacing metadata (7.874959ms)
  ✔ yields while scanning large batches (41.317458ms)
  ✔ collects a very large root without overflowing call arguments before cancellation (873.833791ms)
  ✔ stops when cancelled (30.968417ms)
  ✔ skips new imports shorter than 30 minutes (16.062333ms)
  ✔ skips short files before unrecognized handling (9.114875ms)
  ✔ stores probed duration on import (12.29925ms)
  ✔ refreshes duration when the file changes on rescan (15.986583ms)
  ✔ skips duration probe on rescan when file is unchanged (8.105666ms)
  ✔ emits one final audit outcome for every processed file (8.083292ms)
✔ scanFolders (2589.774917ms)
✔ matches final legacy callbacks on equivalent fresh catalogs including merged NFO and repeated paths (63.259459ms)
✔ commits singleton audit deliveries while the next duration probe is held, outside a database transaction (13.390667ms)
✔ timer cancellation preserves already committed entries and stops incremental delivery (35.434791ms)
✔ rejects mutually exclusive sinks before database, directory, probe or callback work (11.274875ms)
✔ propagates recordFile sink failure without converting it to processing_failure (17.146583ms)
✔ propagates readFileNfo sink failure without converting it to processing_failure (18.356791ms)
✔ propagates patchNfo sink failure without converting it to processing_failure (28.175334ms)
✔ treats a missing NFO patch target after a successful read as fatal (18.680167ms)
✔ rejects recordFile resolved thenables without late unhandled rejection (25.38975ms)
✔ rejects recordFile rejected thenables without late unhandled rejection (21.755291ms)
✔ rejects readFileNfo resolved thenables without late unhandled rejection (15.33075ms)
✔ rejects readFileNfo rejected thenables without late unhandled rejection (23.06875ms)
✔ rejects patchNfo resolved thenables without late unhandled rejection (21.658625ms)
✔ rejects patchNfo rejected thenables without late unhandled rejection (21.931875ms)
✔ atomically rolls back STRM target-update on native audit INSERT failure and retries with committed visibility (30.026333ms)
✔ atomically rolls back STRM relocation on native audit INSERT failure and retries with committed visibility (26.054917ms)
✔ rolls back invalid STRM pending deletion on native audit failure and retries with one committed failure (20.573625ms)
✔ rolls back local new-video business rows with native audit failure and retries atomically (27.072167ms)
✔ rolls back local existing-video business rows with native audit failure and retries atomically (44.870666ms)
✔ rolls back local must-confirm business rows with native audit failure and retries atomically (26.649708ms)
✔ rolls back local relocation business rows with native audit failure and retries atomically (31.360875ms)
✔ rolls back strm new-video business rows with native audit failure and retries atomically (20.786958ms)
✔ rolls back strm existing-video business rows with native audit failure and retries atomically (28.240667ms)
✔ rolls back strm must-confirm business rows with native audit failure and retries atomically (32.116875ms)
✔ rolls back local identity-create on native audit failure and commits retry with matching pending state (17.683875ms)
✔ rolls back local identity-refresh on native audit failure and commits retry with matching pending state (21.192584ms)
✔ rolls back local pending-refresh on native audit failure and commits retry with matching pending state (21.290791ms)
✔ rolls back strm identity-create on native audit failure and commits retry with matching pending state (23.351041ms)
✔ rolls back strm identity-refresh on native audit failure and commits retry with matching pending state (23.360667ms)
✔ rolls back strm pending-refresh on native audit failure and commits retry with matching pending state (18.015375ms)
✔ rolls back registered local fingerprint-backfill on audit failure, retries and leaves skipped probes unchanged (28.833167ms)
✔ rolls back registered local changed-fingerprint on audit failure, retries and leaves skipped probes unchanged (32.21175ms)
Scan error for /var/folders/h4/zxrt6zwx6dv1n16kwxzltqgh0000gn/T/javdex-scanner-sink-thJUDR/media/AUTH-001.mp4 MediaLibraryRepoError: 媒体库根目录不存在、已停用或不属于该媒体库。
    at requireActivePersistedRoot (/Users/nut/Project/JavdexLabs/Javdex/src/main/services/mediaLibraryRootFileGuard.ts:203:11)
    at authorizeMediaLibraryRootFile (/Users/nut/Project/JavdexLabs/Javdex/src/main/services/mediaLibraryRootFileGuard.ts:229:16)
    at authorizeFileWrite (/Users/nut/Project/JavdexLabs/Javdex/src/main/scanner/scanner.ts:767:7)
    at scanPreparedFolders (/Users/nut/Project/JavdexLabs/Javdex/src/main/scanner/scanner.ts:1127:22)
    at async scanFolders (/Users/nut/Project/JavdexLabs/Javdex/src/main/scanner/scanner.ts:494:25) {
  code: 'ROOT_NOT_FOUND',
  conflict: undefined,
  currentRevision: undefined
}
✔ rechecks root authorization after an awaited registered-resource probe before writing business fields (24.843667ms)
✔ NFO transaction callback fault (19.116833ms)
✔ NFO transaction callback unchanged (19.727ms)
✔ NFO transaction callback postcommit-warnings (20.578833ms)
✔ links real local NFO parsing and business apply to scanner audit rollback, then retries the captured NFO transaction (17.917958ms)
✔ transfers stopped partial counts including pending groups when a later NFO audit fails (23.180041ms)
✔ does not rebuild the STRM relocation index for every audit-only write in a mixed scan (43.325833ms)
✔ uses a TEMP code count table in actual summary scanning and releases it (31.346625ms)
✔ skips count storage entirely for summary automatic merging while preserving detailed results and audit (42.049792ms)
✔ allows cancellation before the first write in a small summary auto-merge scan with no count loop (9.022792ms)
✔ matches memory counts and audits across pages, roots, duplicates, invalid STRMs and NFO identities (1311.568167ms)
✔ cancels during code flush before importing with all TEMP resources removed (71.794459ms)
✔ cancels during code adjustment before importing with all TEMP resources removed (13.508875ms)
✔ treats native count INSERT failure as fatal before any imports (10.825375ms)
✔ treats native count UPDATE failure as fatal before any imports (10.535208ms)
✔ does not downgrade a native main-loop count SELECT failure to processing_failure and preserves prior imports (11.224292ms)
✔ cleans the first inventory if the second factory fails after creating its table (8.938542ms)
✔ attempts both disposers, preserves the first cleanup error and retries both after early-tail faults (9.430709ms)
✔ preserves an original scan error while still attempting both failing disposers (8.295ms)
✔ keeps STRM relocation revision stable after count preparation and resource-free audit writes (14.573583ms)
✔ counts repeated unknown attempts independently of the single upserted audit row (37.55475ms)
✔ matches detailed default counts and imports while summary omits per-file arrays (39.050584ms)
✔ detailed mp4 fatal partial counts include only successfully persisted unknown files (20.807542ms)
✔ detailed strm fatal partial counts include only successfully persisted unknown files (16.584792ms)
✔ summary mp4 fatal partial counts include only successfully persisted unknown files (21.058208ms)
✔ summary strm fatal partial counts include only successfully persisted unknown files (13.926208ms)
✔ preserves committed import counts in compact fatal partial results (20.550791ms)
✔ returns compact cancellation with committed counts and rejects summary without a sink before work (22.331042ms)
✔ allowlists completion fields even when a summary-shaped input carries detailed properties (18.574667ms)
✔ keeps serialized completion size independent of many actual unknown paths apart from counter digits (345.516167ms)
ℹ Completion JSON: 1 unknown=297 bytes; 300 unknown=303 bytes (not a whole-scan RSS measure)
✔ uses a TEMP inventory for actual summary discovery and drops it before scan completion (27.162125ms)
✔ matches detailed memory audits across multiple pages, root order and duplicate discovery paths (564.411833ms)
✔ yields after the first TEMP flush and cancels before any import (full) (56.858ms)
✔ yields after the first TEMP flush and cancels before any import (targeted) (70.1455ms)
✔ propagates native discovery INSERT failure without importing or swallowing it (ordinary flush) (39.556916ms)
✔ propagates native discovery INSERT failure without importing or swallowing it (symlink flush) (64.095166ms)
✔ propagates a normal dispose failure with committed partial counts and retries cleanup in finally (15.359958ms)
✔ preserves the triggering discovery error if final disposal also fails (11.06925ms)
✔ releases TEMP before NFO tail while retaining all paged directory identities and anchors (469.538667ms)
✔ disposes TEMP after targeted preflight validation failure (8.825375ms)
✔ disposes an empty TEMP inventory when already cancelled without reading directories (7.733541ms)
✔ passes one bounded directory identity for 120 same-code parts, retaining it after other directory anchors (297.736459ms)
✔ keeps real movie.nfo adoption and generic asset ownership with full directory identities (42.512542ms)
✔ keeps real movie.nfo adoption and generic asset ownership with targeted sibling identities (47.161292ms)
✔ does not invoke NFO services when disabled (full) (23.016875ms)
✔ does not invoke NFO services when disabled (targeted) (14.732584ms)
✔ counts actual siblings once for repeated targeted unknown paths without making movie.nfo ambiguous (16.270875ms)
✔ honors a scheduled cancellation at the directory identity yield before NFO preflight or import (14.8735ms)
✔ matches detailed real NFO results and audits for several videos and many anchors while TEMP remains alive through apply (210.689959ms)
✔ retains the discovered sidecar and directory identity snapshot across filesystem changes before apply (27.771583ms)
✔ preserves duplicate-path preflight overwrite and final warning audit semantics (38.7705ms)
✔ does not create or query any NFO workset with summary NFO disabled (28.613167ms)
✔ keeps an actual SQL sidecar lookup failure fatal during inspect (12.361542ms)
✔ keeps an actual SQL sidecar lookup failure fatal during apply (15.154ms)
✔ rolls queue INSERT failure back with the mp4 new video and retries actual NFO (28.185334ms)
✔ rolls queue INSERT failure back with the mp4 existing-video resource and retries actual NFO (22.7345ms)
✔ rolls queue INSERT failure back with the strm new video and retries actual NFO (20.2395ms)
✔ rolls queue INSERT failure back with the strm existing-video resource and retries actual NFO (22.882166ms)
✔ keeps the workset alive while draining committed NFO audit warnings on cancellation and skips the next batch (25.784916ms)
✔ rolls real NFO business updates back with a native audit revision fault while disposing the workset (19.543917ms)
✔ disposes earlier scratch stores if creating the NFO workset fails (12.910542ms)
✔ tracks queue writes without rebuilding the STRM relocation index on each NFO candidate (25.98475ms)
✔ attempts all three scratch cleanups without replacing an original discovery failure (9.242459ms)
✔ preserves the native sidecar INSERT cause through directory discovery wrapping (10.707875ms)
✔ matches unique missing sources and retains filename, target, root and uncertainty rules (5.893084ms)
✔ incrementally tracks same-scan insertions and target/path changes, but invalidates unknown writes (0.8055ms)
✔ does not acknowledge unrelated writes or a failed mutation as a complete cache update (0.426917ms)
✔ retains the cache for known pending writes but cannot hide an intervening external write (0.488542ms)
✔ examines one matching candidate per lookup in a 10000-resource relocation (101.753209ms)
✔ examines one matching candidate per lookup in a 20000-resource relocation (137.52075ms)
✔ examines one matching candidate per lookup in a 300382-resource relocation (1437.374834ms)
✔ examines one matching candidate per lookup in a 600764-resource relocation (2284.6935ms)
✔ indexes target keys as well as filenames when many directories use the same filename (62.4225ms)
✔ keeps a warm index across nested audit-only writes inside a known resource mutation (0.184042ms)
✔ invalidates after outer resource failure and restores tracking depth for later audit-only writes (0.138667ms)
✔ does not bypass a nested mutation of another resource or hide an external change (0.050958ms)
✔ rolls back actual ordinary NFO writes and callback writes, then retries successfully (18.589917ms)
✔ rolls back actual pending replacement, retains restored old assets, cleans new staging and retries (13.908125ms)
✔ rejects resolved async callbacks and rolls back ordinary synchronous writes (11.401291ms)
✔ rejects rejected async callbacks and rolls back ordinary synchronous writes (9.1685ms)
✔ rejects resolved async callbacks and rolls back pending synchronous writes (9.009ms)
✔ rejects rejected async callbacks and rolls back pending synchronous writes (9.637958ms)
✔ notifies no-write outcomes synchronously and propagates callback failure (10.109834ms)
✔ deliver outcome callback precedes obsolete deletion and rolls back while preserving afterSuccessfulApply (11.5075ms)
✔ keeps committed application when postcommit avatar lookup fails and returns the later warning (9.353666ms)
✔ keeps committed pending disposition when obsolete staging cleanup fails after the callback (8.9975ms)
ℹ tests 245
ℹ suites 1
ℹ pass 245
ℹ fail 0
ℹ cancelled 0
ℹ skipped 0
ℹ todo 0
ℹ duration_ms 5652.778917
