▶ libraryScanRepo latest snapshot
  ✔ keeps a valid summary pinned to its run when its audit is NULL (16.781167ms)
  ✔ falls back for malformed summary by timestamp then id, excluding NULL bodies without a status filter (15.345416ms)
  ✔ updates the pending path after a rename without rewriting the original scan audit (14.053375ms)
  ✔ returns summary, audit, and unrecognized files only from the requested library (14.022ms)
  ✔ transactionally settles scan runs abandoned by the previous process (13.0255ms)
  ✔ releases archive and root-migration busy gates after restart recovery (11.872125ms)
  ✔ returns an empty snapshot before the first run and rejects an unknown library (8.063084ms)
✔ libraryScanRepo latest snapshot (93.907375ms)
✔ reads a scoped audit header without loading audit JSON or pending path arrays (20.864459ms)
✔ keeps summary failure semantics and rejects oversized summary/header payloads (15.088333ms)
✔ keeps header summary, audit availability and unrecognized count in one WAL snapshot (9.521291ms)
▶ finishLibraryScanRun unrecognized replacement transaction
  ✔ finishes with 40000 replacement root IDs without exceeding SQLite bind limits (16.689ms)
  ✔ deduplicates replacement roots and skips incoming files outside the selected roots (8.2215ms)
  ✔ clears selected roots when there are no matching incoming files and preserves other roots (8.021625ms)
  ✔ does not replace files for absent root targets (7.558334ms)
  ✔ does not replace files for empty root targets (7.360708ms)
  ✔ failed run never replaces preexisting unrecognized rows (9.730417ms)
  ✔ cancelled run never replaces preexisting unrecognized rows (8.6305ms)
  ✔ rolls back run, state and all original unrecognized rows when a duplicate normalized path fails insertion (7.912875ms)
✔ finishLibraryScanRun unrecognized replacement transaction (74.324125ms)
✔ does not hold a writer lock during audit stringify before the deferred transaction’s first SQL statement (8.679167ms)
✔ does not delete another library’s unrecognized rows even when its root ID is in the replacement set (7.496ms)
✔ publishes sealed entries with run/state/unrecognized updates and exposes header/body/permissions (18.302708ms)
✔ rolls back every finish write when late publication fails, then retries the same sealed audit (18.415917ms)
✔ rejects wrong scope, collecting manifests and metadata mismatches without partial writes (22.041958ms)
✔ rejects persisted run mismatches, incompatible completion status and oversized metadata before changing data (24.338291ms)
✔ publishes failed audit without replacing previous unrecognized files (10.542334ms)
✔ publishes cancelled audit without replacing previous unrecognized files (12.47375ms)
✔ abandons interrupted collecting/sealed audits while preserving published history and all entries, idempotently (10.71775ms)
✔ abandons already-terminal unexposed manifests even when no interrupted runs remain (9.824083ms)
✔ rolls back recovery run/state/manifest changes on abandonment failure and succeeds on retry (12.230584ms)
✔ publishes the actual writer after stable upserts and an NFO revision through the production finish transaction (11.1045ms)
✔ uses final upsert outcomes and original ordinal order without full-entry hydration or all() (16.529542ms)
✔ rejects wrong identity/state and checks transaction and sealed state on every resume (13.977542ms)
✔ captures identity before first consumption and does not normalize returned path strings (12.131958ms)
✔ rejects failed/cancelled or deleted runs on resume instead of reporting normal EOF (13.783417ms)
✔ publishes on the same connection while mapping lazy paths without a busy cursor (13.064958ms)
✔ closes the path iterator and rolls back publication on second mapping failure, then retries (14.117416ms)
✔ closes the path iterator and rolls back publication on second native-write failure, then retries (13.303625ms)
✔ upserts exact file paths with stable ordinals, appends other sections and preserves UTF-8 bytes (12.018458ms)
✔ rolls back the entire batch including earlier upserts after a later SQL failure (14.764167ms)
✔ participates in caller transactions and uses savepoints for recoverable batch errors (9.297583ms)
✔ patches NFO in place without inserting missing files or losing the primary audit outcome (13.351708ms)
✔ seals final metadata atomically, keeps the run running, and does not publish or permit late writes (13.904209ms)
✔ seals unchanged metadata without a forbidden no-op metadata update (11.6125ms)
✔ guards scope, running status and legacy JSON and snapshots scope against caller mutation (11.741542ms)
✔ rejects malformed metadata and section shapes without writing anything (31.306209ms)
✔ enforces item, normalized batch and reserved single-page budgets without truncation (12.32125ms)
✔ writes and patches all sections, seals, finishes through the actual repository, and reads compatibility output (9.744167ms)
✔ rejects raw oversized stored entries before selecting their JSON for an NFO patch (15.516042ms)
✔ reads only detached NFO values and distinguishes missing files from absent NFO (9.318958ms)
✔ rejects invalid raw NFO values instead of treating them as absent (8.657375ms)
✔ checks NFO read scope and lifecycle even for missing paths (6.786125ms)
✔ rejects oversized raw rows before projecting any NFO JSON (11.53875ms)
✔ publishes array and generator inputs equivalently and filters roots without touching another library (14.579167ms)
✔ rolls back a native second INSERT failure, closes the generator, and retries (12.014875ms)
✔ rolls back iterator next failure after an earlier insert (11.435167ms)
✔ rolls back iterator authorization failure after an earlier insert (15.041416ms)
✔ rolls back all writes on late native publication failure after fully consuming the generator (13.590583ms)
✔ does not acquire or enumerate the iterable for failed runs (11.041959ms)
✔ does not acquire or enumerate the iterable for cancelled runs (13.495458ms)
✔ does not enumerate on scope validation failure or empty replacement roots, and rejects async-only input (12.682708ms)
▶ ScanCoordinator
  ✔ coalesces display progress while preserving per-file callbacks and the final event (11.890167ms)
  ✔ flushes pending progress before a failure without delaying the failure event (0.445ms)
  ✔ binds an offline-created root identity and refreshes the frozen snapshot before scanning (0.710208ms)
  ✔ persists matching complete audit details with the latest summary (0.214084ms)
  ✔ publishes scan lifecycle events for every trigger (0.164333ms)
  ✔ uses one frozen configuration snapshot for the complete run (0.112ms)
  ✔ reconciles resource identity pending rows only under roots proven safe after traversal (0.145625ms)
  ✔ preserves offline roots and removes only missing local resources under accessible roots (0.265291ms)
  ✔ aborts cleanup when a local path cannot be audited (0.205ms)
  ✔ treats a root that becomes unreadable after traversal as offline (0.1155ms)
  ✔ rechecks the frozen root identity immediately before cleanup writes (0.107041ms)
  ✔ does not run cleanup after cancellation and releases the mutual-exclusion lease (0.127166ms)
  ✔ keeps resources after a coordinator-level failure (0.093583ms)
  ✔ skips every destructive cleanup after a file processing failure (0.0675ms)
  ✔ replaces the unrecognized-file snapshot after every safe completed scan (0.111791ms)
  ✔ completes safe cleanup with errors when failures are isolated to STRM files (0.098416ms)
  ✔ consumes deferred path cleanup only after a successful uncancelled scan (0.072458ms)
  ✔ keeps deferred path cleanup queued after a partial folder scan (0.082125ms)
  ✔ allows a full cleanup-only scan after the final configured folder was removed (0.04475ms)
  ✔ removes many non-primary resources without reading sibling resource lists (1.756166ms)
  ✔ consumes cleanup references lazily and closes iteration on a path failure (0.134584ms)
  ✔ preserves all three cleanup audit sequences above the argument limit (220.212542ms)
  ✔ removes resource-less memberships after deferred cleanup on a safe full scan (0.248833ms)
  ✔ persists a sanitized failed summary without running destructive cleanup (0.198375ms)
  ✔ rolls back resource cleanup and keeps pending roots when auto-delete fails (0.175917ms)
  ✔ keeps pending roots when the cleanup transaction cannot commit (0.156833ms)
  ✔ rejects duplicate scans and scans blocked by resource maintenance (3.896ms)
✔ ScanCoordinator (242.42075ms)
✔ reads pending audit summaries with only referenced groups and all exact pending paths (0.1215ms)
✔ skips the pending audit DB reader for no-files (0.058917ms)
✔ skips the pending audit DB reader for non-pending (0.029125ms)
✔ skips the pending audit DB reader for pending-without-group (0.02675ms)
✔ keeps original first root for cleanup and unrecognized summary with parent-first (0.220166ms)
✔ keeps original first root for cleanup and unrecognized summary with child-first (0.05175ms)
✔ uses the early realPath alias for cleanup but only configured paths for summary (0.109583ms)
✔ does not try a later matching root after cleanup-present authorization fails (0.138958ms)
✔ does not try a later matching root after cleanup-missing authorization fails (0.071167ms)
✔ does not try a later matching root after summary authorization fails (0.077916ms)
✔ reauthorizes the first matching root for unknown pending paths without inspecting unmatched paths or falling back (0.088292ms)
ℹ tests 98
ℹ suites 3
ℹ pass 98
ℹ fail 0
ℹ cancelled 0
ℹ skipped 0
ℹ todo 0
ℹ duration_ms 777.180625
