✔ defaults to real incremental entries and publishes the same NFO/pending/cleanup audit as explicit legacy JSON (96.729875ms)
✔ rolls run admission and state back when starting the audit manifest fails (11.747042ms)
✔ does not falsely complete or replace old unrecognized rows after persistent file failure (20.93725ms)
✔ does not falsely complete or replace old unrecognized rows after persistent cleanup failure (34.6175ms)
✔ does not falsely complete or replace old unrecognized rows after persistent pending-refresh failure (34.886417ms)
✔ does not falsely complete or replace old unrecognized rows after persistent seal failure (26.515333ms)
✔ does not falsely complete or replace old unrecognized rows after persistent publish failure (29.310917ms)
✔ a transient final publication fault cannot expose completed success or replace old unrecognized rows (38.25775ms)
✔ cancellation retains incremental entries and the previous unrecognized snapshot (18.370666ms)
✔ preserves committed partial counts on second-file storage failure (20.349ms)
✔ preserves committed partial counts on nfo-tail storage failure (31.762292ms)
✔ leaves persistent failed-terminalization recoverable and startup preserves durable entries (24.247875ms)
Scan error for /var/folders/h4/zxrt6zwx6dv1n16kwxzltqgh0000gn/T/javdex-coordinator-entries-VoPKCs/media/AAA-001.mp4 Error: duration processing fault
    at readDurationSeconds (/Users/nut/Project/JavdexLabs/Javdex/src/main/scanner/scanCoordinatorEntries.test.ts:55:170)
    at scanPreparedFolders (/Users/nut/Project/JavdexLabs/Javdex/src/main/scanner/scanner.ts:1204:32)
    at async scanFolders (/Users/nut/Project/JavdexLabs/Javdex/src/main/scanner/scanner.ts:498:25)
    at async ScanCoordinator.run (/Users/nut/Project/JavdexLabs/Javdex/src/main/scanner/scanCoordinator.ts:319:16)
    at async TestContext.<anonymous> (/Users/nut/Project/JavdexLabs/Javdex/src/main/scanner/scanCoordinatorEntries.test.ts:212:16)
    at async Test.run (node:internal/test_runner/test:1332:7)
    at async Test.processPendingSubtests (node:internal/test_runner/test:911:7)
✔ keeps cleanup blocked for processing failures alongside unrecognized files in entries mode (24.219708ms)
Scan error for /var/folders/h4/zxrt6zwx6dv1n16kwxzltqgh0000gn/T/javdex-coordinator-entries-6aTcWR/media/AAA-001.mp4 Error: duration processing fault
    at readDurationSeconds (/Users/nut/Project/JavdexLabs/Javdex/src/main/scanner/scanCoordinatorEntries.test.ts:55:170)
    at scanPreparedFolders (/Users/nut/Project/JavdexLabs/Javdex/src/main/scanner/scanner.ts:1204:32)
    at async scanFolders (/Users/nut/Project/JavdexLabs/Javdex/src/main/scanner/scanner.ts:498:25)
    at async ScanCoordinator.run (/Users/nut/Project/JavdexLabs/Javdex/src/main/scanner/scanCoordinator.ts:319:16)
    at async TestContext.<anonymous> (/Users/nut/Project/JavdexLabs/Javdex/src/main/scanner/scanCoordinatorEntries.test.ts:212:16)
    at async Test.run (node:internal/test_runner/test:1332:7)
    at async Test.processPendingSubtests (node:internal/test_runner/test:911:7)
✔ keeps cleanup blocked for processing failures alongside unrecognized files in json mode (18.072667ms)
✔ matches memory over three pages, duplicates and root order, with reusable immutable root snapshots (25.216791ms)
✔ projects paths only after row and byte-limited narrow preflight, including UTF8 (57.846416ms)
✔ allows nested business transactions while readers are paused without a live SQLite cursor (14.036ms)
✔ native flush failure rolls back the batch; retry accepts the failed append once (2.535834ms)
✔ seal flush failure retains buffered rows for retry (0.589958ms)
✔ enforces lifecycle, known roots and single path bounds in both inventories (1.568292ms)
✔ retries failed disposal and safely disposes after the database closes (0.791834ms)
✔ rejects creation inside a caller transaction without DDL or interfering with its rollback (0.588625ms)
✔ rolls factory DDL back if creation throws after SQLite creates the TEMP table (0.6405ms)
✔ reports byte-triggered flushes and preserves committed ordinals when the next buffered flush fails (6.99475ms)
✔ rejects append, seal and dispose in caller transactions without altering buffered or sealed state (0.582459ms)
✔ rejects a flush-triggering append inside a caller transaction without advancing ordinals (1.276ms)
▶ scanFolders
  ✔ rejects an archived library atomically when manual import resumes after probing (17.8015ms)
  ✔ rejects manual import when the root is physically replaced while duration probing is suspended (13.080542ms)
Scan error for /var/folders/h4/zxrt6zwx6dv1n16kwxzltqgh0000gn/T/javdex-scan-8MFIk4/scan-replaced-root/RACE-003.mp4 Error: 只能操作身份有效的启用媒体库根目录内文件
    at rejectManagedRootFile (/Users/nut/Project/JavdexLabs/Javdex/src/main/services/mediaLibraryRootFileGuard.ts:32:9)
    at requireCurrentRootIdentity (/Users/nut/Project/JavdexLabs/Javdex/src/main/services/mediaLibraryRootFileGuard.ts:86:5)
    at assertRootFile (/Users/nut/Project/JavdexLabs/Javdex/src/main/services/mediaLibraryRootFileGuard.ts:98:27)
    at assertMediaLibraryRootFile (/Users/nut/Project/JavdexLabs/Javdex/src/main/services/mediaLibraryRootFileGuard.ts:170:3)
    at authorizeMediaLibraryRootFile (/Users/nut/Project/JavdexLabs/Javdex/src/main/services/mediaLibraryRootFileGuard.ts:230:3)
    at authorizeFileWrite (/Users/nut/Project/JavdexLabs/Javdex/src/main/scanner/scanner.ts:749:7)
    at scanPreparedFolders (/Users/nut/Project/JavdexLabs/Javdex/src/main/scanner/scanner.ts:1276:7)
    at async scanFolders (/Users/nut/Project/JavdexLabs/Javdex/src/main/scanner/scanner.ts:498:25)
    at async TestContext.<anonymous> (/Users/nut/Project/JavdexLabs/Javdex/src/main/scanner/scanner.test.ts:448:20)
    at async Test.run (node:internal/test_runner/test:1332:7)
  ✔ keeps scan state unchanged when a frozen root is physically replaced during probing (16.039625ms)
Scan error for /var/folders/h4/zxrt6zwx6dv1n16kwxzltqgh0000gn/T/javdex-scan-VEGBWx/rename-import-replaced-root/RACE-004.mp4 Error: 只能操作身份有效的启用媒体库根目录内文件
    at rejectManagedRootFile (/Users/nut/Project/JavdexLabs/Javdex/src/main/services/mediaLibraryRootFileGuard.ts:32:9)
    at requireCurrentRootIdentity (/Users/nut/Project/JavdexLabs/Javdex/src/main/services/mediaLibraryRootFileGuard.ts:86:5)
    at assertRootFile (/Users/nut/Project/JavdexLabs/Javdex/src/main/services/mediaLibraryRootFileGuard.ts:98:27)
    at assertMediaLibraryRootFile (/Users/nut/Project/JavdexLabs/Javdex/src/main/services/mediaLibraryRootFileGuard.ts:170:3)
    at authorizeMediaLibraryRootFile (/Users/nut/Project/JavdexLabs/Javdex/src/main/services/mediaLibraryRootFileGuard.ts:230:3)
    at authorizeFileWrite (/Users/nut/Project/JavdexLabs/Javdex/src/main/scanner/scanner.ts:749:7)
    at scanPreparedFolders (/Users/nut/Project/JavdexLabs/Javdex/src/main/scanner/scanner.ts:1205:9)
    at async scanFolders (/Users/nut/Project/JavdexLabs/Javdex/src/main/scanner/scanner.ts:498:25)
    at async renameAndImport (/Users/nut/Project/JavdexLabs/Javdex/src/main/scanner/scanner.ts:1638:20)
    at async TestContext.<anonymous> (/Users/nut/Project/JavdexLabs/Javdex/src/main/scanner/scanner.test.ts:537:19)
  ✔ does not commit or rename a replacement-root file when rename-import resumes after probing (20.004458ms)
  ✔ rejects a disabled target root at the resource transaction boundary (14.080541ms)
  ✔ reuses archived local and STRM source paths without crossing library ownership (18.733416ms)
  ✔ imports mixed local and STRM resources into one video and keeps the local file primary (16.146542ms)
  ✔ chooses the scan primary independently of directory entry order (10.498167ms)
  ✔ reselects the primary when scanning into an existing resource-less video (11.486833ms)
  ✔ keeps mixed local and STRM resources in one masked pending group (12.019208ms)
  ✔ rejects a stale pending STRM assignment, refreshes its snapshot, then accepts it (11.433958ms)
  ✔ removes an invalidated STRM snapshot from the pending group on a later scan (11.433167ms)
  ✔ syncs a changed STRM target in place while preserving primary and user-maintained fields (15.020542ms)
  ✔ isolates invalid STRM files and retries them without replacing a bound target (16.130125ms)
  ✔ relocates STRM only when the complete filename and target identify one missing source (18.815458ms)
  ✔ loads STRM candidates once per scan across imports, moves and pending writes (210.463583ms)
  ✔ relocates a bound STRM after its video code has been corrected (12.8905ms)
  ✔ holds new resources for confirmation when several videos already use the code (9.502584ms)
  ✔ keeps an already-pending path out of relocation and refreshes its pending snapshot (9.474292ms)
  ✔ holds a same-scan multi-file code together when automatic assignment is disabled (9.246208ms)
  ✔ does not let an invalid STRM force a valid same-code video into confirmation (13.426375ms)
  ✔ persists a pending scan group across database reopen and assigns it atomically (12.248ms)
  ✔ rolls back every scan assignment when final pending-group deletion fails (10.320583ms)
  ✔ imports one unambiguous file normally when automatic assignment is disabled (9.037292ms)
  ✔ holds a new resource that matches one existing video when automatic assignment is disabled (8.157208ms)
  ✔ promotes the available resource when assigning into an existing video without a primary (8.291542ms)
  ✔ normalizes a manual code and attaches to an existing case-insensitive identity (37.190792ms)
  ✔ aborts when a nested directory cannot be audited (7.23325ms)
  ✔ imports a symbolic-link video by its link path and file name (8.70875ms)
  ✔ does not follow symbolic-link directories (7.245833ms)
  ✔ silently skips a broken symbolic-link video (7.159791ms)
  ✔ leaves missing-resource cleanup to the high-level scan coordinator (8.429084ms)
  ✔ keeps distinct symbolic-link paths that point to the same target (10.983666ms)
  ✔ keeps a resource under an unavailable root when the same code appears online (9.612ms)
  ✔ relocates one same-code video by a unique file-size match without requiring the old name (8.23775ms)
  ✔ uses full file name and size to relocate safely when several videos share a code (8.821833ms)
  ✔ does not relocate when full file name and size match more than one duplicate-code video (9.085042ms)
  ✔ treats a new file normally when an old same-code path cannot be audited (9.66225ms)
  ✔ keeps an unrecognized rename and only rediscovers the renamed file (11.51925ms)
  ✔ uses the scan same-code pending flow when automatic merging is disabled (12.105125ms)
  ✔ renames and discovers the code without a manual code or target (9.010167ms)
  ✔ renames and imports an unrecognized STRM as a source-managed link (9.237167ms)
  ✔ imports recognized videos and reports unrecognized files (8.725375ms)
  ✔ reuses scanned directory entries when checking a directory without NFO files (41.530166ms)
  ✔ refreshes a changed local identity snapshot on rescan before user confirmation (11.076625ms)
  ✔ refreshes a changed strm identity snapshot on rescan before user confirmation (10.528791ms)
  ✔ uses NFO identity only for newly discovered resources when automatic import is enabled (12.744083ms)
  ✔ yields between immediately resolved NFO batches so abort runs without losing committed audits or primaries (53.76925ms)
  ✔ yields while delivering final audits but drains every committed entry and reports cancellation (45.060792ms)
  ✔ yields inside one committed NFO batch and retains imported audits for all its anchors (32.56875ms)
  ✔ yields between completed primary selections and still settles every committed resource after abort (39.883125ms)
  ✔ handles cancellation during the only or first NFO application and preserves committed file audits (21.335166ms)
  ✔ aggregates first-discovery NFO candidates once per video after all resources are assigned (9.209792ms)
  ✔ does not count an existing pending resource identity as a new same-code file (11.263583ms)
  ✔ keeps distinct local NFO candidates in the existing confirmation workflow (14.274083ms)
  ✔ persists a filename/NFO identity conflict without creating formal library records (6.38625ms)
  ✔ persists only a masked STRM target projection for an NFO identity conflict (6.692125ms)
  ✔ keeps a valid filename import when its NFO is invalid and records only a secondary warning (7.600583ms)
  ✔ uses NFO identity across libraries but never overwrites a globally scraped-success video (9.53075ms)
  ✔ applies local NFO with fill-empty semantics for new and failed videos (12.528375ms)
  ✔ reattaches a scanned file to an existing no-resource video without replacing metadata (7.545458ms)
  ✔ yields while scanning large batches (44.276708ms)
  ✔ collects a very large root without overflowing call arguments before cancellation (807.0225ms)
  ✔ stops when cancelled (22.700042ms)
  ✔ skips new imports shorter than 30 minutes (6.35675ms)
  ✔ skips short files before unrecognized handling (5.742875ms)
  ✔ stores probed duration on import (7.140208ms)
  ✔ refreshes duration when the file changes on rescan (7.635208ms)
  ✔ skips duration probe on rescan when file is unchanged (7.134083ms)
  ✔ emits one final audit outcome for every processed file (7.116833ms)
✔ scanFolders (1990.110084ms)
✔ matches final legacy callbacks on equivalent fresh catalogs including merged NFO and repeated paths (70.374334ms)
✔ commits singleton audit deliveries while the next duration probe is held, outside a database transaction (14.317459ms)
✔ timer cancellation preserves already committed entries and stops incremental delivery (19.667541ms)
✔ rejects mutually exclusive sinks before database, directory, probe or callback work (10.344083ms)
✔ propagates recordFile sink failure without converting it to processing_failure (15.850041ms)
✔ propagates readFileNfo sink failure without converting it to processing_failure (15.549333ms)
✔ propagates patchNfo sink failure without converting it to processing_failure (14.563167ms)
✔ treats a missing NFO patch target after a successful read as fatal (13.689ms)
✔ rejects recordFile resolved thenables without late unhandled rejection (13.477208ms)
✔ rejects recordFile rejected thenables without late unhandled rejection (13.532ms)
✔ rejects readFileNfo resolved thenables without late unhandled rejection (19.283541ms)
✔ rejects readFileNfo rejected thenables without late unhandled rejection (10.756125ms)
✔ rejects patchNfo resolved thenables without late unhandled rejection (13.329208ms)
✔ rejects patchNfo rejected thenables without late unhandled rejection (15.513666ms)
✔ atomically rolls back STRM target-update on native audit INSERT failure and retries with committed visibility (19.610125ms)
✔ atomically rolls back STRM relocation on native audit INSERT failure and retries with committed visibility (22.868125ms)
✔ rolls back invalid STRM pending deletion on native audit failure and retries with one committed failure (21.478709ms)
✔ rolls back local new-video business rows with native audit failure and retries atomically (21.089458ms)
✔ rolls back local existing-video business rows with native audit failure and retries atomically (24.86025ms)
✔ rolls back local must-confirm business rows with native audit failure and retries atomically (20.497375ms)
✔ rolls back local relocation business rows with native audit failure and retries atomically (21.455709ms)
✔ rolls back strm new-video business rows with native audit failure and retries atomically (16.38825ms)
✔ rolls back strm existing-video business rows with native audit failure and retries atomically (23.354917ms)
✔ rolls back strm must-confirm business rows with native audit failure and retries atomically (22.432375ms)
✔ rolls back local identity-create on native audit failure and commits retry with matching pending state (18.20925ms)
✔ rolls back local identity-refresh on native audit failure and commits retry with matching pending state (22.546208ms)
✔ rolls back local pending-refresh on native audit failure and commits retry with matching pending state (22.025084ms)
✔ rolls back strm identity-create on native audit failure and commits retry with matching pending state (17.416834ms)
✔ rolls back strm identity-refresh on native audit failure and commits retry with matching pending state (16.621666ms)
✔ rolls back strm pending-refresh on native audit failure and commits retry with matching pending state (17.013375ms)
✔ rolls back registered local fingerprint-backfill on audit failure, retries and leaves skipped probes unchanged (20.5895ms)
✔ rolls back registered local changed-fingerprint on audit failure, retries and leaves skipped probes unchanged (14.966917ms)
Scan error for /var/folders/h4/zxrt6zwx6dv1n16kwxzltqgh0000gn/T/javdex-scanner-sink-AgEaVa/media/AUTH-001.mp4 MediaLibraryRepoError: 媒体库根目录不存在、已停用或不属于该媒体库。
    at requireActivePersistedRoot (/Users/nut/Project/JavdexLabs/Javdex/src/main/services/mediaLibraryRootFileGuard.ts:203:11)
    at authorizeMediaLibraryRootFile (/Users/nut/Project/JavdexLabs/Javdex/src/main/services/mediaLibraryRootFileGuard.ts:229:16)
    at authorizeFileWrite (/Users/nut/Project/JavdexLabs/Javdex/src/main/scanner/scanner.ts:749:7)
    at scanPreparedFolders (/Users/nut/Project/JavdexLabs/Javdex/src/main/scanner/scanner.ts:1107:22)
    at async scanFolders (/Users/nut/Project/JavdexLabs/Javdex/src/main/scanner/scanner.ts:498:25) {
  code: 'ROOT_NOT_FOUND',
  conflict: undefined,
  currentRevision: undefined
}
✔ rechecks root authorization after an awaited registered-resource probe before writing business fields (14.164167ms)
✔ NFO transaction callback fault (16.313208ms)
✔ NFO transaction callback unchanged (15.21025ms)
✔ NFO transaction callback postcommit-warnings (14.968416ms)
✔ links real local NFO parsing and business apply to scanner audit rollback, then retries the captured NFO transaction (20.23625ms)
✔ transfers stopped partial counts including pending groups when a later NFO audit fails (12.691958ms)
✔ does not rebuild the STRM relocation index for every audit-only write in a mixed scan (20.672375ms)
✔ counts repeated unknown attempts independently of the single upserted audit row (39.294375ms)
✔ matches detailed default counts and imports while summary omits per-file arrays (41.482167ms)
✔ detailed mp4 fatal partial counts include only successfully persisted unknown files (12.024583ms)
✔ detailed strm fatal partial counts include only successfully persisted unknown files (11.770167ms)
✔ summary mp4 fatal partial counts include only successfully persisted unknown files (9.616708ms)
✔ summary strm fatal partial counts include only successfully persisted unknown files (14.4685ms)
✔ preserves committed import counts in compact fatal partial results (16.595042ms)
✔ returns compact cancellation with committed counts and rejects summary without a sink before work (14.336334ms)
✔ allowlists completion fields even when a summary-shaped input carries detailed properties (12.070833ms)
✔ keeps serialized completion size independent of many actual unknown paths apart from counter digits (333.975625ms)
ℹ Completion JSON: 1 unknown=297 bytes; 300 unknown=303 bytes (not a whole-scan RSS measure)
✔ uses a TEMP inventory for actual summary discovery and drops it before scan completion (27.863041ms)
✔ matches detailed memory audits across multiple pages, root order and duplicate discovery paths (486.098625ms)
✔ yields after the first TEMP flush and cancels before any import (full) (45.655709ms)
✔ yields after the first TEMP flush and cancels before any import (targeted) (64.220375ms)
✔ propagates native discovery INSERT failure without importing or swallowing it (ordinary flush) (36.786458ms)
✔ propagates native discovery INSERT failure without importing or swallowing it (symlink flush) (37.085833ms)
✔ propagates a normal dispose failure with committed partial counts and retries cleanup in finally (10.243333ms)
✔ preserves the triggering discovery error if final disposal also fails (9.553916ms)
✔ releases TEMP before NFO tail while retaining all paged directory identities and anchors (360.008291ms)
✔ disposes TEMP after targeted preflight validation failure (8.65825ms)
✔ disposes an empty TEMP inventory when already cancelled without reading directories (8.1485ms)
✔ passes one bounded directory identity for 120 same-code parts, retaining it after other directory anchors (202.666167ms)
✔ keeps real movie.nfo adoption and generic asset ownership with full directory identities (45.401042ms)
✔ keeps real movie.nfo adoption and generic asset ownership with targeted sibling identities (36.568834ms)
✔ does not invoke NFO services when disabled (full) (18.953125ms)
✔ does not invoke NFO services when disabled (targeted) (14.161375ms)
✔ counts actual siblings once for repeated targeted unknown paths without making movie.nfo ambiguous (15.131708ms)
✔ honors a scheduled cancellation at the directory identity yield before NFO preflight or import (13.001375ms)
✔ matches unique missing sources and retains filename, target, root and uncertainty rules (0.761916ms)
✔ incrementally tracks same-scan insertions and target/path changes, but invalidates unknown writes (0.197084ms)
✔ does not acknowledge unrelated writes or a failed mutation as a complete cache update (0.145792ms)
✔ retains the cache for known pending writes but cannot hide an intervening external write (0.086042ms)
✔ examines one matching candidate per lookup in a 10000-resource relocation (146.55925ms)
✔ examines one matching candidate per lookup in a 20000-resource relocation (108.603084ms)
✔ examines one matching candidate per lookup in a 300382-resource relocation (1490.554791ms)
✔ examines one matching candidate per lookup in a 600764-resource relocation (2273.884792ms)
✔ indexes target keys as well as filenames when many directories use the same filename (63.982417ms)
✔ keeps a warm index across nested audit-only writes inside a known resource mutation (0.19125ms)
✔ invalidates after outer resource failure and restores tracking depth for later audit-only writes (0.156083ms)
✔ does not bypass a nested mutation of another resource or hide an external change (0.057208ms)
ℹ tests 175
ℹ suites 1
ℹ pass 175
ℹ fail 0
ℹ cancelled 0
ℹ skipped 0
ℹ todo 0
ℹ duration_ms 4302.4735
