{
  "scales": [
    {
      "rows": 10000,
      "visible": 8000,
      "metrics": [
        {
          "name": "legacy.metadata+prepareGallery",
          "samples": [
            4.923000000000002,
            4.522458999999998,
            5.374791000000016
          ],
          "medianMs": 4.923000000000002,
          "jsonBytes": 3253425
        },
        {
          "name": "gallery.offset-0",
          "samples": [
            4.874750000000006,
            4.873083000000008,
            4.803374999999988
          ],
          "medianMs": 4.873083000000008,
          "jsonBytes": 24382
        },
        {
          "name": "gallery.offset-7940",
          "samples": [
            9.000624999999957,
            8.713124999999991,
            8.960458000000017
          ],
          "medianMs": 8.960458000000017,
          "jsonBytes": 24469
        }
      ],
      "pagePlan": [
        {
          "id": 10,
          "parent": 0,
          "notused": 145,
          "detail": "SEARCH actress_gallery_assets USING INDEX idx_actress_gallery_assets_actress_id (actress_id=?)"
        },
        {
          "id": 118,
          "parent": 0,
          "notused": 0,
          "detail": "USE TEMP B-TREE FOR ORDER BY"
        }
      ]
    },
    {
      "rows": 50000,
      "visible": 40000,
      "metrics": [
        {
          "name": "legacy.metadata+prepareGallery",
          "samples": [
            32.669375,
            26.028458999999998,
            25.320625000000064
          ],
          "medianMs": 26.028458999999998,
          "jsonBytes": 16338225
        },
        {
          "name": "gallery.offset-0",
          "samples": [
            23.10374999999999,
            23.61333400000001,
            24.079791999999998
          ],
          "medianMs": 23.61333400000001,
          "jsonBytes": 24383
        },
        {
          "name": "gallery.offset-39940",
          "samples": [
            46.72058400000003,
            47.44129100000009,
            47.88541600000008
          ],
          "medianMs": 47.44129100000009,
          "jsonBytes": 24591
        }
      ],
      "pagePlan": [
        {
          "id": 10,
          "parent": 0,
          "notused": 169,
          "detail": "SEARCH actress_gallery_assets USING INDEX idx_actress_gallery_assets_actress_id (actress_id=?)"
        },
        {
          "id": 118,
          "parent": 0,
          "notused": 0,
          "detail": "USE TEMP B-TREE FOR ORDER BY"
        }
      ]
    }
  ],
  "notes": [
    "ANALYZE, one warmup, three warm samples, median middle sample. Fixed legacy-first order.",
    "Old read includes metadata fetch and JS display preparation; returned JSON is prepared gallery only. New page includes total/limit/offset.",
    "Checks and JSON serialization excluded from timing. Oracle retained; no heap/RSS, p95, cold, Windows/HDD or IPC measurement.",
    "Sorting/count still scale with gallery size. Raw path strings are retained, so row cap is not a byte cap."
  ]
}
✔ measures complete gallery display preparation versus first and last pages (663.949167ms)
ℹ tests 1
ℹ suites 0
ℹ pass 1
ℹ fail 0
ℹ cancelled 0
ℹ skipped 0
ℹ todo 0
ℹ duration_ms 880.734667
