node:internal/modules/run_main:122
    triggerUncaughtException(
    ^

AssertionError [ERR_ASSERTION]: Index probe must compare at least one case in each stage; JAVDEX_BENCH_CASE must name a single-library case
    at probeIndex (/Users/nut/Project/JavdexLabs/Javdex/scripts/performance/large-library-benchmark.ts:136:10)
    at fs (/Users/nut/Project/JavdexLabs/Javdex/scripts/performance/large-library-benchmark.ts:258:3)
    at Object.<anonymous> (/Users/nut/Project/JavdexLabs/Javdex/scripts/performance/large-library-benchmark.ts:286:1)
    at loadCJSModuleWithSpecialRequire (node:internal/modules/esm/translators:187:3)
    at ModuleWrap.<anonymous> (node:internal/modules/esm/translators:249:9)
    at ModuleJob.run (node:internal/modules/esm/module_job:439:25)
    at async onImport.tracePromise.__proto__ (node:internal/modules/esm/loader:643:26)
    at async asyncRunEntryPointWithESMLoader (node:internal/modules/run_main:116:5) {
  generatedMessage: false,
  code: 'ERR_ASSERTION',
  actual: false,
  expected: true,
  operator: '==',
  diff: 'simple'
}

Node.js v24.18.1
✖ scripts/performance/large-library-benchmark.ts (274.513791ms)
ℹ tests 1
ℹ suites 0
ℹ pass 0
ℹ fail 1
ℹ cancelled 0
ℹ skipped 0
ℹ todo 0
ℹ duration_ms 277.746584

✖ failing tests:

test at scripts/performance/large-library-benchmark.ts:1:1
✖ scripts/performance/large-library-benchmark.ts (274.513791ms)
  'test failed'
