✔ uses server totals/offset, 100/100/5 rows, browser locale and current-page presence (39.502125ms)
✔ hides rows during loading/error and waits for refreshed header before retrying current props (3.781042ms)
✔ isolates old retry resolve across library A → B → A (2.235667ms)
✔ isolates old retry reject across library A → B → A (1.310959ms)
✔ debounces 200ms, hides rows immediately, and rejects search ABA and library ABA responses (626.223292ms)
✔ cancels a search timer on library change and unmount; filters reset offset and use the server (519.890833ms)
✔ resolves unrecognized once through header refresh and refetches the current page (10.802042ms)
✔ renders missing-body notice alongside cached rows and never calls it a filtered empty page (3.098375ms)
✔ anchors all → failed by path, honors returned page and safely focuses exact DOM anchor (17.450167ms)
✔ anchors all → failed by group, honors returned page and safely focuses exact DOM anchor (14.522041ms)
✔ waits for delayed header props after refresh promise resolves (run) (36.604375ms)
✔ waits for delayed header props after refresh promise resolves (next) (34.890666ms)
✔ shows refresh errors with retry and allows a new library to proceed (3.761084ms)
✔ held anchor response respects user focus: origin (27.075333ms)
✔ held anchor response respects user focus: body (26.14525ms)
✔ held anchor response respects user focus: documentElement (36.515917ms)
✔ held anchor response respects user focus: input (46.803166ms)
✔ held anchor response respects user focus: toolbar (49.446166ms)
✔ keeps the actual anchored page when resolving its target, clears anchor and accepts server clamp (7.725875ms)
✔ late resolution from an old row cannot reset the user’s newer page (5.221ms)
✔ late resolution from library A cannot replace B or a new A page state (8.793792ms)
▶ LibraryScanAuditPanel
  ✔ defaults to the attention tab even when the latest scan has no issues (249.328375ms)
  ✔ keeps cached unrecognized files visible with their root-scoped resolution controls (3.363667ms)
  ✔ does not describe current scan failures as resolved (2.361292ms)
  ✔ offers a processing jump for cached unrecognized rows in the all-files tab (3.409125ms)
  ✔ shows an NFO identity conflict as a secondary scan disposition and opens the pending center (2.248334ms)
  ✔ routes a current NFO candidate to its scrape pending item (1.489167ms)
  ✔ shows historical NFO pending dispositions as resolved when their current rows are gone (1.385375ms)
  ✔ keeps the attention badge equal to the visible list when only an NFO warning exists (1.3945ms)
✔ LibraryScanAuditPanel (265.581959ms)
✔ limits a large failed audit to100 visible rows and queries only their pending IDs (24.565041ms)
✔ routes all three kinds from one mixed pending presence response (1.793292ms)
✔ keeps a stable audit anchor when a historical group is no longer pending (2.189584ms)
✔ does not load hidden scan history, including manual refresh and invalidation, and releases completed data (64.659625ms)
✔ discards pending results after leaving and re-entering or switching libraries (38.090625ms)
✔ exposes history load errors and retries without treating failure as an empty history (23.607541ms)
✔ advances page refresh revision even when the returned header is unchanged (23.949291ms)
✔ retries a failed page through the real header controller without issuing the old run again (204.552833ms)
▶ media-library scan event scope
  ✔ accepts only the current library and, once known, the current run (0.767875ms)
✔ media-library scan event scope (1.4965ms)
✔ sends no empty lookup, deduplicates IDs and rejects a stale page response (23.0705ms)
✔ distinguishes a failed lookup from processed items and retries the same page (2.486167ms)
✔ does not reuse old ready state when a page is revisited before another lookup finishes (1.624292ms)
▶ ScanSettingsTab
  ✔ builds domain-correct deep links for scan identities and scrape candidates (277.509125ms)
  ✔ renders automatic local NFO import enabled by default and persists a switch change immediately (9.543208ms)
✔ ScanSettingsTab (287.55875ms)
✔ distinguishes scan history loading, failure with retry and an empty result (8.21775ms)
✔ feeds summary-only history into the paged panel and refreshes pages when the header revision advances (41.729833ms)
▶ file scan audit presentation
  ✔ added new video (1.056708ms)
  ✔ added existing video (0.061584ms)
  ✔ updated relocated (0.047458ms)
  ✔ updated metadata (0.053083ms)
  ✔ updated STRM (0.061209ms)
  ✔ pending new local (0.051959ms)
  ✔ pending retained STRM (0.05575ms)
  ✔ pending empty code and zero group (0.043ms)
  ✔ skipped unchanged with video (0.072958ms)
  ✔ skipped short without video (0.074375ms)
  ✔ skipped duplicate with zero video (0.053458ms)
  ✔ unrecognized (0.047875ms)
  ✔ STRM failure (0.055667ms)
  ✔ processing failure (0.051708ms)
  ✔ preserves caller indices, path fallback and explicit undefined fields (0.081792ms)
✔ file scan audit presentation (2.394709ms)
▶ NFO secondary presentation
  ✔ imported: every primary outcome, warnings and attention (0.323541ms)
  ✔ skipped: every primary outcome, warnings and attention (0.177333ms)
  ✔ warning: every primary outcome, warnings and attention (0.124959ms)
  ✔ pending-candidate: every primary outcome, warnings and attention (0.11ms)
  ✔ identity-conflict: every primary outcome, warnings and attention (0.11025ms)
  ✔ uses only the disposition-specific non-null pending id, including zero (0.079834ms)
✔ NFO secondary presentation (0.99125ms)
▶ resource scan audit presentation
  ✔ missing: full fields, source/title/display fallback and kinds (0.383542ms)
  ✔ removed_library_path: full fields, source/title/display fallback and kinds (1.087208ms)
  ✔ promoted_after_removal: full fields, source/title/display fallback and kinds (1.604958ms)
✔ resource scan audit presentation (3.134083ms)
✔ keeps optional enrichment fields structurally available without enriching raw views (0.063917ms)
▶ complete historical scan audit view items
  ✔ deduplicates cached paths exactly, retaining first root and order even without audit (0.234333ms)
  ✔ orders failed extras, attention files and pending groups; excludes only attention-listed cache paths (0.144041ms)
  ✔ preserves all-outcome order, duplicate audit files and indices after each outcome filter (0.208334ms)
  ✔ preserves NFO status precedence, historical group fields and failed/all differences (0.15575ms)
  ✔ added/updated and skipped tabs filter before indexing and do not enrich NFO status (0.0825ms)
  ✔ composes changes in removed/promoted/deleted order with independent indices and removed-video suppression (0.078167ms)
  ✔ does not mutate input or share enriched row objects between calls (0.088208ms)
✔ complete historical scan audit view items (1.04075ms)
ℹ tests 77
ℹ suites 7
ℹ pass 77
ℹ fail 0
ℹ cancelled 0
ℹ skipped 0
ℹ todo 0
ℹ duration_ms 2026.371125
