{"mode":"list","actualAggregateExecutions":2,"expected":1}
{"mode":"home","actualAggregateExecutions":2,"expected":1}
✖ unchanged list calls must reuse aggregate work (9.103ms)
✖ unchanged home calls must reuse aggregate work (8.506459ms)
ℹ tests 2
ℹ suites 0
ℹ pass 0
ℹ fail 2
ℹ cancelled 0
ℹ skipped 0
ℹ todo 0
ℹ duration_ms 264.503042

✖ failing tests:

test at ../../../../../private/tmp/javdex-catalog-repeat-red.test.ts:2:1487
✖ unchanged list calls must reuse aggregate work (9.103ms)
  AssertionError [ERR_ASSERTION]: same filter across pages repeats aggregate
  
  2 !== 1
  
      at TestContext.<anonymous> (/private/tmp/javdex-catalog-repeat-red.test.ts:36:14)
      at Test.runInAsyncScope (node:async_hooks:227:14)
      at Test.run (node:internal/test_runner/test:1325:25)
      at Test.start (node:internal/test_runner/test:1191:17)
      at startSubtestAfterBootstrap (node:internal/test_runner/harness:385:17) {
    generatedMessage: false,
    code: 'ERR_ASSERTION',
    actual: 2,
    expected: 1,
    operator: 'strictEqual',
    diff: 'simple'
  }

test at ../../../../../private/tmp/javdex-catalog-repeat-red.test.ts:2:1487
✖ unchanged home calls must reuse aggregate work (8.506459ms)
  AssertionError [ERR_ASSERTION]: unchanged home repeats status aggregates
  
  2 !== 1
  
      at TestContext.<anonymous> (/private/tmp/javdex-catalog-repeat-red.test.ts:44:14)
      at Test.runInAsyncScope (node:async_hooks:227:14)
      at Test.run (node:internal/test_runner/test:1325:25)
      at Test.processPendingSubtests (node:internal/test_runner/test:911:18)
      at Test.postRun (node:internal/test_runner/test:1465:19)
      at Test.run (node:internal/test_runner/test:1390:12)
      at async startSubtestAfterBootstrap (node:internal/test_runner/harness:385:3) {
    generatedMessage: false,
    code: 'ERR_ASSERTION',
    actual: 2,
    expected: 1,
    operator: 'strictEqual',
    diff: 'simple'
  }
