✔ native removedResources audit INSERT failure rolls back real cleanup tables and retries without phantom counts (33.483792ms)
✔ native promotedResources audit INSERT failure rolls back real cleanup tables and retries without phantom counts (25.236583ms)
✔ native deletedVideos audit INSERT failure rolls back real cleanup tables and retries without phantom counts (25.763625ms)
✔ rejects resolved async cleanup callbacks and rolls back synchronous writes (18.3065ms)
✔ rejects rejected async cleanup callbacks and rolls back synchronous writes (16.303084ms)
✔ copies deferred cleanup events into legacy audit only after the outer transaction commits (21.16325ms)
✔ rejects an SQL-ignored remove write without emitting its audit and rolls back earlier cleanup (18.781125ms)
✔ rejects an SQL-ignored promote write without emitting its audit and rolls back earlier cleanup (18.351666ms)
✔ yields between committed pages with the real coordinator and complete audit (64.97275ms)
✔ keeps committed pages and publishes truthful failed counts after a late native audit fault (72.971417ms)
✔ cancels after the current committed page and drains before stopping admission (34.758458ms)
✔ does not delete a membership added between pages for an old video ID (47.734541ms)
✔ uses monotonic native query plans without per-page sorting for every cleanup table (17.973541ms)
✔ publishes earlier pending and missing-resource commits when the later membership stage fails (17.254792ms)
✔ runs deferred roots between missing and membership stages, retaining truthful history on later failure (18.407125ms)
✔ stopAndDrain remains pending through the current transaction, rejects new admission, and permits DB close only after terminal cleanup (23.127209ms)
✔ cancels between deferred multi-video pages, publishes committed audit and retries remaining work (318.329667ms)
✔ native finish ABORT rolls root/job changes back while preserving all committed resource pages and truthful retry (204.882792ms)
✔ rejects changed root identity before the next deferred page and resumes only after restoring it (183.527583ms)
▶ ScanCoordinator
  ✔ coalesces display progress while preserving per-file callbacks and the final event (17.323167ms)
  ✔ flushes pending progress before a failure without delaying the failure event (0.549167ms)
  ✔ binds an offline-created root identity and refreshes the frozen snapshot before scanning (0.832208ms)
  ✔ persists matching complete audit details with the latest summary (0.329792ms)
  ✔ publishes scan lifecycle events for every trigger (0.342959ms)
  ✔ uses one frozen configuration snapshot for the complete run (0.205625ms)
  ✔ reconciles resource identity pending rows only under roots proven safe after traversal (0.301541ms)
  ✔ preserves offline roots and removes only missing local resources under accessible roots (0.422292ms)
  ✔ aborts cleanup when a local path cannot be audited (0.473667ms)
  ✔ treats a root that becomes unreadable after traversal as offline (0.597584ms)
  ✔ rechecks the frozen root identity immediately before cleanup writes (0.313167ms)
  ✔ does not run cleanup after cancellation and releases the mutual-exclusion lease (0.230458ms)
  ✔ keeps resources after a coordinator-level failure (0.148541ms)
  ✔ skips every destructive cleanup after a file processing failure (0.08025ms)
  ✔ replaces the unrecognized-file snapshot after every safe completed scan (0.116708ms)
  ✔ completes safe cleanup with errors when failures are isolated to STRM files (0.181458ms)
  ✔ consumes deferred path cleanup only after a successful uncancelled scan (0.103125ms)
  ✔ keeps deferred path cleanup queued after a partial folder scan (0.101791ms)
  ✔ allows a full cleanup-only scan after the final configured folder was removed (0.072333ms)
  ✔ removes many non-primary resources without reading sibling resource lists (2.87175ms)
  ✔ consumes cleanup references lazily and closes iteration on a path failure (0.21025ms)
  ✔ preserves all three cleanup audit sequences above the argument limit (313.502917ms)
  ✔ removes resource-less memberships after deferred cleanup on a safe full scan (0.325333ms)
  ✔ persists a sanitized failed summary without running destructive cleanup (0.308875ms)
  ✔ rolls back resource cleanup and keeps pending roots when auto-delete fails (0.199041ms)
  ✔ keeps pending roots when the cleanup transaction cannot commit (0.1395ms)
  ✔ rejects duplicate scans and scans blocked by resource maintenance (5.482583ms)
✔ ScanCoordinator (346.535042ms)
✔ reads pending audit summaries with only referenced groups and all exact pending paths (0.150792ms)
✔ skips the pending audit DB reader for no-files (0.072042ms)
✔ skips the pending audit DB reader for non-pending (0.035125ms)
✔ skips the pending audit DB reader for pending-without-group (0.0305ms)
✔ keeps original first root for cleanup and unrecognized summary with parent-first (0.218333ms)
✔ keeps original first root for cleanup and unrecognized summary with child-first (0.065125ms)
✔ uses the early realPath alias for cleanup but only configured paths for summary (0.114208ms)
✔ does not try a later matching root after cleanup-present authorization fails (0.128667ms)
✔ does not try a later matching root after cleanup-missing authorization fails (0.082416ms)
✔ does not try a later matching root after summary authorization fails (0.115625ms)
✔ reauthorizes the first matching root for unknown pending paths without inspecting unmatched paths or falling back (0.134542ms)
✔ streams many scoped membership deletions into exact ordered audit rows without using the legacy array API (75.123667ms)
✔ rolls back a late native audit failure with all earlier deletions, then retries with exact counts (74.634458ms)
✔ retains the explicit JSON cleanup API and legacy audit array contract (17.6025ms)
✔ removes a >128-resource video across all job roots atomically and preserves an ordinary rooted link as primary (94.747666ms)
✔ rolls a late same-video audit failure back across all roots and retries without a primary hole (113.093958ms)
✔ rejects a new target resource beyond the frozen high water before any video deletion (69.302ms)
▶ libraryPathCleanupService
  ✔ previews only resources owned by the selected library and root (28.836458ms)
  ✔ previews and safely cleans a disabled root including pending and diagnostic rows (18.71075ms)
  ✔ confirms with the current revision and queues an identity snapshot without deleting data (16.258292ms)
  ✔ rejects a confirmation when scan-owned resources changed after preview without a revision bump (13.054292ms)
  ✔ removes and promotes resources only inside the confirmed library and root (16.432833ms)
  ✔ lets a cleanup-only scan consume the last removed root without touching another library (26.435583ms)
  ✔ recovers an offline legacy cleanup intent when a later full scan sees the root online (12.88175ms)
  ✔ keeps an overlapping legacy cleanup root waiting during a later full scan (15.112292ms)
  ✔ keeps an overlapping parent legacy cleanup root waiting during a later full scan (10.486375ms)
  ✔ keeps a realpath-alias legacy cleanup root waiting across libraries (11.032541ms)
  ✔ fails closed when a confirmed root is offline (10.2275ms)
  ✔ fails closed when the path now resolves to a replacement directory (8.28625ms)
  ✔ cancels a failed removal into a disabled, archiveable root without deleting records (13.206375ms)
  ✔ completes a confirmed cleanup after an unrelated library configuration edit (12.100792ms)
  ✔ rolls back resource removal, promotion, root state, and job completion together (9.318959ms)
✔ libraryPathCleanupService (223.439209ms)
✔ rolls back cleanup and audit writes on a native audit INSERT failure, then retries with safe source entries (12.172ms)
✔ rejects resolved thenable cleanup callbacks without committing or leaking a rejection (12.067959ms)
✔ rejects rejected thenable cleanup callbacks without committing or leaking a rejection (11.474375ms)
✔ does not emit planned audit facts if the batch skips a resource deletion (10.322041ms)
ℹ tests 82
ℹ suites 2
ℹ pass 82
ℹ fail 0
ℹ cancelled 0
ℹ skipped 0
ℹ todo 0
ℹ duration_ms 1427.938875
