✔ routes actual desktop IPC registration and Web catalog queries through the native reader (81.372666ms)
✔ preserves Web search/sort/filter/page semantics and observes committed membership changes (68.656417ms)
▶ classification series query and maintenance services
  ✔ maintains a stable complete profile and projects its local video coverage (11.43975ms)
  ✔ enforces normalized name ownership inside the owner scope only (8.806834ms)
  ✔ preflights every name when moving to another owner scope and rolls back on conflict (7.777875ms)
  ✔ rejects self and descendant parents without partially changing the series (8.01475ms)
  ✔ searches aliases, identifies same-name candidates, and sorts in either direction (11.823584ms)
  ✔ creates an unowned series inline and validates lifecycle years (6.737792ms)
✔ classification series query and maintenance services (55.093916ms)
Staged video file remains queued for deletion: /var/folders/h4/zxrt6zwx6dv1n16kwxzltqgh0000gn/T/javdex-video-maintenance-policy-dTG4jt/media-root/IPX-535.mp4.javdex-delete-5083973f-f745-42fa-9688-a82e7c0a6a64 Error: file is busy
    at unlinkSync (/Users/nut/Project/JavdexLabs/Javdex/src/main/services/videoMaintenanceService.test.ts:1053:15)
    at finalizeStagedLocalFiles (/Users/nut/Project/JavdexLabs/Javdex/src/main/services/videoMaintenanceService.ts:389:9)
    at withStagedLocalFileDeletion (/Users/nut/Project/JavdexLabs/Javdex/src/main/services/videoMaintenanceService.ts:414:7)
    at <anonymous> (/Users/nut/Project/JavdexLabs/Javdex/src/main/services/videoMaintenanceService.ts:486:7)
    at <anonymous> (/Users/nut/Project/JavdexLabs/Javdex/src/main/services/mediaAssetStore.ts:506:24)
    at AsyncLocalStorage.run (node:internal/async_local_storage/async_context_frame:63:14)
    at MediaAssetStore.runCoordinatedChange (/Users/nut/Project/JavdexLabs/Javdex/src/main/services/mediaAssetStore.ts:504:31)
    at MediaAssetStore.coordinateDatabaseChange (/Users/nut/Project/JavdexLabs/Javdex/src/main/services/mediaAssetStore.ts:465:17)
    at MediaAssetStore.runInCoordinatedChange (/Users/nut/Project/JavdexLabs/Javdex/src/main/services/mediaAssetStore.ts:475:17)
    at removeResource (/Users/nut/Project/JavdexLabs/Javdex/src/main/services/videoMaintenanceService.ts:468:5)
Staged video file remains queued for deletion: /var/folders/h4/zxrt6zwx6dv1n16kwxzltqgh0000gn/T/javdex-video-maintenance-policy-ZmuhIO/media-root/IPX-535.mp4.javdex-delete-47a8f654-efeb-4282-af90-b9043734992f Error: 只能操作身份有效的启用媒体库根目录内文件
    at rejectManagedRootFile (/Users/nut/Project/JavdexLabs/Javdex/src/main/services/mediaLibraryRootFileGuard.ts:32:9)
    at requireCurrentRootIdentity (/Users/nut/Project/JavdexLabs/Javdex/src/main/services/mediaLibraryRootFileGuard.ts:86:5)
    at assertRootFile (/Users/nut/Project/JavdexLabs/Javdex/src/main/services/mediaLibraryRootFileGuard.ts:98:27)
    at assertMediaLibraryRootDeletionTarget (/Users/nut/Project/JavdexLabs/Javdex/src/main/services/mediaLibraryRootFileGuard.ts:182:3)
    at assertDeletionAllowed (/Users/nut/Project/JavdexLabs/Javdex/src/main/services/videoMaintenanceService.ts:484:9)
    at finalizeStagedLocalFiles (/Users/nut/Project/JavdexLabs/Javdex/src/main/services/videoMaintenanceService.ts:388:9)
    at withStagedLocalFileDeletion (/Users/nut/Project/JavdexLabs/Javdex/src/main/services/videoMaintenanceService.ts:414:7)
    at <anonymous> (/Users/nut/Project/JavdexLabs/Javdex/src/main/services/videoMaintenanceService.ts:486:7)
    at <anonymous> (/Users/nut/Project/JavdexLabs/Javdex/src/main/services/mediaAssetStore.ts:506:24)
    at AsyncLocalStorage.run (node:internal/async_local_storage/async_context_frame:63:14)
Failed to recover pending local file deletion: /var/folders/h4/zxrt6zwx6dv1n16kwxzltqgh0000gn/T/javdex-video-maintenance-policy-JN8FAa/offline-volume/movie.mp4.javdex-delete-interrupted Error: 暂存文件所在存储当前不可用
    at recoverPendingLocalFileDeletions (/Users/nut/Project/JavdexLabs/Javdex/src/main/services/pendingLocalFileDeletionService.ts:48:46)
    at TestContext.<anonymous> (/Users/nut/Project/JavdexLabs/Javdex/src/main/services/videoMaintenanceService.test.ts:1243:22)
    at Test.runInAsyncScope (node:async_hooks:227:14)
    at Test.run (node:internal/test_runner/test:1325:25)
    at Suite.processPendingSubtests (node:internal/test_runner/test:911:18)
    at Test.postRun (node:internal/test_runner/test:1465:19)
    at Test.run (node:internal/test_runner/test:1390:12)
    at async Suite.processPendingSubtests (node:internal/test_runner/test:911:7)
Failed to recover pending local file deletion: /var/folders/h4/zxrt6zwx6dv1n16kwxzltqgh0000gn/T/javdex-video-maintenance-policy-NTxTy6/media-root/IPX-535.mp4.javdex-delete-before-rename Error: 原文件所在存储当前不可用
    at recoverPendingLocalFileDeletions (/Users/nut/Project/JavdexLabs/Javdex/src/main/services/pendingLocalFileDeletionService.ts:40:19)
    at TestContext.<anonymous> (/Users/nut/Project/JavdexLabs/Javdex/src/main/services/videoMaintenanceService.test.ts:1289:22)
    at Test.runInAsyncScope (node:async_hooks:227:14)
    at Test.run (node:internal/test_runner/test:1325:25)
    at Suite.processPendingSubtests (node:internal/test_runner/test:911:18)
    at Test.postRun (node:internal/test_runner/test:1465:19)
    at Test.run (node:internal/test_runner/test:1390:12)
    at async Suite.processPendingSubtests (node:internal/test_runner/test:911:7)
Failed to recover pending local file deletion: /var/folders/h4/zxrt6zwx6dv1n16kwxzltqgh0000gn/T/javdex-video-maintenance-policy-ANIGEV/media-root/missing.mp4.javdex-delete-missing Error: 暂存文件和原文件均不存在
    at recoverPendingLocalFileDeletions (/Users/nut/Project/JavdexLabs/Javdex/src/main/services/pendingLocalFileDeletionService.ts:40:19)
    at TestContext.<anonymous> (/Users/nut/Project/JavdexLabs/Javdex/src/main/services/videoMaintenanceService.test.ts:1321:22)
    at Test.runInAsyncScope (node:async_hooks:227:14)
    at Test.run (node:internal/test_runner/test:1325:25)
    at Suite.processPendingSubtests (node:internal/test_runner/test:911:18)
    at Test.postRun (node:internal/test_runner/test:1465:19)
    at Test.run (node:internal/test_runner/test:1390:12)
    at async Suite.processPendingSubtests (node:internal/test_runner/test:911:7)
▶ VideoMaintenanceService
  ✔ creates and reuses organization identities while editing video metadata (13.730416ms)
  ✔ rolls back video fields when organization assignment fails (7.032167ms)
  ✔ creates or appends HTTP resources without scraping and keeps one primary resource (8.330333ms)
  ✔ normalizes a manually entered code before attaching a resource (6.835125ms)
  ✔ attaches a normalized link to an existing legacy lowercase code (6.775417ms)
  ✔ reports the owning video when a normalized HTTP resource already exists (7.148291ms)
  ✔ imports Magnet and ED2K resources and deduplicates their protocol identities (7.151292ms)
  ✔ keeps STRM targets read-only while editing metadata and safely deletes the source file (8.444459ms)
  ✔ restores a staged STRM source and rolls back removal when primary promotion fails (7.974917ms)
  ✔ refuses to remove an active-root STRM source after the root path is replaced (8.255291ms)
  ✔ edits metadata, status, rating, poster, and manual tags (7.853875ms)
  ✔ attaches the exact selected long-name tag, promotes scraped origin, and rejects deleted selections (7.786292ms)
  ✔ rolls back tag creation or origin promotion when updating the video fails (6.770333ms)
  ✔ imports and deletes a local sample in the temporary media directory (12.942208ms)
  ✔ switches the primary resource and deletes only the selected local resource (8.170708ms)
  ✔ restores a staged local file and rolls back resource removal when promotion fails (7.657959ms)
  ✔ sets any resource as primary and promotes deterministic fallbacks after removal (9.895584ms)
  ✔ does not promote an inaccessible local resource over an available web link (7.917083ms)
  ✔ requires an explicit decision when manually removing the last resource (7.732125ms)
  ✔ never turns last-resource removal into a global deletion (7.705833ms)
  ✔ rejects every resource mutation for missing or archived media libraries (7.175125ms)
  ✔ updates only the display label of a local resource (7.133041ms)
  ✔ removes a symbolic-link resource without deleting its target file (6.886625ms)
  ✔ refuses to remove a disabled-root resource after the root path is replaced (7.447458ms)
  ✔ rejects local source deletion for every non-active root state before staging (7.127334ms)
  ✔ rejects physical source deletion when the resource has no root ownership (6.715375ms)
  ✔ skips unmanaged source files when deleting a video globally (6.971958ms)
  ✔ corrects an imported code (6.952417ms)
  ✔ persists a committed cleanup task when resource-file deletion must be retried (8.999959ms)
  ✔ revalidates the root identity before unlinking an already staged source (7.263291ms)
  ✔ does not delete resource records when the file storage cannot be audited (6.627459ms)
  ✔ adopts an interrupted prepared task when resource removal is retried (6.469292ms)
  ✔ does not adopt a prepared resource-removal task when the original path was replaced (6.10925ms)
  ✔ restores an interrupted pre-commit file staging task (6.367459ms)
  ✔ keeps a cleanup task queued while its original storage is unavailable (6.107834ms)
  ✔ finishes cleanup after a storage remount changes its device id (5.845458ms)
  ✔ retains a pre-rename prepared task when another device occupies the original path (6.211209ms)
  ✔ retains prepared state and database records when both file paths are missing (6.012375ms)
  ✔ keeps the prepared task when storage disappears during resource-removal rollback (6.669375ms)
  ✔ clears scraped metadata and relations but keeps manual tags (6.06475ms)
  ✔ corrects to an already used code without implicitly merging videos (5.904792ms)
  ✔ explicitly merges same-code videos while preserving the chosen id and primary resource (7.619791ms)
  ✔ unions manual tags but keeps the retained scraped-tag field as a whole (6.972458ms)
  ✔ unions cast, playlists, sources, and ratings while preserving retained conflicts and scrape history (7.785333ms)
  ✔ merges cover, poster, and sample fields as whole sets and reclaims only unused media (6.724ms)
  ✔ rejects a merge whose combined identity belongs to a third video (6.340333ms)
  ✔ rolls back an ordinary merge when deleting the source record fails (6.496333ms)
  ✔ rejects merging videos with different normalized codes (5.763709ms)
  ✔ uses the normal availability-aware promotion rule when neither merged video has a primary (6.860625ms)
  ✔ splits a non-primary resource into a metadata-empty pending-identity video (6.192125ms)
  ✔ blocks primary splitting and rolls back a failed non-primary split (5.917541ms)
  ✔ locks metadata while a video scrape result is pending but still allows resource splitting (6.393875ms)
  ✔ requires confirmation before correcting a pending video and clears staging atomically (6.011125ms)
  ✔ rolls back the whole edit when it would create a complete business identity conflict (10.25325ms)
  ✔ stores related links on a video and returns them on detail (6.379875ms)
  ✔ rejects invalid related links and keeps the previous list (5.601375ms)
  ✔ keeps related links when clearing scraped metadata (6.352916ms)
  ✔ allows related-link edits while a video scrape result is pending (6.043625ms)
  ✔ unions related links on merge with the retained video first (7.205375ms)
  ✔ leaves related links on the original video when splitting a resource (7.055458ms)
✔ VideoMaintenanceService (436.285833ms)
▶ VideoQueryService
  ✔ lists videos and reads their detail without mutating library state (13.575ms)
  ✔ redacts external resource locators in detail projections until explicitly requested (7.993375ms)
  ✔ projects a STRM source path while keeping its complete target main-process only (7.648584ms)
✔ VideoQueryService (29.638584ms)
✔ keeps worker failures explicit while detail and resource reads remain local (7.967292ms)
ℹ tests 72
ℹ suites 3
ℹ pass 72
ℹ fail 0
ℹ cancelled 0
ℹ skipped 0
ℹ todo 0
ℹ duration_ms 958.637792
