✔ preserves scope, pinned, playlist and resource exclusions and leaves catalog videos untouched (8.887833ms)
✔ pages a large initial snapshot with at most 256 rows, ordered IDs and no unbounded JS all (51.79075ms)
✔ freezes initial candidate metadata, skips newly protected or ignored deletions, and excludes later candidates (4.09075ms)
✔ rolls back native audit failure and outer business changes with nested writer savepoints, then retries (5.581042ms)
✔ preserves untruncated long metadata through both callback and legacy array wrapper (32.254333ms)
✔ rejects resolved asynchronous callbacks and restores membership state (10.730708ms)
✔ rejects rejected asynchronous callbacks and restores membership state (5.975875ms)
▶ library membership repo
  ✔ creates an idempotent explicit membership with a stable discovery key (5.684708ms)
  ✔ removes only the selected library membership (3.710792ms)
  ✔ rejects archived or missing libraries (3.321625ms)
  ✔ recognizes only visible memberships in an active library surface (3.019291ms)
  ✔ does not automatically remove a resource-less membership referenced by a playlist (3.4515ms)
✔ library membership repo (19.709167ms)
✔ upserts exact file paths with stable ordinals, appends other sections and preserves UTF-8 bytes (15.097375ms)
✔ rolls back the entire batch including earlier upserts after a later SQL failure (8.318208ms)
✔ participates in caller transactions and uses savepoints for recoverable batch errors (7.825125ms)
✔ patches NFO in place without inserting missing files or losing the primary audit outcome (8.301625ms)
✔ seals final metadata atomically, keeps the run running, and does not publish or permit late writes (8.67625ms)
✔ seals unchanged metadata without a forbidden no-op metadata update (6.791917ms)
✔ guards scope, running status and legacy JSON and snapshots scope against caller mutation (6.7035ms)
✔ rejects malformed metadata and section shapes without writing anything (19.857708ms)
✔ enforces item, normalized batch and reserved single-page budgets without truncation (12.981917ms)
✔ writes and patches all sections, seals, finishes through the actual repository, and reads compatibility output (9.61675ms)
✔ rejects raw oversized stored entries before selecting their JSON for an NFO patch (12.374875ms)
✔ reads only detached NFO values and distinguishes missing files from absent NFO (7.255208ms)
✔ rejects invalid raw NFO values instead of treating them as absent (7.542917ms)
✔ checks NFO read scope and lifecycle even for missing paths (6.765541ms)
✔ rejects oversized raw rows before projecting any NFO JSON (14.190708ms)
✔ native removedResources audit INSERT failure rolls back real cleanup tables and retries without phantom counts (25.633916ms)
✔ native promotedResources audit INSERT failure rolls back real cleanup tables and retries without phantom counts (20.252083ms)
✔ native deletedVideos audit INSERT failure rolls back real cleanup tables and retries without phantom counts (21.6645ms)
✔ rejects resolved async cleanup callbacks and rolls back synchronous writes (14.468708ms)
✔ rejects rejected async cleanup callbacks and rolls back synchronous writes (16.81975ms)
✔ copies deferred cleanup events into legacy audit only after the outer transaction commits (18.189084ms)
✔ rejects an SQL-ignored remove write without emitting its audit and rolls back earlier cleanup (20.111542ms)
✔ rejects an SQL-ignored promote write without emitting its audit and rolls back earlier cleanup (17.164334ms)
▶ ScanCoordinator
  ✔ coalesces display progress while preserving per-file callbacks and the final event (14.299ms)
  ✔ flushes pending progress before a failure without delaying the failure event (0.486292ms)
  ✔ binds an offline-created root identity and refreshes the frozen snapshot before scanning (0.801167ms)
  ✔ persists matching complete audit details with the latest summary (0.304666ms)
  ✔ publishes scan lifecycle events for every trigger (0.182416ms)
  ✔ uses one frozen configuration snapshot for the complete run (0.171542ms)
  ✔ reconciles resource identity pending rows only under roots proven safe after traversal (0.1455ms)
  ✔ preserves offline roots and removes only missing local resources under accessible roots (0.378333ms)
  ✔ aborts cleanup when a local path cannot be audited (0.2965ms)
  ✔ treats a root that becomes unreadable after traversal as offline (0.446084ms)
  ✔ rechecks the frozen root identity immediately before cleanup writes (0.135084ms)
  ✔ does not run cleanup after cancellation and releases the mutual-exclusion lease (0.15475ms)
  ✔ keeps resources after a coordinator-level failure (0.133584ms)
  ✔ skips every destructive cleanup after a file processing failure (0.102333ms)
  ✔ replaces the unrecognized-file snapshot after every safe completed scan (0.103125ms)
  ✔ completes safe cleanup with errors when failures are isolated to STRM files (0.116875ms)
  ✔ consumes deferred path cleanup only after a successful uncancelled scan (0.104208ms)
  ✔ keeps deferred path cleanup queued after a partial folder scan (0.176833ms)
  ✔ allows a full cleanup-only scan after the final configured folder was removed (0.096542ms)
  ✔ removes many non-primary resources without reading sibling resource lists (2.39475ms)
  ✔ consumes cleanup references lazily and closes iteration on a path failure (0.178375ms)
  ✔ preserves all three cleanup audit sequences above the argument limit (276.898125ms)
  ✔ removes resource-less memberships after deferred cleanup on a safe full scan (0.248708ms)
  ✔ persists a sanitized failed summary without running destructive cleanup (0.248583ms)
  ✔ rolls back resource cleanup and keeps pending roots when auto-delete fails (0.211292ms)
  ✔ keeps pending roots when the cleanup transaction cannot commit (0.230958ms)
  ✔ rejects duplicate scans and scans blocked by resource maintenance (4.209625ms)
✔ ScanCoordinator (304.122833ms)
✔ reads pending audit summaries with only referenced groups and all exact pending paths (0.127417ms)
✔ skips the pending audit DB reader for no-files (0.0615ms)
✔ skips the pending audit DB reader for non-pending (0.029958ms)
✔ skips the pending audit DB reader for pending-without-group (0.0275ms)
✔ keeps original first root for cleanup and unrecognized summary with parent-first (0.200208ms)
✔ keeps original first root for cleanup and unrecognized summary with child-first (0.055792ms)
✔ uses the early realPath alias for cleanup but only configured paths for summary (0.100833ms)
✔ does not try a later matching root after cleanup-present authorization fails (0.107166ms)
✔ does not try a later matching root after cleanup-missing authorization fails (0.063417ms)
✔ does not try a later matching root after summary authorization fails (0.075291ms)
✔ reauthorizes the first matching root for unknown pending paths without inspecting unmatched paths or falling back (0.094584ms)
✔ defaults to real incremental entries and publishes the same NFO/pending/cleanup audit as explicit legacy JSON (57.7565ms)
✔ rolls run admission and state back when starting the audit manifest fails (13.377792ms)
✔ does not falsely complete or replace old unrecognized rows after persistent file failure (16.505625ms)
✔ does not falsely complete or replace old unrecognized rows after persistent cleanup failure (21.014916ms)
✔ does not falsely complete or replace old unrecognized rows after persistent pending-refresh failure (26.575167ms)
✔ does not falsely complete or replace old unrecognized rows after persistent seal failure (20.919042ms)
✔ does not falsely complete or replace old unrecognized rows after persistent publish failure (17.990708ms)
✔ a transient final publication fault cannot expose completed success or replace old unrecognized rows (18.030416ms)
✔ cancellation retains incremental entries and the previous unrecognized snapshot (13.255666ms)
✔ preserves committed partial counts on second-file storage failure (15.209083ms)
✔ preserves committed partial counts on nfo-tail storage failure (18.85625ms)
✔ leaves persistent failed-terminalization recoverable and startup preserves durable entries (14.187208ms)
✔ streams many scoped membership deletions into exact ordered audit rows without using the legacy array API (47.275667ms)
✔ rolls back a late native audit failure with all earlier deletions, then retries with exact counts (72.152542ms)
✔ retains the explicit JSON cleanup API and legacy audit array contract (15.983709ms)
▶ libraryPathCleanupService
  ✔ previews only resources owned by the selected library and root (18.02425ms)
  ✔ previews and safely cleans a disabled root including pending and diagnostic rows (12.283334ms)
  ✔ confirms with the current revision and queues an identity snapshot without deleting data (8.911375ms)
  ✔ rejects a confirmation when scan-owned resources changed after preview without a revision bump (9.936292ms)
  ✔ removes and promotes resources only inside the confirmed library and root (11.751833ms)
  ✔ lets a cleanup-only scan consume the last removed root without touching another library (13.188417ms)
  ✔ recovers an offline legacy cleanup intent when a later full scan sees the root online (11.230875ms)
  ✔ keeps an overlapping legacy cleanup root waiting during a later full scan (14.203958ms)
  ✔ keeps an overlapping parent legacy cleanup root waiting during a later full scan (14.107375ms)
  ✔ keeps a realpath-alias legacy cleanup root waiting across libraries (12.045792ms)
  ✔ fails closed when a confirmed root is offline (9.292291ms)
  ✔ fails closed when the path now resolves to a replacement directory (13.260375ms)
  ✔ cancels a failed removal into a disabled, archiveable root without deleting records (10.434291ms)
  ✔ completes a confirmed cleanup after an unrelated library configuration edit (8.634ms)
  ✔ rolls back resource removal, promotion, root state, and job completion together (8.737709ms)
✔ libraryPathCleanupService (177.064292ms)
✔ rolls back cleanup and audit writes on a native audit INSERT failure, then retries with safe source entries (9.726083ms)
✔ rejects resolved thenable cleanup callbacks without committing or leaking a rejection (8.935792ms)
✔ rejects rejected thenable cleanup callbacks without committing or leaking a rejection (11.140375ms)
✔ does not emit planned audit facts if the batch skips a resource deletion (7.164542ms)
ℹ tests 107
ℹ suites 3
ℹ pass 107
ℹ fail 0
ℹ cancelled 0
ℹ skipped 0
ℹ todo 0
ℹ duration_ms 983.675
