✖ reads a successful directory once for three direct anchors with complete candidate equality (13.515916ms)
ℹ tests 1
ℹ suites 0
ℹ pass 0
ℹ fail 1
ℹ cancelled 0
ℹ skipped 0
ℹ todo 0
ℹ duration_ms 206.5835

✖ failing tests:

test at src/main/metadata-sources/localNfoDirectorySnapshot.test.ts:2:3364
✖ reads a successful directory once for three direct anchors with complete candidate equality (13.515916ms)
  AssertionError [ERR_ASSERTION]: Expected values to be strictly equal:
  
  3 !== 1
  
      at TestContext.<anonymous> (/Users/nut/Project/JavdexLabs/Javdex/src/main/metadata-sources/localNfoDirectorySnapshot.test.ts:58:10)
      at async Test.run (node:internal/test_runner/test:1332:7)
      at async startSubtestAfterBootstrap (node:internal/test_runner/harness:385:3) {
    generatedMessage: true,
    code: 'ERR_ASSERTION',
    actual: 3,
    expected: 1,
    operator: 'strictEqual',
    diff: 'simple'
  }
