✔ publishes sealed entries with run/state/unrecognized updates and exposes header/body/permissions (16.182ms)
✔ rolls back every finish write when late publication fails, then retries the same sealed audit (11.838625ms)
✔ rejects wrong scope, collecting manifests and metadata mismatches without partial writes (18.199417ms)
✔ rejects persisted run mismatches, incompatible completion status and oversized metadata before changing data (16.97625ms)
✔ publishes failed audit without replacing previous unrecognized files (9.579542ms)
✔ publishes cancelled audit without replacing previous unrecognized files (11.528958ms)
✔ abandons interrupted collecting/sealed audits while preserving published history and all entries, idempotently (11.839041ms)
✔ abandons already-terminal unexposed manifests even when no interrupted runs remain (9.961125ms)
✔ rolls back recovery run/state/manifest changes on abandonment failure and succeeds on retry (11.597167ms)
✔ publishes the actual writer after stable upserts and an NFO revision through the production finish transaction (11.294167ms)
✔ upserts exact file paths with stable ordinals, appends other sections and preserves UTF-8 bytes (14.698208ms)
✔ rolls back the entire batch including earlier upserts after a later SQL failure (7.744708ms)
✔ participates in caller transactions and uses savepoints for recoverable batch errors (8.067584ms)
✔ patches NFO in place without inserting missing files or losing the primary audit outcome (12.15725ms)
✔ seals final metadata atomically, keeps the run running, and does not publish or permit late writes (10.434958ms)
✔ seals unchanged metadata without a forbidden no-op metadata update (7.97325ms)
✔ guards scope, running status and legacy JSON and snapshots scope against caller mutation (10.301958ms)
✔ rejects malformed metadata and section shapes without writing anything (24.423875ms)
✔ enforces item, normalized batch and reserved single-page budgets without truncation (15.207875ms)
✔ writes and patches all sections, seals, finishes through the actual repository, and reads compatibility output (11.308083ms)
✔ rejects raw oversized stored entries before selecting their JSON for an NFO patch (13.226625ms)
✔ reads only detached NFO values and distinguishes missing files from absent NFO (9.393667ms)
✔ rejects invalid raw NFO values instead of treating them as absent (9.149708ms)
✔ checks NFO read scope and lifecycle even for missing paths (7.265334ms)
✔ rejects oversized raw rows before projecting any NFO JSON (14.191792ms)
▶ ScanCoordinator
  ✔ coalesces display progress while preserving per-file callbacks and the final event (13.325208ms)
  ✔ flushes pending progress before a failure without delaying the failure event (0.657916ms)
  ✔ binds an offline-created root identity and refreshes the frozen snapshot before scanning (1.185709ms)
  ✔ persists matching complete audit details with the latest summary (0.263375ms)
  ✔ publishes scan lifecycle events for every trigger (0.174625ms)
  ✔ uses one frozen configuration snapshot for the complete run (0.143708ms)
  ✔ reconciles resource identity pending rows only under roots proven safe after traversal (0.177375ms)
  ✔ preserves offline roots and removes only missing local resources under accessible roots (0.406916ms)
  ✔ aborts cleanup when a local path cannot be audited (0.260291ms)
  ✔ treats a root that becomes unreadable after traversal as offline (0.136625ms)
  ✔ rechecks the frozen root identity immediately before cleanup writes (0.140792ms)
  ✔ does not run cleanup after cancellation and releases the mutual-exclusion lease (0.263416ms)
  ✔ keeps resources after a coordinator-level failure (0.311167ms)
  ✔ skips every destructive cleanup after a file processing failure (0.108792ms)
  ✔ replaces the unrecognized-file snapshot after every safe completed scan (0.126583ms)
  ✔ completes safe cleanup with errors when failures are isolated to STRM files (0.21925ms)
  ✔ consumes deferred path cleanup only after a successful uncancelled scan (0.167542ms)
  ✔ keeps deferred path cleanup queued after a partial folder scan (0.115666ms)
  ✔ allows a full cleanup-only scan after the final configured folder was removed (0.064958ms)
  ✔ removes many non-primary resources without reading sibling resource lists (1.947208ms)
  ✔ consumes cleanup references lazily and closes iteration on a path failure (0.197ms)
  ✔ preserves all three cleanup audit sequences above the argument limit (257.464166ms)
  ✔ removes resource-less memberships after deferred cleanup on a safe full scan (0.25175ms)
  ✔ persists a sanitized failed summary without running destructive cleanup (0.186125ms)
  ✔ rolls back resource cleanup and keeps pending roots when auto-delete fails (0.154125ms)
  ✔ keeps pending roots when the cleanup transaction cannot commit (0.133833ms)
  ✔ rejects duplicate scans and scans blocked by resource maintenance (4.324166ms)
✔ ScanCoordinator (283.708042ms)
✔ reads pending audit summaries with only referenced groups and all exact pending paths (0.127875ms)
✔ skips the pending audit DB reader for no-files (0.061708ms)
✔ skips the pending audit DB reader for non-pending (0.029792ms)
✔ skips the pending audit DB reader for pending-without-group (0.025041ms)
✔ keeps original first root for cleanup and unrecognized summary with parent-first (0.195625ms)
✔ keeps original first root for cleanup and unrecognized summary with child-first (0.051167ms)
✔ uses the early realPath alias for cleanup but only configured paths for summary (0.093791ms)
✔ does not try a later matching root after cleanup-present authorization fails (0.101292ms)
✔ does not try a later matching root after cleanup-missing authorization fails (0.056125ms)
✔ does not try a later matching root after summary authorization fails (0.066ms)
✔ reauthorizes the first matching root for unknown pending paths without inspecting unmatched paths or falling back (0.090458ms)
▶ scanFolders
  ✔ rejects an archived library atomically when manual import resumes after probing (15.718917ms)
  ✔ rejects manual import when the root is physically replaced while duration probing is suspended (9.802375ms)
Scan error for /var/folders/h4/zxrt6zwx6dv1n16kwxzltqgh0000gn/T/javdex-scan-PbtC9u/scan-replaced-root/RACE-003.mp4 Error: 只能操作身份有效的启用媒体库根目录内文件
    at rejectManagedRootFile (/Users/nut/Project/JavdexLabs/Javdex/src/main/services/mediaLibraryRootFileGuard.ts:32:9)
    at requireCurrentRootIdentity (/Users/nut/Project/JavdexLabs/Javdex/src/main/services/mediaLibraryRootFileGuard.ts:86:5)
    at assertRootFile (/Users/nut/Project/JavdexLabs/Javdex/src/main/services/mediaLibraryRootFileGuard.ts:98:27)
    at assertMediaLibraryRootFile (/Users/nut/Project/JavdexLabs/Javdex/src/main/services/mediaLibraryRootFileGuard.ts:170:3)
    at authorizeMediaLibraryRootFile (/Users/nut/Project/JavdexLabs/Javdex/src/main/services/mediaLibraryRootFileGuard.ts:230:3)
    at authorizeFileWrite (/Users/nut/Project/JavdexLabs/Javdex/src/main/scanner/scanner.ts:679:7)
    at scanFolders (/Users/nut/Project/JavdexLabs/Javdex/src/main/scanner/scanner.ts:1169:7)
    at async TestContext.<anonymous> (/Users/nut/Project/JavdexLabs/Javdex/src/main/scanner/scanner.test.ts:447:20)
    at async Test.run (node:internal/test_runner/test:1332:7)
    at async Suite.processPendingSubtests (node:internal/test_runner/test:911:7)
  ✔ keeps scan state unchanged when a frozen root is physically replaced during probing (14.817542ms)
Scan error for /var/folders/h4/zxrt6zwx6dv1n16kwxzltqgh0000gn/T/javdex-scan-OhK5j1/rename-import-replaced-root/RACE-004.mp4 Error: 只能操作身份有效的启用媒体库根目录内文件
    at rejectManagedRootFile (/Users/nut/Project/JavdexLabs/Javdex/src/main/services/mediaLibraryRootFileGuard.ts:32:9)
    at requireCurrentRootIdentity (/Users/nut/Project/JavdexLabs/Javdex/src/main/services/mediaLibraryRootFileGuard.ts:86:5)
    at assertRootFile (/Users/nut/Project/JavdexLabs/Javdex/src/main/services/mediaLibraryRootFileGuard.ts:98:27)
    at assertMediaLibraryRootFile (/Users/nut/Project/JavdexLabs/Javdex/src/main/services/mediaLibraryRootFileGuard.ts:170:3)
    at authorizeMediaLibraryRootFile (/Users/nut/Project/JavdexLabs/Javdex/src/main/services/mediaLibraryRootFileGuard.ts:230:3)
    at authorizeFileWrite (/Users/nut/Project/JavdexLabs/Javdex/src/main/scanner/scanner.ts:679:7)
    at scanFolders (/Users/nut/Project/JavdexLabs/Javdex/src/main/scanner/scanner.ts:1101:9)
    at async renameAndImport (/Users/nut/Project/JavdexLabs/Javdex/src/main/scanner/scanner.ts:1489:20)
    at async TestContext.<anonymous> (/Users/nut/Project/JavdexLabs/Javdex/src/main/scanner/scanner.test.ts:536:19)
    at async Test.run (node:internal/test_runner/test:1332:7)
  ✔ does not commit or rename a replacement-root file when rename-import resumes after probing (14.127417ms)
  ✔ rejects a disabled target root at the resource transaction boundary (8.260333ms)
  ✔ reuses archived local and STRM source paths without crossing library ownership (16.998792ms)
  ✔ imports mixed local and STRM resources into one video and keeps the local file primary (11.450042ms)
  ✔ chooses the scan primary independently of directory entry order (10.069834ms)
  ✔ reselects the primary when scanning into an existing resource-less video (9.859417ms)
  ✔ keeps mixed local and STRM resources in one masked pending group (11.465667ms)
  ✔ rejects a stale pending STRM assignment, refreshes its snapshot, then accepts it (9.297625ms)
  ✔ removes an invalidated STRM snapshot from the pending group on a later scan (8.946541ms)
  ✔ syncs a changed STRM target in place while preserving primary and user-maintained fields (9.824625ms)
  ✔ isolates invalid STRM files and retries them without replacing a bound target (11.928958ms)
  ✔ relocates STRM only when the complete filename and target identify one missing source (11.005916ms)
  ✔ loads STRM candidates once per scan across imports, moves and pending writes (145.663542ms)
  ✔ relocates a bound STRM after its video code has been corrected (9.124958ms)
  ✔ holds new resources for confirmation when several videos already use the code (6.846333ms)
  ✔ keeps an already-pending path out of relocation and refreshes its pending snapshot (7.226416ms)
  ✔ holds a same-scan multi-file code together when automatic assignment is disabled (7.241375ms)
  ✔ does not let an invalid STRM force a valid same-code video into confirmation (7.805375ms)
  ✔ persists a pending scan group across database reopen and assigns it atomically (9.531042ms)
  ✔ rolls back every scan assignment when final pending-group deletion fails (8.082042ms)
  ✔ imports one unambiguous file normally when automatic assignment is disabled (7.277333ms)
  ✔ holds a new resource that matches one existing video when automatic assignment is disabled (7.065ms)
  ✔ promotes the available resource when assigning into an existing video without a primary (7.714083ms)
  ✔ normalizes a manual code and attaches to an existing case-insensitive identity (32.769834ms)
  ✔ aborts when a nested directory cannot be audited (13.346792ms)
  ✔ imports a symbolic-link video by its link path and file name (9.086958ms)
  ✔ does not follow symbolic-link directories (6.082833ms)
  ✔ silently skips a broken symbolic-link video (6.299875ms)
  ✔ leaves missing-resource cleanup to the high-level scan coordinator (7.956375ms)
  ✔ keeps distinct symbolic-link paths that point to the same target (8.39375ms)
  ✔ keeps a resource under an unavailable root when the same code appears online (8.378875ms)
  ✔ relocates one same-code video by a unique file-size match without requiring the old name (6.892042ms)
  ✔ uses full file name and size to relocate safely when several videos share a code (6.984042ms)
  ✔ does not relocate when full file name and size match more than one duplicate-code video (7.065834ms)
  ✔ treats a new file normally when an old same-code path cannot be audited (8.458458ms)
  ✔ keeps an unrecognized rename and only rediscovers the renamed file (9.831667ms)
  ✔ uses the scan same-code pending flow when automatic merging is disabled (10.349917ms)
  ✔ renames and discovers the code without a manual code or target (7.761708ms)
  ✔ renames and imports an unrecognized STRM as a source-managed link (8.109167ms)
  ✔ imports recognized videos and reports unrecognized files (7.944792ms)
  ✔ reuses scanned directory entries when checking a directory without NFO files (36.079916ms)
  ✔ refreshes a changed local identity snapshot on rescan before user confirmation (14.516083ms)
  ✔ refreshes a changed strm identity snapshot on rescan before user confirmation (8.950042ms)
  ✔ uses NFO identity only for newly discovered resources when automatic import is enabled (11.141625ms)
  ✔ yields between immediately resolved NFO batches so abort runs without losing committed audits or primaries (43.893542ms)
  ✔ yields while delivering final audits but drains every committed entry and reports cancellation (39.826334ms)
  ✔ yields inside one committed NFO batch and retains imported audits for all its anchors (32.255167ms)
  ✔ yields between completed primary selections and still settles every committed resource after abort (45.893125ms)
  ✔ handles cancellation during the only or first NFO application and preserves committed file audits (15.714042ms)
  ✔ aggregates first-discovery NFO candidates once per video after all resources are assigned (8.815ms)
  ✔ does not count an existing pending resource identity as a new same-code file (8.171625ms)
  ✔ keeps distinct local NFO candidates in the existing confirmation workflow (11.847041ms)
  ✔ persists a filename/NFO identity conflict without creating formal library records (6.848125ms)
  ✔ persists only a masked STRM target projection for an NFO identity conflict (6.424833ms)
  ✔ keeps a valid filename import when its NFO is invalid and records only a secondary warning (7.424625ms)
  ✔ uses NFO identity across libraries but never overwrites a globally scraped-success video (7.974334ms)
  ✔ applies local NFO with fill-empty semantics for new and failed videos (11.371125ms)
  ✔ reattaches a scanned file to an existing no-resource video without replacing metadata (6.750292ms)
  ✔ yields while scanning large batches (40.3115ms)
  ✔ collects a very large root without overflowing call arguments before cancellation (1004.29875ms)
  ✔ stops when cancelled (31.273375ms)
  ✔ skips new imports shorter than 30 minutes (6.085041ms)
  ✔ skips short files before unrecognized handling (5.897458ms)
  ✔ stores probed duration on import (7.639083ms)
  ✔ refreshes duration when the file changes on rescan (7.823125ms)
  ✔ skips duration probe on rescan when file is unchanged (7.4295ms)
  ✔ emits one final audit outcome for every processed file (7.147042ms)
✔ scanFolders (2006.883333ms)
✔ matches final legacy callbacks on equivalent fresh catalogs including merged NFO and repeated paths (44.293667ms)
✔ commits singleton audit deliveries while the next duration probe is held, outside a database transaction (11.943334ms)
✔ timer cancellation preserves already committed entries and stops incremental delivery (16.629291ms)
✔ rejects mutually exclusive sinks before database, directory, probe or callback work (8.564292ms)
✔ propagates recordFile sink failure without converting it to processing_failure (10.388084ms)
✔ propagates readFileNfo sink failure without converting it to processing_failure (10.451708ms)
✔ propagates patchNfo sink failure without converting it to processing_failure (10.448125ms)
✔ treats a missing NFO patch target after a successful read as fatal (11.578167ms)
✔ rejects recordFile resolved thenables without late unhandled rejection (12.993667ms)
✔ rejects recordFile rejected thenables without late unhandled rejection (10.4025ms)
✔ rejects readFileNfo resolved thenables without late unhandled rejection (11.781708ms)
✔ rejects readFileNfo rejected thenables without late unhandled rejection (10.774458ms)
✔ rejects patchNfo resolved thenables without late unhandled rejection (10.230041ms)
✔ rejects patchNfo rejected thenables without late unhandled rejection (9.773041ms)
ℹ tests 147
ℹ suites 2
ℹ pass 147
ℹ fail 0
ℹ cancelled 0
ℹ skipped 0
ℹ todo 0
ℹ duration_ms 2651.67475
