✔ matches the complete renderer gallery order across source, ratio and nullable-position boundaries (31.957917ms)
✔ returns empty versus missing actors and validates finite safe page bounds (6.242875ms)
✔ keeps count and ordered page together while another connection removes a display source (7.281791ms)
✔ returns profile counts and the global first picture without loading complete works or gallery rows (22.444667ms)
✔ keeps profile fields, physical/display counts and first picture on one read snapshot (6.70925ms)
✔ validates manual tag candidate bounds and existing-tag identities (1.8315ms)
✔ bounds selected tag label IPC requests before repository access (0.2935ms)
▶ typed IPC adapter
  ✔ does not expose the legacy unreviewed video deletion command (0.484583ms)
  ✔ forwards command arguments and returns the application result (0.176958ms)
  ✔ rejects malformed arguments before invoking the application handler (0.205875ms)
  ✔ accepts link-resource updates without an import-only target (0.269083ms)
  ✔ only accepts metadata retention when removing a last video resource (0.069667ms)
  ✔ accepts one exact plugin approval decision and rejects malformed decisions (0.247792ms)
  ✔ accepts only explicit plugin continuation kinds (0.093083ms)
  ✔ accepts only typed plugin user responses with request-bound actions (0.564125ms)
  ✔ accepts plugin history clearing only without renderer-supplied run ids (0.071542ms)
  ✔ accepts unrecoverable plugin-session discard only without renderer-supplied run ids (0.049041ms)
  ✔ keeps legacy model limits out of the generic settings mutation contract (0.274125ms)
  ✔ validates playlist import start and identity controls at the IPC boundary (1.583667ms)
  ✔ requires the path-removal impact revision at the settings boundary (0.451167ms)
  ✔ accepts only the structured model-management command vocabulary (1.562583ms)
  ✔ serializes successful results and thrown errors (0.883917ms)
  ✔ sends the contracted event payload unchanged (0.081916ms)
✔ typed IPC adapter (7.632625ms)
✔ bounds actress conflict summary pages and keeps detail identities exact (0.491708ms)
✔ validates bounded actress picker requests (0.561125ms)
✔ validates narrow actress identity IDs (0.30275ms)
✔ validates merge candidate paging and keep identity (0.44425ms)
✔ accepts only zero arguments for avatar crop count (0.042333ms)
✔ accepts only zero arguments for avatar crop target enumeration (0.026334ms)
✔ validates plugin actress test picker bounds and identities (0.444417ms)
✔ validates actress works page bounds and rejects unexpected filter fields (0.250792ms)
✔ validates metadata IDs and the optional cover-only actor works filter (0.278041ms)
✔ validates bounded actress gallery pages (0.267208ms)
✔ validates a profile header identity without optional wide-data flags (0.072667ms)
✔ validates the optional local photo source filter (0.05375ms)
▶ ActressAvatarEditor
  ✔ keeps rendering when the current avatar enters crop editing (81.406ms)
  ✔ keeps rendering when a legacy avatar without its original enters crop editing (14.763625ms)
✔ ActressAvatarEditor (96.593667ms)
✔ pages associated covers without loading an actress detail or accumulating tiles (6.431125ms)
✔ does not replace a user-selected source tab when the first cover page arrives late (1.733834ms)
✔ pages photo sources with global labels and retries without fetching complete metadata (4.510167ms)
✔ keeps local selection when the user opens a file picker before photos arrive (1.189083ms)
✔ pages40 candidates and preserves selection and name plan across pages and search (649.43325ms)
✔ retries page failures without losing the selected merge plan (93.553292ms)
✔ ignores old page responses while a changed search is debouncing (421.244417ms)
✔ locks a captured merge against duplicate submission and retains plan on failure (186.325875ms)
✔ resets session on keep identity change and ignores old page and merge completion (171.48475ms)
✔ resets the name plan only when choosing a different merge candidate or clearing selection (104.539125ms)
✔ loads metadata once while paging 60/60/5 works and preserving the full count (311.873208ms)
✔ retries page errors, clamps a removed last page, and rejects late actor results (6.877417ms)
✔ does not invalidate the new actor metadata when the old editor save settles late (7.336458ms)
✔ retains an open merge plan and its full count while the visible works refresh (7.555ms)
✔ does not reuse the prior actor page when an intervening actor request is still pending (4.04225ms)
ℹ tests 52
ℹ suites 2
ℹ pass 52
ℹ fail 0
ℹ cancelled 0
ℹ skipped 0
ℹ todo 0
ℹ duration_ms 1855.991042
