✔ matches the legacy oracle with exact global paths, duplicate resources, empty/missing groups and library scope (18.698292ms)
✔ uses final upsert outcomes and current pending metadata, with NFO unrelated to primary pending state (12.155583ms)
✔ runs actual writer callbacks under the read transaction without leaving an active iterator (12.296458ms)
✔ rolls back outer business and audit writes on callback failure and closes the iterator for retry (16.565583ms)
✔ rejects thenable visitors, observes rejected promises, and rolls back callback writes (17.205459ms)
✔ guards scope and manifest lifecycle even with no pending files (11.430166ms)
✔ projects narrow SQL only and uses the exact file key lookup (11.90925ms)
✔ snapshots metadata and counts before callbacks mutate live pending rows and cleans its TEMP result (15.315916ms)
✔ delivers an oversized singleton unchanged for writer rejection and rolls back TEMP and callback writes (38.780417ms)
✔ matches old group order and global exact path counts without hydrating unrelated groups or resource DTOs (27.574625ms)
✔ handles empty targets and empty paths while preserving zero-resource groups and library isolation (17.939292ms)
✔ keeps selected group metadata and path counts in one snapshot across an external write (20.163916ms)
✔ drives selected groups by primary key and resources by the scoped group index (16.894833ms)
✔ releases the transaction and connection when resource statement preparation fails (14.530667ms)
✔ rebuilds ordered pendingGroups repeatedly without duplicates and preserves all other sections (22.766542ms)
✔ restores the previous section and outer business mutation after native second-group INSERT failure, then retries (17.798458ms)
✔ rolls back an oversized single pending group together with its outer metadata change (16.944291ms)
✔ rejects sealed writer state without deleting prior sections (12.683542ms)
✔ rejects terminal writer state without deleting prior sections (10.272083ms)
✔ refreshes more than 100 referenced groups across item-bounded batches with stable global ordinals (23.842ms)
✔ flushes by bytes when moderately large valid singletons together exceed the batch budget (33.412375ms)
✔ refreshes the captured writer identity after the caller mutates its original scope object (8.1985ms)
✔ publishes sealed entries with run/state/unrecognized updates and exposes header/body/permissions (14.686417ms)
✔ rolls back every finish write when late publication fails, then retries the same sealed audit (10.577875ms)
✔ rejects wrong scope, collecting manifests and metadata mismatches without partial writes (15.462542ms)
✔ rejects persisted run mismatches, incompatible completion status and oversized metadata before changing data (15.58525ms)
✔ publishes failed audit without replacing previous unrecognized files (9.374708ms)
✔ publishes cancelled audit without replacing previous unrecognized files (8.206875ms)
✔ abandons interrupted collecting/sealed audits while preserving published history and all entries, idempotently (10.536917ms)
✔ abandons already-terminal unexposed manifests even when no interrupted runs remain (11.786416ms)
✔ rolls back recovery run/state/manifest changes on abandonment failure and succeeds on retry (15.551916ms)
✔ publishes the actual writer after stable upserts and an NFO revision through the production finish transaction (14.482792ms)
✔ upserts exact file paths with stable ordinals, appends other sections and preserves UTF-8 bytes (13.617458ms)
✔ rolls back the entire batch including earlier upserts after a later SQL failure (9.137375ms)
✔ participates in caller transactions and uses savepoints for recoverable batch errors (9.770875ms)
✔ patches NFO in place without inserting missing files or losing the primary audit outcome (9.173291ms)
✔ seals final metadata atomically, keeps the run running, and does not publish or permit late writes (9.445584ms)
✔ seals unchanged metadata without a forbidden no-op metadata update (9.068875ms)
✔ guards scope, running status and legacy JSON and snapshots scope against caller mutation (10.194708ms)
✔ rejects malformed metadata and section shapes without writing anything (28.739375ms)
✔ enforces item, normalized batch and reserved single-page budgets without truncation (19.6035ms)
✔ writes and patches all sections, seals, finishes through the actual repository, and reads compatibility output (15.160042ms)
✔ rejects raw oversized stored entries before selecting their JSON for an NFO patch (17.373333ms)
✔ reads only detached NFO values and distinguishes missing files from absent NFO (9.679833ms)
✔ rejects invalid raw NFO values instead of treating them as absent (10.151417ms)
✔ checks NFO read scope and lifecycle even for missing paths (7.9315ms)
✔ rejects oversized raw rows before projecting any NFO JSON (13.341833ms)
▶ ScanCoordinator
  ✔ coalesces display progress while preserving per-file callbacks and the final event (11.639292ms)
  ✔ flushes pending progress before a failure without delaying the failure event (0.423917ms)
  ✔ binds an offline-created root identity and refreshes the frozen snapshot before scanning (0.699541ms)
  ✔ persists matching complete audit details with the latest summary (0.208208ms)
  ✔ publishes scan lifecycle events for every trigger (0.165ms)
  ✔ uses one frozen configuration snapshot for the complete run (0.106917ms)
  ✔ reconciles resource identity pending rows only under roots proven safe after traversal (0.13925ms)
  ✔ preserves offline roots and removes only missing local resources under accessible roots (0.260666ms)
  ✔ aborts cleanup when a local path cannot be audited (0.206042ms)
  ✔ treats a root that becomes unreadable after traversal as offline (0.114792ms)
  ✔ rechecks the frozen root identity immediately before cleanup writes (0.107666ms)
  ✔ does not run cleanup after cancellation and releases the mutual-exclusion lease (0.155375ms)
  ✔ keeps resources after a coordinator-level failure (0.165334ms)
  ✔ skips every destructive cleanup after a file processing failure (0.17725ms)
  ✔ replaces the unrecognized-file snapshot after every safe completed scan (0.12675ms)
  ✔ completes safe cleanup with errors when failures are isolated to STRM files (0.124209ms)
  ✔ consumes deferred path cleanup only after a successful uncancelled scan (0.142667ms)
  ✔ keeps deferred path cleanup queued after a partial folder scan (0.14575ms)
  ✔ allows a full cleanup-only scan after the final configured folder was removed (0.067333ms)
  ✔ removes many non-primary resources without reading sibling resource lists (1.81275ms)
  ✔ consumes cleanup references lazily and closes iteration on a path failure (0.155042ms)
  ✔ preserves all three cleanup audit sequences above the argument limit (214.998667ms)
  ✔ removes resource-less memberships after deferred cleanup on a safe full scan (0.272291ms)
  ✔ persists a sanitized failed summary without running destructive cleanup (0.195709ms)
  ✔ rolls back resource cleanup and keeps pending roots when auto-delete fails (0.170458ms)
  ✔ keeps pending roots when the cleanup transaction cannot commit (0.147042ms)
  ✔ rejects duplicate scans and scans blocked by resource maintenance (3.936ms)
✔ ScanCoordinator (237.451875ms)
✔ reads pending audit summaries with only referenced groups and all exact pending paths (0.10325ms)
✔ skips the pending audit DB reader for no-files (0.056666ms)
✔ skips the pending audit DB reader for non-pending (0.034875ms)
✔ skips the pending audit DB reader for pending-without-group (0.026834ms)
✔ keeps original first root for cleanup and unrecognized summary with parent-first (0.187958ms)
✔ keeps original first root for cleanup and unrecognized summary with child-first (0.048708ms)
✔ uses the early realPath alias for cleanup but only configured paths for summary (0.092708ms)
✔ does not try a later matching root after cleanup-present authorization fails (0.091209ms)
✔ does not try a later matching root after cleanup-missing authorization fails (0.054042ms)
✔ does not try a later matching root after summary authorization fails (0.0715ms)
✔ reauthorizes the first matching root for unknown pending paths without inspecting unmatched paths or falling back (0.086333ms)
ℹ tests 85
ℹ suites 1
ℹ pass 85
ℹ fail 0
ℹ cancelled 0
ℹ skipped 0
ℹ todo 0
ℹ duration_ms 787.307875
