✖ does not load hidden scan history, including manual refresh and invalidation, and releases completed data (41.259417ms)
✔ discards pending results after leaving and re-entering or switching libraries (38.296292ms)
✔ exposes history load errors and retries without treating failure as an empty history (23.213875ms)
ℹ tests 3
ℹ suites 0
ℹ pass 2
ℹ fail 1
ℹ cancelled 0
ℹ skipped 0
ℹ todo 0
ℹ duration_ms 284.019042

✖ failing tests:

test at src/renderer/src/hooks/useMediaLibraryScanController.interaction.test.tsx:2:2706
✖ does not load hidden scan history, including manual refresh and invalidation, and releases completed data (41.259417ms)
  AssertionError [ERR_ASSERTION]: Expected values to be strictly equal:
  
  2 !== 1
  
      at TestContext.<anonymous> (/Users/nut/Project/JavdexLabs/Javdex/src/renderer/src/hooks/useMediaLibraryScanController.interaction.test.tsx:37:49)
      at async Test.run (node:internal/test_runner/test:1332:7)
      at async startSubtestAfterBootstrap (node:internal/test_runner/harness:385:3) {
    generatedMessage: true,
    code: 'ERR_ASSERTION',
    actual: 2,
    expected: 1,
    operator: 'strictEqual',
    diff: 'simple'
  }
