✔ matches the complete renderer gallery order across source, ratio and nullable-position boundaries (37.075458ms)
✔ returns empty versus missing actors and validates finite safe page bounds (10.833834ms)
✔ keeps count and ordered page together while another connection removes a display source (10.673542ms)
✔ returns profile counts and the global first picture without loading complete works or gallery rows (31.292459ms)
✔ keeps profile fields, physical/display counts and first picture on one read snapshot (7.239292ms)
✔ locates a stable photo after reordering, before paging and within the requested actor/source scope (13.030333ms)
✔ validates manual tag candidate bounds and existing-tag identities (3.838291ms)
✔ bounds selected tag label IPC requests before repository access (1.354708ms)
▶ typed IPC adapter
  ✔ does not expose the legacy unreviewed video deletion command (0.138417ms)
  ✔ forwards command arguments and returns the application result (0.099625ms)
  ✔ rejects malformed arguments before invoking the application handler (0.275542ms)
  ✔ accepts link-resource updates without an import-only target (0.276625ms)
  ✔ only accepts metadata retention when removing a last video resource (0.087708ms)
  ✔ accepts one exact plugin approval decision and rejects malformed decisions (0.262542ms)
  ✔ accepts only explicit plugin continuation kinds (0.110875ms)
  ✔ accepts only typed plugin user responses with request-bound actions (2.305166ms)
  ✔ accepts plugin history clearing only without renderer-supplied run ids (0.104208ms)
  ✔ accepts unrecoverable plugin-session discard only without renderer-supplied run ids (0.073042ms)
  ✔ keeps legacy model limits out of the generic settings mutation contract (0.673959ms)
  ✔ validates playlist import start and identity controls at the IPC boundary (1.245291ms)
  ✔ requires the path-removal impact revision at the settings boundary (0.149958ms)
  ✔ accepts only the structured model-management command vocabulary (0.497167ms)
  ✔ serializes successful results and thrown errors (0.654125ms)
  ✔ sends the contracted event payload unchanged (0.053208ms)
✔ typed IPC adapter (8.330959ms)
✔ bounds actress conflict summary pages and keeps detail identities exact (0.175792ms)
✔ validates bounded actress picker requests (0.142459ms)
✔ validates narrow actress identity IDs (0.06425ms)
✔ validates merge candidate paging and keep identity (0.141625ms)
✔ accepts only zero arguments for avatar crop count (0.021791ms)
✔ accepts only zero arguments for avatar crop target enumeration (0.019834ms)
✔ validates plugin actress test picker bounds and identities (0.123458ms)
✔ validates actress works page bounds and rejects unexpected filter fields (0.147458ms)
✔ validates metadata IDs and the optional cover-only actor works filter (0.063583ms)
✔ validates bounded actress gallery pages (0.513708ms)
✔ validates a profile header identity without optional wide-data flags (0.201542ms)
✔ validates the optional local photo source filter (0.14525ms)
▶ ActressAvatarEditor
  ✔ keeps rendering when the current avatar enters crop editing (96.917416ms)
  ✔ keeps rendering when a legacy avatar without its original enters crop editing (15.541459ms)
✔ ActressAvatarEditor (113.044542ms)
✔ pages associated covers without loading an actress detail or accumulating tiles (13.861833ms)
✔ does not replace a user-selected source tab when the first cover page arrives late (3.831375ms)
✔ pages photo sources with global labels and retries without fetching complete metadata (16.057542ms)
✔ keeps local selection when the user opens a file picker before photos arrive (2.082917ms)
✔ bounds grid and preview windows, crosses both page edges and preserves one history entry (362.165333ms)
✔ retains the current photo on page failure, retries, and discards a response after close (52.88025ms)
✔ refreshes by stable ID after reorder and closes a removed preview without selecting its replacement (44.492041ms)
✔ deletes the last photo on a page and refreshes imported photos through the actual panel callbacks (30.829458ms)
✔ uses a 320 thumbnail for actress cards (212.9085ms)
✔ uses thumbnails for local video gallery tiles and original preview sources (143.234125ms)
✔ uses thumbnails for local actress gallery tiles and original preview sources (4.276959ms)
✔ pages40 candidates and preserves selection and name plan across pages and search (772.7415ms)
✔ retries page failures without losing the selected merge plan (94.526917ms)
✔ ignores old page responses while a changed search is debouncing (424.504ms)
✔ locks a captured merge against duplicate submission and retains plan on failure (173.271667ms)
✔ resets session on keep identity change and ignores old page and merge completion (167.707542ms)
✔ resets the name plan only when choosing a different merge candidate or clearing selection (104.894542ms)
✔ loads metadata once while paging 60/60/5 works and preserving the full count (408.705708ms)
✔ retries page errors, clamps a removed last page, and rejects late actor results (9.644542ms)
✔ does not invalidate the new actor metadata when the old editor save settles late (8.566167ms)
✔ retains an open merge plan and its full count while the visible works refresh (9.166875ms)
✔ does not reuse the prior actor page when an intervening actor request is still pending (3.866666ms)
ℹ tests 60
ℹ suites 2
ℹ pass 60
ℹ fail 0
ℹ cancelled 0
ℹ skipped 0
ℹ todo 0
ℹ duration_ms 2038.848
