▶ scan latest IPC handler
  ✔ validates libraryId and forwards the scoped latest snapshot (1.152959ms)
✔ scan latest IPC handler (1.456208ms)
✔ bounds the combined audit presence request and validates its library (0.709625ms)
✔ bounds scan pages and validates scoped detail and anchor inputs (0.414375ms)
✔ routes audit header/page through the async reader with trusted budgets and strict scope (0.543959ms)
✔ routes combined view pages with trusted budgets and preserves query and result fields (0.509958ms)
✔ accepts every combined tab/outcome/filter, canonicalizable locales and strict failed anchors (1.010459ms)
✔ rejects invalid combined queries, locales, anchors, snapshots and argument counts (1.293167ms)
✔ propagates combined reader errors instead of falling back to another snapshot or raw page (0.202041ms)
✔ validates manual tag candidate bounds and existing-tag identities (3.29275ms)
✔ bounds selected tag label IPC requests before repository access (0.682083ms)
▶ typed IPC adapter
  ✔ does not expose the legacy unreviewed video deletion command (0.314917ms)
  ✔ forwards command arguments and returns the application result (0.143334ms)
  ✔ rejects malformed arguments before invoking the application handler (0.2015ms)
  ✔ accepts link-resource updates without an import-only target (0.334083ms)
  ✔ only accepts metadata retention when removing a last video resource (0.170666ms)
  ✔ accepts one exact plugin approval decision and rejects malformed decisions (0.355625ms)
  ✔ accepts only explicit plugin continuation kinds (0.165333ms)
  ✔ accepts only typed plugin user responses with request-bound actions (0.975542ms)
  ✔ accepts plugin history clearing only without renderer-supplied run ids (0.075792ms)
  ✔ accepts unrecoverable plugin-session discard only without renderer-supplied run ids (0.040625ms)
  ✔ keeps legacy model limits out of the generic settings mutation contract (0.604416ms)
  ✔ validates playlist import start and identity controls at the IPC boundary (0.733542ms)
  ✔ requires the path-removal impact revision at the settings boundary (0.138667ms)
  ✔ accepts only the structured model-management command vocabulary (0.428709ms)
  ✔ serializes successful results and thrown errors (0.71075ms)
  ✔ sends the contracted event payload unchanged (0.060709ms)
✔ typed IPC adapter (5.941375ms)
✔ bounds actress conflict summary pages and keeps detail identities exact (0.20575ms)
✔ validates bounded actress picker requests (0.153666ms)
✔ validates narrow actress identity IDs (0.071208ms)
✔ validates merge candidate paging and keep identity (0.147334ms)
✔ accepts only zero arguments for avatar crop count (0.020833ms)
✔ accepts only zero arguments for avatar crop target enumeration (0.02275ms)
✔ validates plugin actress test picker bounds and identities (0.11625ms)
✔ validates actress works page bounds and rejects unexpected filter fields (0.537125ms)
✔ validates metadata IDs and the optional cover-only actor works filter (0.214417ms)
✔ validates bounded actress gallery pages (0.573125ms)
✔ validates a profile header identity without optional wide-data flags (0.165292ms)
✔ validates the optional local photo source filter (0.117083ms)
✔ executes real read-only tag queries and observes writes through the worker cache (31.16975ms)
✔ rejects a changed catalog version at worker startup without migration (22.573833ms)
✔ settles in-flight initialization and queued requests when disposed (24.18375ms)
✔ executes all classification cover pages on the readonly worker and observes committed writes (35.675958ms)
✔ rejects image initialization against an incompatible schema without rewriting it (23.87ms)
✔ reads bounded audit pages in the real worker, isolates operations and observes audit replacement (49.159458ms)
✔ reads audit headers on the real worker without building an index from the audit body (22.863083ms)
✔ reads combined views in the real worker, upgrades raw pages and rebuilds after writes and failures (57.529542ms)
✔ counts merged subscribers toward capacity, normalizes keys, and clones each successful result (2.09675ms)
✔ serializes different revisions and keeps a folded expanding query valid in the payload (0.176459ms)
✔ rejects old generation on identity change and waits for termination (4.32175ms)
✔ rejects old generation on path change and waits for termination (0.411167ms)
✔ removes queued aborts but retains an executing slot after all subscribers abort (0.282875ms)
✔ one subscriber abort does not cancel another or retain its signal listener (0.157375ms)
✔ rejects all accepted on startup timeout, without retry or overlapping workers (15.3ms)
✔ rejects all accepted on query timeout, without retry or overlapping workers (16.870542ms)
✔ rejects all accepted on exit, without retry or overlapping workers (0.623666ms)
✔ rejects all accepted on error, without retry or overlapping workers (0.385292ms)
✔ rejects all accepted on protocol error, without retry or overlapping workers (0.410709ms)
✔ dispose closes admission immediately and waits for a running termination (0.401541ms)
✔ fails closed if termination rejects and rejects requests waiting for replacement (0.309917ms)
✔ rejects invalid queries before creating a worker and contains factory/post failures (0.1855ms)
✔ bounds subscribers while termination is pending and supersedes a waiting generation (0.35825ms)
✔ does not launch work after repeated queued cancellations before ready (0.671458ms)
✔ contains unexpected messages and dispose drains an already-started replacement barrier (0.060208ms)
✔ expires waiting subscribers and frees capacity while native termination remains pending (0.835125ms)
✔ keeps independent waiting deadlines for coalesced subscribers and clears them at execution (0.143292ms)
✔ never executes a page whose only subscriber expired before ready (0.072416ms)
✔ shares admission across tag/image requests, keys entity kinds separately and copies caller inputs (0.335959ms)
✔ retains the executing image slot after cancellation and retires it before switching databases (0.569167ms)
✔ validates image requests before allocating a reader (0.249084ms)
✔ shares audit admission with tag/image work, coalesces snapshots and copies audit budgets (0.446292ms)
✔ rejects invalid audit requests before allocation and removes an aborted queued audit (0.138875ms)
✔ copies view anchors before allocation, coalesces defaults, and shares capacity with raw/header/tag requests (6.359333ms)
✔ rejects invalid combined views without a worker and drops canceled queued view requests (0.253167ms)
✔ reuses one index and releases it before changes, revision failures and disposal (1.891ms)
✔ expires an idle index, resets the deadline on use and cancels expiry on disposal (0.745166ms)
✔ upgrades raw to combined views with one live index, then reuses it for both operations (0.443084ms)
✔ pages every section with stable ordinal, filtered totals and independent results (19.383083ms)
✔ holds an immutable copied snapshot across writer changes and leaves main schema/data unchanged (12.029709ms)
✔ rejects source/index/page budget overflows without truncation and can rebuild after failure (15.810625ms)
✔ rejects wrong scope, mismatched versions/identity, malformed collections and non-object entries (21.997459ms)
✔ copies all collections from one read snapshot when the writer commits during construction (11.811875ms)
✔ matches every historical view field/order across combined filters, Unicode search and pages (104.777584ms)
✔ locates failed-view anchors, clamps shrink/overflow, and keeps copied pending-path state (39.165542ms)
✔ rejects invalid view inputs and oversized output without mutating the source (19.709166ms)
✔ reuses one bounded search result across pages and restores read-only mode after TEMP exhaustion (22.298125ms)
ℹ tests 85
ℹ suites 2
ℹ pass 85
ℹ fail 0
ℹ cancelled 0
ℹ skipped 0
ℹ todo 0
ℹ duration_ms 575.723459
