▶ libraryScanRepo latest snapshot
  ✔ keeps a valid summary pinned to its run when its audit is NULL (13.813ms)
  ✔ falls back for malformed summary by timestamp then id, excluding NULL bodies without a status filter (10.756333ms)
  ✔ updates the pending path after a rename without rewriting the original scan audit (9.072208ms)
  ✔ returns summary, audit, and unrecognized files only from the requested library (10.119709ms)
  ✔ transactionally settles scan runs abandoned by the previous process (10.149625ms)
  ✔ releases archive and root-migration busy gates after restart recovery (12.984292ms)
  ✔ returns an empty snapshot before the first run and rejects an unknown library (9.527667ms)
✔ libraryScanRepo latest snapshot (77.072583ms)
✔ reads a scoped audit header without loading audit JSON or pending path arrays (18.34675ms)
✔ keeps summary failure semantics and rejects oversized summary/header payloads (10.424084ms)
✔ keeps header summary, audit availability and unrecognized count in one WAL snapshot (7.905708ms)
▶ finishLibraryScanRun unrecognized replacement transaction
  ✔ finishes with 40000 replacement root IDs without exceeding SQLite bind limits (15.712666ms)
  ✔ deduplicates replacement roots and skips incoming files outside the selected roots (7.7385ms)
  ✔ clears selected roots when there are no matching incoming files and preserves other roots (6.920417ms)
  ✔ does not replace files for absent root targets (6.54525ms)
  ✔ does not replace files for empty root targets (6.7155ms)
  ✔ failed run never replaces preexisting unrecognized rows (8.558833ms)
  ✔ cancelled run never replaces preexisting unrecognized rows (7.466417ms)
  ✔ rolls back run, state and all original unrecognized rows when a duplicate normalized path fails insertion (6.73875ms)
✔ finishLibraryScanRun unrecognized replacement transaction (66.552ms)
✔ does not hold a writer lock during audit stringify before the deferred transaction’s first SQL statement (7.973417ms)
✔ does not delete another library’s unrecognized rows even when its root ID is in the replacement set (6.909834ms)
✔ adds V18 to a complete V17 schema without rewriting any legacy data or relationships (22.9815ms)
✔ rolls back executed V18 DDL and version, preserves foreign_keys=0, then retries (15.215584ms)
✔ rolls back executed V18 DDL and version, preserves foreign_keys=1, then retries (14.477334ms)
✔ upgrades a structurally restored V15 through cleanup, tag index and V18 without losing legacy rows (12.236166ms)
✔ publishes sealed entries with run/state/unrecognized updates and exposes header/body/permissions (15.824417ms)
✔ rolls back every finish write when late publication fails, then retries the same sealed audit (10.982042ms)
✔ rejects wrong scope, collecting manifests and metadata mismatches without partial writes (14.597083ms)
✔ rejects persisted run mismatches, incompatible completion status and oversized metadata before changing data (12.654958ms)
✔ publishes failed audit without replacing previous unrecognized files (9.267708ms)
✔ publishes cancelled audit without replacing previous unrecognized files (9.522167ms)
✔ abandons interrupted collecting/sealed audits while preserving published history and all entries, idempotently (9.671291ms)
✔ abandons already-terminal unexposed manifests even when no interrupted runs remain (10.634958ms)
✔ rolls back recovery run/state/manifest changes on abandonment failure and succeeds on retry (9.803625ms)
✔ publishes the actual writer after stable upserts and an NFO revision through the production finish transaction (9.045084ms)
✔ accepts collecting revisions and ordered section entries with exact byte accounting (7.94125ms)
✔ rejects invalid sections, JSON, identities, byte metadata and duplicate file keys (3.417709ms)
✔ does not mix legacy JSON audits with the new manifest or start from terminal runs (4.014584ms)
✔ enforces sealed immutability and permits publication only with a terminal completed run (3.774125ms)
✔ rolls back run completion and audit publication together on a later failure (5.148375ms)
✔ retains interrupted audit entries for abandoned cleanup and does not permit late writes (3.924292ms)
✔ allows deleting whole runs or a library to cascade without permitting partial published deletion (5.488708ms)
✔ keeps entry identity stable while collecting and preserves every terminal publication outcome (4.072375ms)
✔ upserts exact file paths with stable ordinals, appends other sections and preserves UTF-8 bytes (13.509708ms)
✔ rolls back the entire batch including earlier upserts after a later SQL failure (8.490708ms)
✔ participates in caller transactions and uses savepoints for recoverable batch errors (7.897875ms)
✔ patches NFO in place without inserting missing files or losing the primary audit outcome (7.349291ms)
✔ seals final metadata atomically, keeps the run running, and does not publish or permit late writes (9.656584ms)
✔ seals unchanged metadata without a forbidden no-op metadata update (6.821083ms)
✔ guards scope, running status and legacy JSON and snapshots scope against caller mutation (7.457291ms)
✔ rejects malformed metadata and section shapes without writing anything (22.320125ms)
✔ enforces item, normalized batch and reserved single-page budgets without truncation (14.105916ms)
✔ writes and patches all sections, seals, finishes through the actual repository, and reads compatibility output (9.742416ms)
✔ rejects raw oversized stored entries before selecting their JSON for an NFO patch (14.326125ms)
✔ matches legacy raw pages, filtered views, header and compatibility readers for published entries (78.391042ms)
✔ keeps all unpublished states unavailable and preserves source, index and page budgets (24.597875ms)
✔ rejects published metadata with wrong identities or embedded collections instead of silently overriding it (42.823792ms)
ℹ tests 56
ℹ suites 2
ℹ pass 56
ℹ fail 0
ℹ cancelled 0
ℹ skipped 0
ℹ todo 0
ℹ duration_ms 506.429833
