✔ publishes sealed entries with run/state/unrecognized updates and exposes header/body/permissions (17.683834ms)
✔ rolls back every finish write when late publication fails, then retries the same sealed audit (10.631292ms)
✔ rejects wrong scope, collecting manifests and metadata mismatches without partial writes (15.0485ms)
✔ rejects persisted run mismatches, incompatible completion status and oversized metadata before changing data (18.055458ms)
✔ publishes failed audit without replacing previous unrecognized files (8.977625ms)
✔ publishes cancelled audit without replacing previous unrecognized files (7.537625ms)
✔ abandons interrupted collecting/sealed audits while preserving published history and all entries, idempotently (11.518583ms)
✔ abandons already-terminal unexposed manifests even when no interrupted runs remain (10.893375ms)
✔ rolls back recovery run/state/manifest changes on abandonment failure and succeeds on retry (13.944958ms)
✔ publishes the actual writer after stable upserts and an NFO revision through the production finish transaction (11.166333ms)
✔ upserts exact file paths with stable ordinals, appends other sections and preserves UTF-8 bytes (20.158125ms)
✔ rolls back the entire batch including earlier upserts after a later SQL failure (8.853583ms)
✔ participates in caller transactions and uses savepoints for recoverable batch errors (10.304875ms)
✔ patches NFO in place without inserting missing files or losing the primary audit outcome (8.323625ms)
✔ seals final metadata atomically, keeps the run running, and does not publish or permit late writes (11.159791ms)
✔ seals unchanged metadata without a forbidden no-op metadata update (8.798958ms)
✔ guards scope, running status and legacy JSON and snapshots scope against caller mutation (8.687042ms)
✔ rejects malformed metadata and section shapes without writing anything (32.279208ms)
✔ enforces item, normalized batch and reserved single-page budgets without truncation (14.299459ms)
✔ writes and patches all sections, seals, finishes through the actual repository, and reads compatibility output (8.696958ms)
✔ rejects raw oversized stored entries before selecting their JSON for an NFO patch (15.939417ms)
✔ reads only detached NFO values and distinguishes missing files from absent NFO (8.476708ms)
✔ rejects invalid raw NFO values instead of treating them as absent (7.624625ms)
✔ checks NFO read scope and lifecycle even for missing paths (7.932584ms)
✔ rejects oversized raw rows before projecting any NFO JSON (11.74425ms)
▶ ScanCoordinator
  ✔ coalesces display progress while preserving per-file callbacks and the final event (14.534291ms)
  ✔ flushes pending progress before a failure without delaying the failure event (0.738625ms)
  ✔ binds an offline-created root identity and refreshes the frozen snapshot before scanning (1.157833ms)
  ✔ persists matching complete audit details with the latest summary (0.55725ms)
  ✔ publishes scan lifecycle events for every trigger (0.435792ms)
  ✔ uses one frozen configuration snapshot for the complete run (0.176958ms)
  ✔ reconciles resource identity pending rows only under roots proven safe after traversal (0.217833ms)
  ✔ preserves offline roots and removes only missing local resources under accessible roots (0.393584ms)
  ✔ aborts cleanup when a local path cannot be audited (0.268041ms)
  ✔ treats a root that becomes unreadable after traversal as offline (0.137917ms)
  ✔ rechecks the frozen root identity immediately before cleanup writes (0.115333ms)
  ✔ does not run cleanup after cancellation and releases the mutual-exclusion lease (0.158875ms)
  ✔ keeps resources after a coordinator-level failure (0.130625ms)
  ✔ skips every destructive cleanup after a file processing failure (0.091167ms)
  ✔ replaces the unrecognized-file snapshot after every safe completed scan (0.101958ms)
  ✔ completes safe cleanup with errors when failures are isolated to STRM files (0.135125ms)
  ✔ consumes deferred path cleanup only after a successful uncancelled scan (0.084416ms)
  ✔ keeps deferred path cleanup queued after a partial folder scan (0.097625ms)
  ✔ allows a full cleanup-only scan after the final configured folder was removed (0.054334ms)
  ✔ removes many non-primary resources without reading sibling resource lists (2.144416ms)
  ✔ consumes cleanup references lazily and closes iteration on a path failure (0.228875ms)
  ✔ preserves all three cleanup audit sequences above the argument limit (272.669042ms)
  ✔ removes resource-less memberships after deferred cleanup on a safe full scan (0.263541ms)
  ✔ persists a sanitized failed summary without running destructive cleanup (0.234792ms)
  ✔ rolls back resource cleanup and keeps pending roots when auto-delete fails (0.173709ms)
  ✔ keeps pending roots when the cleanup transaction cannot commit (0.16025ms)
  ✔ rejects duplicate scans and scans blocked by resource maintenance (12.845208ms)
✔ ScanCoordinator (309.207167ms)
✔ reads pending audit summaries with only referenced groups and all exact pending paths (0.171542ms)
✔ skips the pending audit DB reader for no-files (0.076167ms)
✔ skips the pending audit DB reader for non-pending (0.034709ms)
✔ skips the pending audit DB reader for pending-without-group (0.029375ms)
✔ keeps original first root for cleanup and unrecognized summary with parent-first (0.270709ms)
✔ keeps original first root for cleanup and unrecognized summary with child-first (0.063375ms)
✔ uses the early realPath alias for cleanup but only configured paths for summary (0.117541ms)
✔ does not try a later matching root after cleanup-present authorization fails (0.114875ms)
✔ does not try a later matching root after cleanup-missing authorization fails (0.059875ms)
✔ does not try a later matching root after summary authorization fails (0.065583ms)
✔ reauthorizes the first matching root for unknown pending paths without inspecting unmatched paths or falling back (0.14275ms)
▶ scanFolders
  ✔ rejects an archived library atomically when manual import resumes after probing (13.234583ms)
  ✔ rejects manual import when the root is physically replaced while duration probing is suspended (10.830334ms)
Scan error for /var/folders/h4/zxrt6zwx6dv1n16kwxzltqgh0000gn/T/javdex-scan-qpz5yC/scan-replaced-root/RACE-003.mp4 Error: 只能操作身份有效的启用媒体库根目录内文件
    at rejectManagedRootFile (/Users/nut/Project/JavdexLabs/Javdex/src/main/services/mediaLibraryRootFileGuard.ts:32:9)
    at requireCurrentRootIdentity (/Users/nut/Project/JavdexLabs/Javdex/src/main/services/mediaLibraryRootFileGuard.ts:86:5)
    at assertRootFile (/Users/nut/Project/JavdexLabs/Javdex/src/main/services/mediaLibraryRootFileGuard.ts:98:27)
    at assertMediaLibraryRootFile (/Users/nut/Project/JavdexLabs/Javdex/src/main/services/mediaLibraryRootFileGuard.ts:170:3)
    at authorizeMediaLibraryRootFile (/Users/nut/Project/JavdexLabs/Javdex/src/main/services/mediaLibraryRootFileGuard.ts:230:3)
    at authorizeFileWrite (/Users/nut/Project/JavdexLabs/Javdex/src/main/scanner/scanner.ts:680:7)
    at scanFolders (/Users/nut/Project/JavdexLabs/Javdex/src/main/scanner/scanner.ts:1195:7)
    at async TestContext.<anonymous> (/Users/nut/Project/JavdexLabs/Javdex/src/main/scanner/scanner.test.ts:447:20)
    at async Test.run (node:internal/test_runner/test:1332:7)
    at async Suite.processPendingSubtests (node:internal/test_runner/test:911:7)
  ✔ keeps scan state unchanged when a frozen root is physically replaced during probing (15.659416ms)
Scan error for /var/folders/h4/zxrt6zwx6dv1n16kwxzltqgh0000gn/T/javdex-scan-FMkkvJ/rename-import-replaced-root/RACE-004.mp4 Error: 只能操作身份有效的启用媒体库根目录内文件
    at rejectManagedRootFile (/Users/nut/Project/JavdexLabs/Javdex/src/main/services/mediaLibraryRootFileGuard.ts:32:9)
    at requireCurrentRootIdentity (/Users/nut/Project/JavdexLabs/Javdex/src/main/services/mediaLibraryRootFileGuard.ts:86:5)
    at assertRootFile (/Users/nut/Project/JavdexLabs/Javdex/src/main/services/mediaLibraryRootFileGuard.ts:98:27)
    at assertMediaLibraryRootFile (/Users/nut/Project/JavdexLabs/Javdex/src/main/services/mediaLibraryRootFileGuard.ts:170:3)
    at authorizeMediaLibraryRootFile (/Users/nut/Project/JavdexLabs/Javdex/src/main/services/mediaLibraryRootFileGuard.ts:230:3)
    at authorizeFileWrite (/Users/nut/Project/JavdexLabs/Javdex/src/main/scanner/scanner.ts:680:7)
    at scanFolders (/Users/nut/Project/JavdexLabs/Javdex/src/main/scanner/scanner.ts:1125:9)
    at async renameAndImport (/Users/nut/Project/JavdexLabs/Javdex/src/main/scanner/scanner.ts:1527:20)
    at async TestContext.<anonymous> (/Users/nut/Project/JavdexLabs/Javdex/src/main/scanner/scanner.test.ts:536:19)
    at async Test.run (node:internal/test_runner/test:1332:7)
  ✔ does not commit or rename a replacement-root file when rename-import resumes after probing (15.895125ms)
  ✔ rejects a disabled target root at the resource transaction boundary (8.645417ms)
  ✔ reuses archived local and STRM source paths without crossing library ownership (14.511208ms)
  ✔ imports mixed local and STRM resources into one video and keeps the local file primary (11.243667ms)
  ✔ chooses the scan primary independently of directory entry order (10.589958ms)
  ✔ reselects the primary when scanning into an existing resource-less video (10.259583ms)
  ✔ keeps mixed local and STRM resources in one masked pending group (11.492542ms)
  ✔ rejects a stale pending STRM assignment, refreshes its snapshot, then accepts it (10.970458ms)
  ✔ removes an invalidated STRM snapshot from the pending group on a later scan (12.0135ms)
  ✔ syncs a changed STRM target in place while preserving primary and user-maintained fields (10.918875ms)
  ✔ isolates invalid STRM files and retries them without replacing a bound target (14.78775ms)
  ✔ relocates STRM only when the complete filename and target identify one missing source (12.009708ms)
  ✔ loads STRM candidates once per scan across imports, moves and pending writes (162.103375ms)
  ✔ relocates a bound STRM after its video code has been corrected (9.672125ms)
  ✔ holds new resources for confirmation when several videos already use the code (7.680958ms)
  ✔ keeps an already-pending path out of relocation and refreshes its pending snapshot (7.390833ms)
  ✔ holds a same-scan multi-file code together when automatic assignment is disabled (7.063292ms)
  ✔ does not let an invalid STRM force a valid same-code video into confirmation (7.814458ms)
  ✔ persists a pending scan group across database reopen and assigns it atomically (9.635167ms)
  ✔ rolls back every scan assignment when final pending-group deletion fails (8.021542ms)
  ✔ imports one unambiguous file normally when automatic assignment is disabled (7.534209ms)
  ✔ holds a new resource that matches one existing video when automatic assignment is disabled (6.888167ms)
  ✔ promotes the available resource when assigning into an existing video without a primary (7.451583ms)
  ✔ normalizes a manual code and attaches to an existing case-insensitive identity (33.67275ms)
  ✔ aborts when a nested directory cannot be audited (6.575292ms)
  ✔ imports a symbolic-link video by its link path and file name (8.141625ms)
  ✔ does not follow symbolic-link directories (6.512042ms)
  ✔ silently skips a broken symbolic-link video (6.192083ms)
  ✔ leaves missing-resource cleanup to the high-level scan coordinator (8.147667ms)
  ✔ keeps distinct symbolic-link paths that point to the same target (8.367209ms)
  ✔ keeps a resource under an unavailable root when the same code appears online (8.964791ms)
  ✔ relocates one same-code video by a unique file-size match without requiring the old name (7.095041ms)
  ✔ uses full file name and size to relocate safely when several videos share a code (7.616625ms)
  ✔ does not relocate when full file name and size match more than one duplicate-code video (7.3405ms)
  ✔ treats a new file normally when an old same-code path cannot be audited (8.255459ms)
  ✔ keeps an unrecognized rename and only rediscovers the renamed file (11.107667ms)
  ✔ uses the scan same-code pending flow when automatic merging is disabled (10.74925ms)
  ✔ renames and discovers the code without a manual code or target (8.246584ms)
  ✔ renames and imports an unrecognized STRM as a source-managed link (8.53275ms)
  ✔ imports recognized videos and reports unrecognized files (12.47475ms)
  ✔ reuses scanned directory entries when checking a directory without NFO files (38.222416ms)
  ✔ refreshes a changed local identity snapshot on rescan before user confirmation (9.148209ms)
  ✔ refreshes a changed strm identity snapshot on rescan before user confirmation (9.226917ms)
  ✔ uses NFO identity only for newly discovered resources when automatic import is enabled (11.359542ms)
  ✔ yields between immediately resolved NFO batches so abort runs without losing committed audits or primaries (45.115917ms)
  ✔ yields while delivering final audits but drains every committed entry and reports cancellation (41.547125ms)
  ✔ yields inside one committed NFO batch and retains imported audits for all its anchors (39.0505ms)
  ✔ yields between completed primary selections and still settles every committed resource after abort (40.60525ms)
  ✔ handles cancellation during the only or first NFO application and preserves committed file audits (16.426042ms)
  ✔ aggregates first-discovery NFO candidates once per video after all resources are assigned (8.979125ms)
  ✔ does not count an existing pending resource identity as a new same-code file (9.1445ms)
  ✔ keeps distinct local NFO candidates in the existing confirmation workflow (12.378833ms)
  ✔ persists a filename/NFO identity conflict without creating formal library records (7.301708ms)
  ✔ persists only a masked STRM target projection for an NFO identity conflict (6.931ms)
  ✔ keeps a valid filename import when its NFO is invalid and records only a secondary warning (8.283166ms)
  ✔ uses NFO identity across libraries but never overwrites a globally scraped-success video (8.600792ms)
  ✔ applies local NFO with fill-empty semantics for new and failed videos (12.325583ms)
  ✔ reattaches a scanned file to an existing no-resource video without replacing metadata (6.852541ms)
  ✔ yields while scanning large batches (43.554125ms)
  ✔ collects a very large root without overflowing call arguments before cancellation (1145.478875ms)
  ✔ stops when cancelled (27.111625ms)
  ✔ skips new imports shorter than 30 minutes (7.62ms)
  ✔ skips short files before unrecognized handling (7.115333ms)
  ✔ stores probed duration on import (8.245042ms)
  ✔ refreshes duration when the file changes on rescan (8.70125ms)
  ✔ skips duration probe on rescan when file is unchanged (8.571333ms)
  ✔ emits one final audit outcome for every processed file (7.465292ms)
✔ scanFolders (2189.866583ms)
✔ matches final legacy callbacks on equivalent fresh catalogs including merged NFO and repeated paths (49.106958ms)
✔ commits singleton audit deliveries while the next duration probe is held, outside a database transaction (14.418958ms)
✔ timer cancellation preserves already committed entries and stops incremental delivery (16.863708ms)
✔ rejects mutually exclusive sinks before database, directory, probe or callback work (8.131292ms)
✔ propagates recordFile sink failure without converting it to processing_failure (10.14125ms)
✔ propagates readFileNfo sink failure without converting it to processing_failure (12.181583ms)
✔ propagates patchNfo sink failure without converting it to processing_failure (11.462458ms)
✔ treats a missing NFO patch target after a successful read as fatal (10.627458ms)
✔ rejects recordFile resolved thenables without late unhandled rejection (11.244833ms)
✔ rejects recordFile rejected thenables without late unhandled rejection (11.6295ms)
✔ rejects readFileNfo resolved thenables without late unhandled rejection (10.323708ms)
✔ rejects readFileNfo rejected thenables without late unhandled rejection (11.864334ms)
✔ rejects patchNfo resolved thenables without late unhandled rejection (11.241458ms)
✔ rejects patchNfo rejected thenables without late unhandled rejection (11.571625ms)
✔ atomically rolls back STRM target-update on native audit INSERT failure and retries with committed visibility (17.002042ms)
✔ atomically rolls back STRM relocation on native audit INSERT failure and retries with committed visibility (15.940875ms)
✔ rolls back invalid STRM pending deletion on native audit failure and retries with one committed failure (12.7345ms)
✔ rolls back local new-video business rows with native audit failure and retries atomically (13.800167ms)
✔ rolls back local existing-video business rows with native audit failure and retries atomically (16.270208ms)
✔ rolls back local must-confirm business rows with native audit failure and retries atomically (16.797959ms)
✔ rolls back local relocation business rows with native audit failure and retries atomically (15.926667ms)
✔ rolls back local identity-create on native audit failure and commits retry with matching pending state (12.827875ms)
✔ rolls back local identity-refresh on native audit failure and commits retry with matching pending state (14.356ms)
✔ rolls back local pending-refresh on native audit failure and commits retry with matching pending state (13.500208ms)
✔ rolls back strm identity-create on native audit failure and commits retry with matching pending state (11.144ms)
✔ rolls back strm identity-refresh on native audit failure and commits retry with matching pending state (10.624792ms)
✔ rolls back strm pending-refresh on native audit failure and commits retry with matching pending state (13.389791ms)
✔ matches unique missing sources and retains filename, target, root and uncertainty rules (0.820667ms)
✔ incrementally tracks same-scan insertions and target/path changes, but invalidates unknown writes (0.184042ms)
✔ does not acknowledge unrelated writes or a failed mutation as a complete cache update (0.142167ms)
✔ retains the cache for known pending writes but cannot hide an intervening external write (0.172375ms)
✔ examines one matching candidate per lookup in a 10000-resource relocation (68.267084ms)
✔ examines one matching candidate per lookup in a 20000-resource relocation (128.938666ms)
✔ examines one matching candidate per lookup in a 300382-resource relocation (1307.120083ms)
✔ examines one matching candidate per lookup in a 600764-resource relocation (2568.5375ms)
✔ indexes target keys as well as filenames when many directories use the same filename (65.831083ms)
ℹ tests 169
ℹ suites 2
ℹ pass 169
ℹ fail 0
ℹ cancelled 0
ℹ skipped 0
ℹ todo 0
ℹ duration_ms 4355.851416
