▶ scan latest IPC handler
  ✔ validates libraryId and forwards the scoped latest snapshot (1.155875ms)
✔ scan latest IPC handler (1.441416ms)
✔ bounds the combined audit presence request and validates its library (0.680209ms)
✔ bounds scan pages and validates scoped detail and anchor inputs (0.391708ms)
✔ routes audit header/page through the async reader with trusted budgets and strict scope (0.51425ms)
✔ routes combined view pages with trusted budgets and preserves query and result fields (0.506625ms)
✔ accepts every combined tab/outcome/filter, canonicalizable locales and strict failed anchors (1.025334ms)
✔ rejects invalid combined queries, locales, anchors, snapshots and argument counts (1.377ms)
✔ propagates combined reader errors instead of falling back to another snapshot or raw page (0.202417ms)
✔ rejects invalid reveal paths before permission lookup and retains strict IPC arguments (0.217541ms)
✔ does not access or reveal an unauthorized audit path (0.091959ms)
✔ returns a handled verification error when the permission reader rejects (0.04725ms)
✔ awaits permission and asynchronous access before revealing the original path exactly once (0.083083ms)
✔ returns fileMissing on asynchronous access failure without revealing (0.089459ms)
▶ libraryScanAuditStore
  ✔ atomically replaces and restores the complete latest audit (1.932667ms)
  ✔ fails closed for malformed audit documents (0.500583ms)
  ✔ reads schema 2 NFO dispositions while retaining schema 1 compatibility (1.041334ms)
✔ libraryScanAuditStore (3.905042ms)
✔ executes real read-only tag queries and observes writes through the worker cache (31.90875ms)
✔ rejects a changed catalog version at worker startup without migration (22.482875ms)
✔ settles in-flight initialization and queued requests when disposed (22.049084ms)
✔ executes all classification cover pages on the readonly worker and observes committed writes (34.475917ms)
✔ rejects image initialization against an incompatible schema without rewriting it (21.740792ms)
✔ reads bounded audit pages in the real worker, isolates operations and observes audit replacement (47.604625ms)
✔ reads audit headers on the real worker without building an index from the audit body (23.309334ms)
✔ reads combined views in the real worker, upgrades raw pages and rebuilds after writes and failures (58.001ms)
✔ keeps missing-body pending pages available and rejects a superseded summary on the real worker (56.783041ms)
✔ checks latest audit paths on the real worker and rejects invalid later entries after a match (21.314208ms)
✔ counts merged subscribers toward capacity, normalizes keys, and clones each successful result (2.799583ms)
✔ serializes different revisions and keeps a folded expanding query valid in the payload (0.25ms)
✔ rejects old generation on identity change and waits for termination (3.986833ms)
✔ rejects old generation on path change and waits for termination (0.59775ms)
✔ removes queued aborts but retains an executing slot after all subscribers abort (0.694459ms)
✔ one subscriber abort does not cancel another or retain its signal listener (0.414833ms)
✔ rejects all accepted on startup timeout, without retry or overlapping workers (18.280542ms)
✔ rejects all accepted on query timeout, without retry or overlapping workers (16.567333ms)
✔ rejects all accepted on exit, without retry or overlapping workers (0.816667ms)
✔ rejects all accepted on error, without retry or overlapping workers (0.49775ms)
✔ rejects all accepted on protocol error, without retry or overlapping workers (0.234584ms)
✔ dispose closes admission immediately and waits for a running termination (0.200541ms)
✔ fails closed if termination rejects and rejects requests waiting for replacement (0.192458ms)
✔ rejects invalid queries before creating a worker and contains factory/post failures (0.157833ms)
✔ bounds subscribers while termination is pending and supersedes a waiting generation (0.383667ms)
✔ does not launch work after repeated queued cancellations before ready (0.689125ms)
✔ contains unexpected messages and dispose drains an already-started replacement barrier (0.0515ms)
✔ expires waiting subscribers and frees capacity while native termination remains pending (0.844667ms)
✔ keeps independent waiting deadlines for coalesced subscribers and clears them at execution (0.1385ms)
✔ never executes a page whose only subscriber expired before ready (0.071708ms)
✔ shares admission across tag/image requests, keys entity kinds separately and copies caller inputs (0.314042ms)
✔ retains the executing image slot after cancellation and retires it before switching databases (0.3415ms)
✔ validates image requests before allocating a reader (0.123416ms)
✔ shares audit admission with tag/image work, coalesces snapshots and copies audit budgets (0.37225ms)
✔ rejects invalid audit requests before allocation and removes an aborted queued audit (0.127416ms)
✔ copies view anchors before allocation, coalesces defaults, and shares capacity with raw/header/tag requests (6.640084ms)
✔ rejects invalid combined views without a worker and drops canceled queued view requests (0.272083ms)
✔ shares bounded admission for audit path checks and delivers false without mixing page results (0.450458ms)
✔ matches legacy validation and folded path membership across all permitted sources (12.304208ms)
✔ uses the latest non-null run, ignores summary identity and allows indexed unrecognized paths without parsing bad audit (8.33275ms)
✔ never parses the complete body in JavaScript and validates later entries after an early path match (15.646917ms)
✔ keeps authorization on one WAL snapshot when a writer replaces the audit during entry validation (8.078292ms)
✔ fails closed on duplicate known fields and object strings instead of object entries (7.947417ms)
✔ checks the trusted source cap before parsing audit JSON (7.186417ms)
ℹ tests 60
ℹ suites 2
ℹ pass 60
ℹ fail 0
ℹ cancelled 0
ℹ skipped 0
ℹ todo 0
ℹ duration_ms 612.156333
