▶ LibraryScanAuditPanel
  ✔ defaults to the attention tab even when the latest scan has no issues (208.282875ms)
  ✔ keeps cached unrecognized files visible with their root-scoped resolution controls (2.806208ms)
  ✔ does not describe current scan failures as resolved (0.846583ms)
  ✔ offers a processing jump for cached unrecognized rows in the all-files tab (1.789583ms)
  ✔ shows an NFO identity conflict as a secondary scan disposition and opens the pending center (1.752791ms)
  ✔ routes a current NFO candidate to its scrape pending item (1.022292ms)
  ✔ shows historical NFO pending dispositions as resolved when their current rows are gone (0.767625ms)
  ✔ keeps the attention badge equal to the visible list when only an NFO warning exists (0.700083ms)
✔ LibraryScanAuditPanel (218.466542ms)
✔ limits a large failed audit to100 visible rows and queries only their pending IDs (16.796416ms)
✔ routes all three kinds from one mixed pending presence response (1.110375ms)
✔ keeps a stable audit anchor when a historical group is no longer pending (0.659125ms)
▶ file scan audit presentation
  ✔ added new video (0.9805ms)
  ✔ added existing video (0.056291ms)
  ✔ updated relocated (0.045666ms)
  ✔ updated metadata (0.050917ms)
  ✔ updated STRM (0.056959ms)
  ✔ pending new local (0.050166ms)
  ✔ pending retained STRM (0.031834ms)
  ✔ pending empty code and zero group (0.031042ms)
  ✔ skipped unchanged with video (0.056458ms)
  ✔ skipped short without video (0.061958ms)
  ✔ skipped duplicate with zero video (0.038666ms)
  ✔ unrecognized (0.038125ms)
  ✔ STRM failure (0.038625ms)
  ✔ processing failure (0.044625ms)
  ✔ preserves caller indices, path fallback and explicit undefined fields (0.076333ms)
✔ file scan audit presentation (2.144416ms)
▶ NFO secondary presentation
  ✔ imported: every primary outcome, warnings and attention (0.263542ms)
  ✔ skipped: every primary outcome, warnings and attention (0.112584ms)
  ✔ warning: every primary outcome, warnings and attention (0.117375ms)
  ✔ pending-candidate: every primary outcome, warnings and attention (0.105333ms)
  ✔ identity-conflict: every primary outcome, warnings and attention (0.100959ms)
  ✔ uses only the disposition-specific non-null pending id, including zero (0.070292ms)
✔ NFO secondary presentation (0.835042ms)
▶ resource scan audit presentation
  ✔ missing: full fields, source/title/display fallback and kinds (0.334958ms)
  ✔ removed_library_path: full fields, source/title/display fallback and kinds (0.239125ms)
  ✔ promoted_after_removal: full fields, source/title/display fallback and kinds (0.261333ms)
✔ resource scan audit presentation (0.861958ms)
✔ keeps optional enrichment fields structurally available without enriching raw views (0.03625ms)
ℹ tests 36
ℹ suites 4
ℹ pass 36
ℹ fail 0
ℹ cancelled 0
ℹ skipped 0
ℹ todo 0
ℹ duration_ms 386.583292
