▶ scan latest IPC handler
  ✔ validates libraryId and forwards the scoped latest snapshot (2.873458ms)
✔ scan latest IPC handler (3.560208ms)
✔ bounds the combined audit presence request and validates its library (2.036459ms)
✔ bounds scan pages and validates scoped detail and anchor inputs (1.076625ms)
✔ routes audit header/page through the async reader with trusted budgets and strict scope (3.084292ms)
✔ routes combined view pages with trusted budgets and preserves query and result fields (1.299167ms)
✔ accepts every combined tab/outcome/filter, canonicalizable locales and strict failed anchors (3.479458ms)
✔ rejects invalid combined queries, locales, anchors, snapshots and argument counts (2.534041ms)
✔ propagates combined reader errors instead of falling back to another snapshot or raw page (0.474292ms)
✔ rejects invalid reveal paths before permission lookup and retains strict IPC arguments (0.785208ms)
✔ does not access or reveal an unauthorized audit path (0.287958ms)
✔ returns a handled verification error when the permission reader rejects (0.211792ms)
✔ awaits permission and asynchronous access before revealing the original path exactly once (0.227583ms)
✔ returns fileMissing on asynchronous access failure without revealing (0.197042ms)
✔ native removedResources audit INSERT failure rolls back real cleanup tables and retries without phantom counts (39.396625ms)
✔ native promotedResources audit INSERT failure rolls back real cleanup tables and retries without phantom counts (28.430958ms)
✔ native deletedVideos audit INSERT failure rolls back real cleanup tables and retries without phantom counts (29.481042ms)
✔ rejects resolved async cleanup callbacks and rolls back synchronous writes (15.722458ms)
✔ rejects rejected async cleanup callbacks and rolls back synchronous writes (20.932667ms)
✔ copies deferred cleanup events into legacy audit only after the outer transaction commits (36.093333ms)
✔ rejects an SQL-ignored remove write without emitting its audit and rolls back earlier cleanup (24.71525ms)
✔ rejects an SQL-ignored promote write without emitting its audit and rolls back earlier cleanup (15.95325ms)
▶ ScanCoordinator
  ✔ coalesces display progress while preserving per-file callbacks and the final event (23.296167ms)
  ✔ flushes pending progress before a failure without delaying the failure event (0.971375ms)
  ✔ binds an offline-created root identity and refreshes the frozen snapshot before scanning (1.326041ms)
  ✔ persists matching complete audit details with the latest summary (0.331ms)
  ✔ publishes scan lifecycle events for every trigger (0.230833ms)
  ✔ uses one frozen configuration snapshot for the complete run (0.169375ms)
  ✔ reconciles resource identity pending rows only under roots proven safe after traversal (0.198042ms)
  ✔ preserves offline roots and removes only missing local resources under accessible roots (0.415041ms)
  ✔ aborts cleanup when a local path cannot be audited (0.394ms)
  ✔ treats a root that becomes unreadable after traversal as offline (0.487083ms)
  ✔ rechecks the frozen root identity immediately before cleanup writes (0.34625ms)
  ✔ does not run cleanup after cancellation and releases the mutual-exclusion lease (0.440291ms)
  ✔ keeps resources after a coordinator-level failure (0.470542ms)
  ✔ skips every destructive cleanup after a file processing failure (0.263959ms)
  ✔ replaces the unrecognized-file snapshot after every safe completed scan (0.57375ms)
  ✔ completes safe cleanup with errors when failures are isolated to STRM files (0.355042ms)
  ✔ consumes deferred path cleanup only after a successful uncancelled scan (0.147542ms)
  ✔ keeps deferred path cleanup queued after a partial folder scan (0.124667ms)
  ✔ allows a full cleanup-only scan after the final configured folder was removed (0.076958ms)
  ✔ removes many non-primary resources without reading sibling resource lists (5.485458ms)
  ✔ consumes cleanup references lazily and closes iteration on a path failure (0.244791ms)
  ✔ preserves all three cleanup audit sequences above the argument limit (439.230209ms)
  ✔ removes resource-less memberships after deferred cleanup on a safe full scan (0.295458ms)
  ✔ persists a sanitized failed summary without running destructive cleanup (0.192291ms)
  ✔ rolls back resource cleanup and keeps pending roots when auto-delete fails (0.162875ms)
  ✔ keeps pending roots when the cleanup transaction cannot commit (0.133083ms)
  ✔ rejects duplicate scans and scans blocked by resource maintenance (6.956583ms)
✔ ScanCoordinator (484.629375ms)
✔ reads pending audit summaries with only referenced groups and all exact pending paths (0.1675ms)
✔ skips the pending audit DB reader for no-files (0.070208ms)
✔ skips the pending audit DB reader for non-pending (0.032458ms)
✔ skips the pending audit DB reader for pending-without-group (0.031333ms)
✔ keeps original first root for cleanup and unrecognized summary with parent-first (0.21775ms)
✔ keeps original first root for cleanup and unrecognized summary with child-first (0.058875ms)
✔ uses the early realPath alias for cleanup but only configured paths for summary (0.109083ms)
✔ does not try a later matching root after cleanup-present authorization fails (0.489458ms)
✔ does not try a later matching root after cleanup-missing authorization fails (0.485958ms)
✔ does not try a later matching root after summary authorization fails (0.104209ms)
✔ reauthorizes the first matching root for unknown pending paths without inspecting unmatched paths or falling back (0.363416ms)
✔ defaults to real incremental entries and publishes the same NFO/pending/cleanup audit as explicit legacy JSON (93.872083ms)
✔ rolls run admission and state back when starting the audit manifest fails (15.399792ms)
✔ does not falsely complete or replace old unrecognized rows after persistent file failure (20.277292ms)
✔ does not falsely complete or replace old unrecognized rows after persistent cleanup failure (40.748083ms)
✔ does not falsely complete or replace old unrecognized rows after persistent pending-refresh failure (48.842792ms)
✔ does not falsely complete or replace old unrecognized rows after persistent seal failure (36.874ms)
✔ does not falsely complete or replace old unrecognized rows after persistent publish failure (32.055792ms)
✔ a transient final publication fault cannot expose completed success or replace old unrecognized rows (31.477709ms)
✔ cancellation retains incremental entries and the previous unrecognized snapshot (28.2875ms)
✔ preserves committed partial counts on second-file storage failure (27.898125ms)
✔ preserves committed partial counts on nfo-tail storage failure (27.724459ms)
✔ leaves persistent failed-terminalization recoverable and startup preserves durable entries (19.248875ms)
Scan error for /var/folders/h4/zxrt6zwx6dv1n16kwxzltqgh0000gn/T/javdex-coordinator-entries-rWJmhm/media/AAA-001.mp4 Error: duration processing fault
    at readDurationSeconds (/Users/nut/Project/JavdexLabs/Javdex/src/main/scanner/scanCoordinatorEntries.test.ts:55:170)
    at scanPreparedFolders (/Users/nut/Project/JavdexLabs/Javdex/src/main/scanner/scanner.ts:1176:32)
    at async scanFolders (/Users/nut/Project/JavdexLabs/Javdex/src/main/scanner/scanner.ts:488:12)
    at async ScanCoordinator.run (/Users/nut/Project/JavdexLabs/Javdex/src/main/scanner/scanCoordinator.ts:319:16)
    at async TestContext.<anonymous> (/Users/nut/Project/JavdexLabs/Javdex/src/main/scanner/scanCoordinatorEntries.test.ts:212:16)
    at async Test.run (node:internal/test_runner/test:1332:7)
    at async Test.processPendingSubtests (node:internal/test_runner/test:911:7)
✔ keeps cleanup blocked for processing failures alongside unrecognized files in entries mode (30.729208ms)
Scan error for /var/folders/h4/zxrt6zwx6dv1n16kwxzltqgh0000gn/T/javdex-coordinator-entries-4vsEKC/media/AAA-001.mp4 Error: duration processing fault
    at readDurationSeconds (/Users/nut/Project/JavdexLabs/Javdex/src/main/scanner/scanCoordinatorEntries.test.ts:55:170)
    at scanPreparedFolders (/Users/nut/Project/JavdexLabs/Javdex/src/main/scanner/scanner.ts:1176:32)
    at async scanFolders (/Users/nut/Project/JavdexLabs/Javdex/src/main/scanner/scanner.ts:488:12)
    at async ScanCoordinator.run (/Users/nut/Project/JavdexLabs/Javdex/src/main/scanner/scanCoordinator.ts:319:16)
    at async TestContext.<anonymous> (/Users/nut/Project/JavdexLabs/Javdex/src/main/scanner/scanCoordinatorEntries.test.ts:212:16)
    at async Test.run (node:internal/test_runner/test:1332:7)
    at async Test.processPendingSubtests (node:internal/test_runner/test:911:7)
✔ keeps cleanup blocked for processing failures alongside unrecognized files in json mode (33.2365ms)
✔ streams many scoped membership deletions into exact ordered audit rows without using the legacy array API (69.427ms)
✔ rolls back a late native audit failure with all earlier deletions, then retries with exact counts (109.428291ms)
✔ retains the explicit JSON cleanup API and legacy audit array contract (23.089667ms)
▶ scanFolders
  ✔ rejects an archived library atomically when manual import resumes after probing (18.262125ms)
  ✔ rejects manual import when the root is physically replaced while duration probing is suspended (10.249667ms)
Scan error for /var/folders/h4/zxrt6zwx6dv1n16kwxzltqgh0000gn/T/javdex-scan-N0JUT9/scan-replaced-root/RACE-003.mp4 Error: 只能操作身份有效的启用媒体库根目录内文件
    at rejectManagedRootFile (/Users/nut/Project/JavdexLabs/Javdex/src/main/services/mediaLibraryRootFileGuard.ts:32:9)
    at requireCurrentRootIdentity (/Users/nut/Project/JavdexLabs/Javdex/src/main/services/mediaLibraryRootFileGuard.ts:86:5)
    at assertRootFile (/Users/nut/Project/JavdexLabs/Javdex/src/main/services/mediaLibraryRootFileGuard.ts:98:27)
    at assertMediaLibraryRootFile (/Users/nut/Project/JavdexLabs/Javdex/src/main/services/mediaLibraryRootFileGuard.ts:170:3)
    at authorizeMediaLibraryRootFile (/Users/nut/Project/JavdexLabs/Javdex/src/main/services/mediaLibraryRootFileGuard.ts:230:3)
    at authorizeFileWrite (/Users/nut/Project/JavdexLabs/Javdex/src/main/scanner/scanner.ts:721:7)
    at scanPreparedFolders (/Users/nut/Project/JavdexLabs/Javdex/src/main/scanner/scanner.ts:1248:7)
    at async scanFolders (/Users/nut/Project/JavdexLabs/Javdex/src/main/scanner/scanner.ts:488:12)
    at async TestContext.<anonymous> (/Users/nut/Project/JavdexLabs/Javdex/src/main/scanner/scanner.test.ts:448:20)
    at async Test.run (node:internal/test_runner/test:1332:7)
  ✔ keeps scan state unchanged when a frozen root is physically replaced during probing (18.970834ms)
Scan error for /var/folders/h4/zxrt6zwx6dv1n16kwxzltqgh0000gn/T/javdex-scan-EmCjlB/rename-import-replaced-root/RACE-004.mp4 Error: 只能操作身份有效的启用媒体库根目录内文件
    at rejectManagedRootFile (/Users/nut/Project/JavdexLabs/Javdex/src/main/services/mediaLibraryRootFileGuard.ts:32:9)
    at requireCurrentRootIdentity (/Users/nut/Project/JavdexLabs/Javdex/src/main/services/mediaLibraryRootFileGuard.ts:86:5)
    at assertRootFile (/Users/nut/Project/JavdexLabs/Javdex/src/main/services/mediaLibraryRootFileGuard.ts:98:27)
    at assertMediaLibraryRootFile (/Users/nut/Project/JavdexLabs/Javdex/src/main/services/mediaLibraryRootFileGuard.ts:170:3)
    at authorizeMediaLibraryRootFile (/Users/nut/Project/JavdexLabs/Javdex/src/main/services/mediaLibraryRootFileGuard.ts:230:3)
    at authorizeFileWrite (/Users/nut/Project/JavdexLabs/Javdex/src/main/scanner/scanner.ts:721:7)
    at scanPreparedFolders (/Users/nut/Project/JavdexLabs/Javdex/src/main/scanner/scanner.ts:1177:9)
    at async scanFolders (/Users/nut/Project/JavdexLabs/Javdex/src/main/scanner/scanner.ts:488:12)
    at async renameAndImport (/Users/nut/Project/JavdexLabs/Javdex/src/main/scanner/scanner.ts:1602:20)
    at async TestContext.<anonymous> (/Users/nut/Project/JavdexLabs/Javdex/src/main/scanner/scanner.test.ts:537:19)
  ✔ does not commit or rename a replacement-root file when rename-import resumes after probing (19.259417ms)
  ✔ rejects a disabled target root at the resource transaction boundary (11.719833ms)
  ✔ reuses archived local and STRM source paths without crossing library ownership (30.296333ms)
  ✔ imports mixed local and STRM resources into one video and keeps the local file primary (20.558833ms)
  ✔ chooses the scan primary independently of directory entry order (16.5555ms)
  ✔ reselects the primary when scanning into an existing resource-less video (16.095834ms)
  ✔ keeps mixed local and STRM resources in one masked pending group (13.383584ms)
  ✔ rejects a stale pending STRM assignment, refreshes its snapshot, then accepts it (12.576833ms)
  ✔ removes an invalidated STRM snapshot from the pending group on a later scan (10.384709ms)
  ✔ syncs a changed STRM target in place while preserving primary and user-maintained fields (11.818041ms)
  ✔ isolates invalid STRM files and retries them without replacing a bound target (20.498292ms)
  ✔ relocates STRM only when the complete filename and target identify one missing source (19.082292ms)
  ✔ loads STRM candidates once per scan across imports, moves and pending writes (208.428792ms)
  ✔ relocates a bound STRM after its video code has been corrected (11.946667ms)
  ✔ holds new resources for confirmation when several videos already use the code (8.437125ms)
  ✔ keeps an already-pending path out of relocation and refreshes its pending snapshot (8.502375ms)
  ✔ holds a same-scan multi-file code together when automatic assignment is disabled (8.809833ms)
  ✔ does not let an invalid STRM force a valid same-code video into confirmation (9.366292ms)
  ✔ persists a pending scan group across database reopen and assigns it atomically (10.981291ms)
  ✔ rolls back every scan assignment when final pending-group deletion fails (10.101291ms)
  ✔ imports one unambiguous file normally when automatic assignment is disabled (8.153334ms)
  ✔ holds a new resource that matches one existing video when automatic assignment is disabled (7.999791ms)
  ✔ promotes the available resource when assigning into an existing video without a primary (8.929208ms)
  ✔ normalizes a manual code and attaches to an existing case-insensitive identity (54.635792ms)
  ✔ aborts when a nested directory cannot be audited (6.556625ms)
  ✔ imports a symbolic-link video by its link path and file name (7.891833ms)
  ✔ does not follow symbolic-link directories (7.288542ms)
  ✔ silently skips a broken symbolic-link video (6.684292ms)
  ✔ leaves missing-resource cleanup to the high-level scan coordinator (11.8105ms)
  ✔ keeps distinct symbolic-link paths that point to the same target (9.601375ms)
  ✔ keeps a resource under an unavailable root when the same code appears online (9.721208ms)
  ✔ relocates one same-code video by a unique file-size match without requiring the old name (8.086083ms)
  ✔ uses full file name and size to relocate safely when several videos share a code (8.371875ms)
  ✔ does not relocate when full file name and size match more than one duplicate-code video (8.64725ms)
  ✔ treats a new file normally when an old same-code path cannot be audited (9.110458ms)
  ✔ keeps an unrecognized rename and only rediscovers the renamed file (11.561458ms)
  ✔ uses the scan same-code pending flow when automatic merging is disabled (12.918542ms)
  ✔ renames and discovers the code without a manual code or target (8.322084ms)
  ✔ renames and imports an unrecognized STRM as a source-managed link (8.910916ms)
  ✔ imports recognized videos and reports unrecognized files (8.107834ms)
  ✔ reuses scanned directory entries when checking a directory without NFO files (41.901834ms)
  ✔ refreshes a changed local identity snapshot on rescan before user confirmation (9.818375ms)
  ✔ refreshes a changed strm identity snapshot on rescan before user confirmation (9.466208ms)
  ✔ uses NFO identity only for newly discovered resources when automatic import is enabled (12.26625ms)
  ✔ yields between immediately resolved NFO batches so abort runs without losing committed audits or primaries (46.135542ms)
  ✔ yields while delivering final audits but drains every committed entry and reports cancellation (38.583709ms)
  ✔ yields inside one committed NFO batch and retains imported audits for all its anchors (33.369583ms)
  ✔ yields between completed primary selections and still settles every committed resource after abort (36.989875ms)
  ✔ handles cancellation during the only or first NFO application and preserves committed file audits (15.040583ms)
  ✔ aggregates first-discovery NFO candidates once per video after all resources are assigned (7.955542ms)
  ✔ does not count an existing pending resource identity as a new same-code file (7.636584ms)
  ✔ keeps distinct local NFO candidates in the existing confirmation workflow (16.525916ms)
  ✔ persists a filename/NFO identity conflict without creating formal library records (9.330667ms)
  ✔ persists only a masked STRM target projection for an NFO identity conflict (10.841083ms)
  ✔ keeps a valid filename import when its NFO is invalid and records only a secondary warning (11.014959ms)
  ✔ uses NFO identity across libraries but never overwrites a globally scraped-success video (10.106125ms)
  ✔ applies local NFO with fill-empty semantics for new and failed videos (14.196083ms)
  ✔ reattaches a scanned file to an existing no-resource video without replacing metadata (12.748791ms)
  ✔ yields while scanning large batches (44.209959ms)
  ✔ collects a very large root without overflowing call arguments before cancellation (956.824583ms)
  ✔ stops when cancelled (25.62275ms)
  ✔ skips new imports shorter than 30 minutes (7.465375ms)
  ✔ skips short files before unrecognized handling (6.211541ms)
  ✔ stores probed duration on import (6.958709ms)
  ✔ refreshes duration when the file changes on rescan (7.162125ms)
  ✔ skips duration probe on rescan when file is unchanged (6.918334ms)
  ✔ emits one final audit outcome for every processed file (6.600917ms)
✔ scanFolders (2164.0515ms)
✔ matches final legacy callbacks on equivalent fresh catalogs including merged NFO and repeated paths (63.605208ms)
✔ commits singleton audit deliveries while the next duration probe is held, outside a database transaction (18.308ms)
✔ timer cancellation preserves already committed entries and stops incremental delivery (23.045292ms)
✔ rejects mutually exclusive sinks before database, directory, probe or callback work (17.039583ms)
✔ propagates recordFile sink failure without converting it to processing_failure (18.639625ms)
✔ propagates readFileNfo sink failure without converting it to processing_failure (18.086708ms)
✔ propagates patchNfo sink failure without converting it to processing_failure (24.895209ms)
✔ treats a missing NFO patch target after a successful read as fatal (24.116916ms)
✔ rejects recordFile resolved thenables without late unhandled rejection (17.90125ms)
✔ rejects recordFile rejected thenables without late unhandled rejection (17.188709ms)
✔ rejects readFileNfo resolved thenables without late unhandled rejection (26.141458ms)
✔ rejects readFileNfo rejected thenables without late unhandled rejection (21.06875ms)
✔ rejects patchNfo resolved thenables without late unhandled rejection (12.440708ms)
✔ rejects patchNfo rejected thenables without late unhandled rejection (15.688083ms)
✔ atomically rolls back STRM target-update on native audit INSERT failure and retries with committed visibility (19.481542ms)
✔ atomically rolls back STRM relocation on native audit INSERT failure and retries with committed visibility (16.637708ms)
✔ rolls back invalid STRM pending deletion on native audit failure and retries with one committed failure (19.5045ms)
✔ rolls back local new-video business rows with native audit failure and retries atomically (24.230666ms)
✔ rolls back local existing-video business rows with native audit failure and retries atomically (23.482625ms)
✔ rolls back local must-confirm business rows with native audit failure and retries atomically (20.650708ms)
✔ rolls back local relocation business rows with native audit failure and retries atomically (25.436167ms)
✔ rolls back strm new-video business rows with native audit failure and retries atomically (20.792959ms)
✔ rolls back strm existing-video business rows with native audit failure and retries atomically (21.409542ms)
✔ rolls back strm must-confirm business rows with native audit failure and retries atomically (21.04875ms)
✔ rolls back local identity-create on native audit failure and commits retry with matching pending state (14.46775ms)
✔ rolls back local identity-refresh on native audit failure and commits retry with matching pending state (12.274791ms)
✔ rolls back local pending-refresh on native audit failure and commits retry with matching pending state (12.578875ms)
✔ rolls back strm identity-create on native audit failure and commits retry with matching pending state (12.668917ms)
✔ rolls back strm identity-refresh on native audit failure and commits retry with matching pending state (11.587458ms)
✔ rolls back strm pending-refresh on native audit failure and commits retry with matching pending state (12.305583ms)
✔ rolls back registered local fingerprint-backfill on audit failure, retries and leaves skipped probes unchanged (19.485458ms)
✔ rolls back registered local changed-fingerprint on audit failure, retries and leaves skipped probes unchanged (13.700416ms)
Scan error for /var/folders/h4/zxrt6zwx6dv1n16kwxzltqgh0000gn/T/javdex-scanner-sink-faas2E/media/AUTH-001.mp4 MediaLibraryRepoError: 媒体库根目录不存在、已停用或不属于该媒体库。
    at requireActivePersistedRoot (/Users/nut/Project/JavdexLabs/Javdex/src/main/services/mediaLibraryRootFileGuard.ts:203:11)
    at authorizeMediaLibraryRootFile (/Users/nut/Project/JavdexLabs/Javdex/src/main/services/mediaLibraryRootFileGuard.ts:229:16)
    at authorizeFileWrite (/Users/nut/Project/JavdexLabs/Javdex/src/main/scanner/scanner.ts:721:7)
    at scanPreparedFolders (/Users/nut/Project/JavdexLabs/Javdex/src/main/scanner/scanner.ts:1079:22)
    at async scanFolders (/Users/nut/Project/JavdexLabs/Javdex/src/main/scanner/scanner.ts:488:12) {
  code: 'ROOT_NOT_FOUND',
  conflict: undefined,
  currentRevision: undefined
}
✔ rechecks root authorization after an awaited registered-resource probe before writing business fields (11.674292ms)
✔ NFO transaction callback fault (11.945458ms)
✔ NFO transaction callback unchanged (12.308834ms)
✔ NFO transaction callback postcommit-warnings (11.369792ms)
✔ links real local NFO parsing and business apply to scanner audit rollback, then retries the captured NFO transaction (16.288125ms)
✔ transfers stopped partial counts including pending groups when a later NFO audit fails (11.412417ms)
✔ does not rebuild the STRM relocation index for every audit-only write in a mixed scan (19.394042ms)
✔ counts repeated unknown attempts independently of the single upserted audit row (42.158417ms)
✔ matches detailed default counts and imports while summary omits per-file arrays (51.064917ms)
✔ detailed mp4 fatal partial counts include only successfully persisted unknown files (11.547291ms)
✔ detailed strm fatal partial counts include only successfully persisted unknown files (19.068792ms)
✔ summary mp4 fatal partial counts include only successfully persisted unknown files (13.397084ms)
✔ summary strm fatal partial counts include only successfully persisted unknown files (16.636083ms)
✔ preserves committed import counts in compact fatal partial results (19.728083ms)
✔ returns compact cancellation with committed counts and rejects summary without a sink before work (13.931292ms)
✔ allowlists completion fields even when a summary-shaped input carries detailed properties (20.640791ms)
✔ keeps serialized completion size independent of many actual unknown paths apart from counter digits (382.325375ms)
ℹ Completion JSON: 1 unknown=297 bytes; 300 unknown=303 bytes (not a whole-scan RSS measure)
▶ AutomaticScanScheduler
  ✔ runs every due library in stable order from independent persisted state (1.235166ms)
  ✔ runs an already-enabled library with no scan history after the startup delay (0.089791ms)
  ✔ calculates each library due time from its own interval and last finished time (0.21725ms)
  ✔ waits one full interval after a library is newly enabled (0.181167ms)
  ✔ skips disabled, rootless and not-yet-due libraries (0.088166ms)
  ✔ runs a due rootless library when it still has deferred cleanup work (0.080584ms)
  ✔ defers while maintenance is busy and rechecks on the next poll (0.087166ms)
  ✔ isolates one library failure and continues the serial due queue (0.227666ms)
  ✔ keeps startup, resume, and every due library globally serial (0.242375ms)
  ✔ uses the resume delay and clears all scheduled work on stop (0.120916ms)
✔ AutomaticScanScheduler (3.146584ms)
▶ libraryPathCleanupService
  ✔ previews only resources owned by the selected library and root (14.613375ms)
  ✔ previews and safely cleans a disabled root including pending and diagnostic rows (11.477208ms)
  ✔ confirms with the current revision and queues an identity snapshot without deleting data (7.898166ms)
  ✔ rejects a confirmation when scan-owned resources changed after preview without a revision bump (9.268666ms)
  ✔ removes and promotes resources only inside the confirmed library and root (11.994792ms)
  ✔ lets a cleanup-only scan consume the last removed root without touching another library (13.091583ms)
  ✔ recovers an offline legacy cleanup intent when a later full scan sees the root online (10.031959ms)
  ✔ keeps an overlapping legacy cleanup root waiting during a later full scan (13.561541ms)
  ✔ keeps an overlapping parent legacy cleanup root waiting during a later full scan (11.742458ms)
  ✔ keeps a realpath-alias legacy cleanup root waiting across libraries (12.331708ms)
  ✔ fails closed when a confirmed root is offline (7.926709ms)
  ✔ fails closed when the path now resolves to a replacement directory (8.463459ms)
  ✔ cancels a failed removal into a disabled, archiveable root without deleting records (9.959875ms)
  ✔ completes a confirmed cleanup after an unrelated library configuration edit (8.504667ms)
  ✔ rolls back resource removal, promotion, root state, and job completion together (8.471375ms)
✔ libraryPathCleanupService (160.058583ms)
✔ rolls back cleanup and audit writes on a native audit INSERT failure, then retries with safe source entries (8.676292ms)
✔ rejects resolved thenable cleanup callbacks without committing or leaking a rejection (10.696459ms)
✔ rejects rejected thenable cleanup callbacks without committing or leaking a rejection (9.925042ms)
✔ does not emit planned audit facts if the batch skips a resource deletion (9.594708ms)
✔ does not load hidden scan history, including manual refresh and invalidation, and releases completed data (66.368666ms)
✔ discards pending results after leaving and re-entering or switching libraries (37.77325ms)
✔ exposes history load errors and retries without treating failure as an empty history (23.736833ms)
✔ advances page refresh revision even when the returned header is unchanged (21.474667ms)
✔ accepts compact IPC completion without loading full results or hidden audit history (1.216459ms)
✔ accepts compact completion events and ignores a duplicate IPC completion for the same run (1.086042ms)
✔ retries a failed page through the real header controller without issuing the old run again (180.24525ms)
▶ buildLibraryScanNotification
  ✔ keeps a no-change successful scan quiet (0.920125ms)
  ✔ notifies for changes and reports each destructive count separately (0.291666ms)
  ✔ reports a metadata-only resource refresh as an update (0.910083ms)
  ✔ reports pending scan groups and their resource count before ordinary changes (0.065959ms)
  ✔ prioritizes offline and error outcomes over ordinary change notices (0.04425ms)
  ✔ reports isolated STRM failures without exposing target content (0.095875ms)
  ✔ reports a blocking processing failure before isolated STRM failures (0.052125ms)
  ✔ classifies large compact counts without retaining paths or treating unknown files as processing failures (0.068375ms)
✔ buildLibraryScanNotification (3.324875ms)
ℹ tests 239
ℹ suites 6
ℹ pass 239
ℹ fail 0
ℹ cancelled 0
ℹ skipped 0
ℹ todo 0
ℹ duration_ms 3149.794875
