✖ uses a TEMP code count table in actual summary scanning and releases it (14.508084ms)
ℹ tests 1
ℹ suites 0
ℹ pass 0
ℹ fail 1
ℹ cancelled 0
ℹ skipped 0
ℹ todo 0
ℹ duration_ms 361.304

✖ failing tests:

test at src/main/scanner/scannerCodeCounts.test.ts:2:4205
✖ uses a TEMP code count table in actual summary scanning and releases it (14.508084ms)
  AssertionError [ERR_ASSERTION]: Expected values to be strictly equal:
  
  false !== true
  
      at TestContext.<anonymous> (/Users/nut/Project/JavdexLabs/Javdex/src/main/scanner/scannerCodeCounts.test.ts:63:10)
      at async Test.run (node:internal/test_runner/test:1332:7)
      at async startSubtestAfterBootstrap (node:internal/test_runner/harness:385:3) {
    generatedMessage: true,
    code: 'ERR_ASSERTION',
    actual: false,
    expected: true,
    operator: 'strictEqual',
    diff: 'simple'
  }
