{"scope":{"kind":"library","libraryId":1},"search":"ABC-123456","total":1,"samples":{"release":[74.88508300000012,73.64850000000024,73.93525],"current":[74.54995800000006,73.48812499999985,74.09870899999987],"cached":[0.04741600000033941,0.02275000000008731,0.02400000000034197],"candidate":[79.05537499999991,77.9543749999998,78.80049999999983]},"medianMs":{"release":73.93525,"current":74.09870899999987,"cached":0.02400000000034197,"candidate":78.80049999999983}}
{"scope":{"kind":"library","libraryId":1},"search":"中文作品 123","total":1111,"samples":{"release":[80.48366699999997,78.91695900000013,79.81066699999974],"current":[79.38929099999996,79.29541699999982,79.28875000000016],"cached":[0.08045799999990777,0.07358299999987139,0.06208299999980227],"candidate":[86.87366699999984,85.50958300000002,85.34358299999985]},"medianMs":{"release":79.81066699999974,"current":79.29541699999982,"cached":0.07358299999987139,"candidate":85.50958300000002}}
{"scope":{"kind":"library","libraryId":1},"search":"Actor00001","total":61,"samples":{"release":[73.08762499999966,72.59712500000023,72.54858299999978],"current":[73.38991699999997,72.94012500000008,72.82633299999998],"cached":[0.08150000000023283,0.06574999999975262,0.0648750000000291],"candidate":[79.09929200000033,78.6224159999997,78.78079099999923]},"medianMs":{"release":72.59712500000023,"current":72.94012500000008,"cached":0.06574999999975262,"candidate":78.78079099999923}}
{"scope":{"kind":"library","libraryId":1},"search":"不存在","total":0,"samples":{"release":[73.72495799999979,72.62487499999952,72.32337499999994],"current":[72.22037499999988,73.27250000000004,100.54604199999994],"cached":[0.05916700000034325,0.02233299999988958,0.021333000000595348],"candidate":[79.3916250000002,79.5126250000003,110.81445799999983]},"medianMs":{"release":72.62487499999952,"current":73.27250000000004,"cached":0.02233299999988958,"candidate":79.5126250000003}}
{"scope":{"kind":"library","libraryId":1},"search":"中","total":300382,"samples":{"release":[104.86916699999983,106.0034999999998,105.59875000000011],"current":[103.70416600000044,106.07362499999999,107.04129100000046],"cached":[0.08562499999970896,0.06358300000010786,0.06787499999973079],"candidate":[338.47949999999946,337.19816700000047,337.1629590000002]},"medianMs":{"release":105.59875000000011,"current":106.07362499999999,"cached":0.06787499999973079,"candidate":337.19816700000047}}
{"scope":{"kind":"library","libraryId":1},"search":"%","total":300382,"samples":{"release":[89.99566700000014,89.95012500000121,91.00095800000054],"current":[90.86258300000009,91.82662500000151,91.31195800000023],"cached":[0.087666999999783,0.06166699999994307,0.061209000001326785],"candidate":[644.8688330000004,628.5091249999987,628.0650420000002]},"medianMs":{"release":89.99566700000014,"current":91.31195800000023,"cached":0.06166699999994307,"candidate":628.5091249999987}}
{"scope":{"kind":"library","libraryId":1},"search":"Actor","total":300382,"samples":{"release":[557.1820419999985,559.8488749999997,554.3594589999993],"current":[541.423417,542.5089580000003,562.5597500000003],"cached":[0.08533299999908195,0.06337499999790452,0.06283299999995506],"candidate":[596.0074999999997,598.5074160000004,701.767791000002]},"medianMs":{"release":557.1820419999985,"current":542.5089580000003,"cached":0.06337499999790452,"candidate":598.5074160000004}}
{"scope":{"kind":"all"},"search":"ABC-123456","total":1,"samples":{"release":[74.99429200000304,75.44266699999935,74.54191700000229],"current":[74.82504100000006,75.60625000000073,74.99937499999942],"cached":[0.08779199999844423,0.06966600000305334,0.052833000001555774],"candidate":[80.21924999999828,79.89600000000064,79.39783399999942]},"medianMs":{"release":74.99429200000304,"current":74.99937499999942,"cached":0.06966600000305334,"candidate":79.89600000000064}}
{"scope":{"kind":"all"},"search":"中文作品 123","total":1111,"samples":{"release":[78.29512500000055,80.48358300000109,79.36475000000064],"current":[83.1988330000022,79.8359580000033,79.42387500000041],"cached":[0.11533300000155577,0.07445799999914016,0.07829200000196579],"candidate":[85.46133399999962,86.63887500000055,85.85599999999977]},"medianMs":{"release":79.36475000000064,"current":79.8359580000033,"cached":0.07829200000196579,"candidate":85.85599999999977}}
{"scope":{"kind":"all"},"search":"Actor00001","total":61,"samples":{"release":[73.78583399999843,74.47075000000041,74.9285000000018],"current":[73.19050000000061,73.9163329999974,74.51845799999865],"cached":[0.1069999999999709,0.06962499999644933,0.06441700000141282],"candidate":[79.23370799999975,78.75266700000066,79.24587500000052]},"medianMs":{"release":74.47075000000041,"current":73.9163329999974,"cached":0.06962499999644933,"candidate":79.23370799999975}}
{"scope":{"kind":"all"},"search":"不存在","total":0,"samples":{"release":[73.4465420000015,74.25400000000081,73.87854199999856],"current":[72.56733399999939,133.8939169999976,73.58691700000054],"cached":[0.09541700000045239,0.03299999999944703,0.025708000001031905],"candidate":[77.40875000000233,79.11199999999735,79.2341669999987]},"medianMs":{"release":73.87854199999856,"current":73.58691700000054,"cached":0.03299999999944703,"candidate":79.11199999999735}}
{"scope":{"kind":"all"},"search":"中","total":300382,"samples":{"release":[106.26050000000032,108.0724169999994,105.50620899999922],"current":[109.39362500000061,106.80299999999988,106.47637500000201],"cached":[0.1149169999989681,0.07008300000234158,0.06679100000110338],"candidate":[338.1489589999983,340.5249169999988,336.86375000000044]},"medianMs":{"release":106.26050000000032,"current":106.80299999999988,"cached":0.07008300000234158,"candidate":338.1489589999983}}
{"scope":{"kind":"all"},"search":"%","total":300382,"samples":{"release":[92.17224999999962,91.98345799999879,92.65895799999998],"current":[91.62595800000054,93.05754199999865,92.38608300000124],"cached":[0.11170800000036252,0.06908300000213785,0.06541699999797856],"candidate":[631.9320829999997,630.6074589999989,634.5384169999998]},"medianMs":{"release":92.17224999999962,"current":92.38608300000124,"cached":0.06908300000213785,"candidate":631.9320829999997}}
{"scope":{"kind":"all"},"search":"Actor","total":300382,"samples":{"release":[558.494999999999,560.5892500000009,556.2389160000021],"current":[554.8650410000009,546.1696249999986,547.5762920000016],"cached":[0.12550000000192085,0.0729170000013255,0.07325000000128057],"candidate":[606.3396670000002,612.5323749999989,605.0453330000018]},"medianMs":{"release":558.494999999999,"current":547.5762920000016,"cached":0.07325000000128057,"candidate":606.3396670000002}}
✔ compares v0.6.2 scoped search SQL with current using the same synthetic database (32090.476ms)
ℹ tests 1
ℹ suites 0
ℹ pass 1
ℹ fail 0
ℹ cancelled 0
ℹ skipped 0
ℹ todo 0
ℹ duration_ms 32300.762125
