✖ normalizes matching actor names once per actor name rather than once per video relation (14.165459ms)
ℹ tests 1
ℹ suites 0
ℹ pass 0
ℹ fail 1
ℹ cancelled 0
ℹ skipped 0
ℹ todo 0
ℹ duration_ms 203.550709

✖ failing tests:

test at ../../../../../private/tmp/javdex-perf11-red.test.ts:2:1222
✖ normalizes matching actor names once per actor name rather than once per video relation (14.165459ms)
  AssertionError [ERR_ASSERTION]: normalization calls 2000 for one actor name, count+page
      at TestContext.<anonymous> (/private/tmp/javdex-perf11-red.test.ts:17:41)
      at Test.runInAsyncScope (node:async_hooks:227:14)
      at Test.run (node:internal/test_runner/test:1325:25)
      at Test.start (node:internal/test_runner/test:1191:17)
      at startSubtestAfterBootstrap (node:internal/test_runner/harness:385:17) {
    generatedMessage: false,
    code: 'ERR_ASSERTION',
    actual: false,
    expected: true,
    operator: '==',
    diff: 'simple'
  }
