fixture ready
query 中文作品 123
{"q":"中文作品 123","total":9,"before":[1897.4285830000003,1867.0979590000002,1873.0005],"after":[3.49804099999983,3.363332999999784,3.409375000000182]}
query Actor00001
{"q":"Actor00001","total":17,"before":[1876.4397079999999,1875.4998750000013,1874.0909580000007],"after":[3.329750000000786,3.160375000001295,3.4130420000001322]}
query %
{"q":"%","total":17,"before":[1889.8074579999993,1874.989125,1900.3919590000005],"after":[3.4260420000027807,3.2647090000027674,3.2584159999969415]}
query Actor
{"q":"Actor","total":8572,"before":[884.7002919999977,888.2910420000007,881.6218330000011],"after":[15.029333999998926,14.751333000000159,14.572125000002416]}
query 不存在
{"q":"不存在","total":0,"before":[1883.0976670000018,1890.5103750000017,1907.5338340000017],"after":[3.21362500000032,3.1628340000024764,3.306040999996185]}
✔ web preserves main-name literal search with actor precomputation (33814.732041ms)
ℹ tests 1
ℹ suites 0
ℹ pass 1
ℹ fail 0
ℹ cancelled 0
ℹ skipped 0
ℹ todo 0
ℹ duration_ms 34082.505083
